Archive member included to satisfy reference by file (symbol)

/home/jayakrishnan/Downloads/STM/makeself_dir_o70WRx/y/plugins/com.st.stm32cube.ide.mcu.externaltools.gnu-tools-for-stm32.13.3.rel1.linux64_1.0.0.202410170706/tools/bin/../lib/gcc/arm-none-eabi/13.3.1/../../../../arm-none-eabi/lib/thumb/v7-m/nofp/libc_nano.a(libc_a-exit.o)
                              /home/jayakrishnan/Downloads/STM/makeself_dir_o70WRx/y/plugins/com.st.stm32cube.ide.mcu.externaltools.gnu-tools-for-stm32.13.3.rel1.linux64_1.0.0.202410170706/tools/bin/../lib/gcc/arm-none-eabi/13.3.1/../../../../arm-none-eabi/lib/thumb/v7-m/nofp/crt0.o (exit)
/home/jayakrishnan/Downloads/STM/makeself_dir_o70WRx/y/plugins/com.st.stm32cube.ide.mcu.externaltools.gnu-tools-for-stm32.13.3.rel1.linux64_1.0.0.202410170706/tools/bin/../lib/gcc/arm-none-eabi/13.3.1/../../../../arm-none-eabi/lib/thumb/v7-m/nofp/libc_nano.a(libc_a-rand.o)
                              ./Core/Src/main.o (srand)
/home/jayakrishnan/Downloads/STM/makeself_dir_o70WRx/y/plugins/com.st.stm32cube.ide.mcu.externaltools.gnu-tools-for-stm32.13.3.rel1.linux64_1.0.0.202410170706/tools/bin/../lib/gcc/arm-none-eabi/13.3.1/../../../../arm-none-eabi/lib/thumb/v7-m/nofp/libc_nano.a(libc_a-findfp.o)
                              /home/jayakrishnan/Downloads/STM/makeself_dir_o70WRx/y/plugins/com.st.stm32cube.ide.mcu.externaltools.gnu-tools-for-stm32.13.3.rel1.linux64_1.0.0.202410170706/tools/bin/../lib/gcc/arm-none-eabi/13.3.1/../../../../arm-none-eabi/lib/thumb/v7-m/nofp/libc_nano.a(libc_a-exit.o) (__stdio_exit_handler)
/home/jayakrishnan/Downloads/STM/makeself_dir_o70WRx/y/plugins/com.st.stm32cube.ide.mcu.externaltools.gnu-tools-for-stm32.13.3.rel1.linux64_1.0.0.202410170706/tools/bin/../lib/gcc/arm-none-eabi/13.3.1/../../../../arm-none-eabi/lib/thumb/v7-m/nofp/libc_nano.a(libc_a-fwalk.o)
                              /home/jayakrishnan/Downloads/STM/makeself_dir_o70WRx/y/plugins/com.st.stm32cube.ide.mcu.externaltools.gnu-tools-for-stm32.13.3.rel1.linux64_1.0.0.202410170706/tools/bin/../lib/gcc/arm-none-eabi/13.3.1/../../../../arm-none-eabi/lib/thumb/v7-m/nofp/libc_nano.a(libc_a-findfp.o) (_fwalk_sglue)
/home/jayakrishnan/Downloads/STM/makeself_dir_o70WRx/y/plugins/com.st.stm32cube.ide.mcu.externaltools.gnu-tools-for-stm32.13.3.rel1.linux64_1.0.0.202410170706/tools/bin/../lib/gcc/arm-none-eabi/13.3.1/../../../../arm-none-eabi/lib/thumb/v7-m/nofp/libc_nano.a(libc_a-stdio.o)
                              /home/jayakrishnan/Downloads/STM/makeself_dir_o70WRx/y/plugins/com.st.stm32cube.ide.mcu.externaltools.gnu-tools-for-stm32.13.3.rel1.linux64_1.0.0.202410170706/tools/bin/../lib/gcc/arm-none-eabi/13.3.1/../../../../arm-none-eabi/lib/thumb/v7-m/nofp/libc_nano.a(libc_a-findfp.o) (__sread)
/home/jayakrishnan/Downloads/STM/makeself_dir_o70WRx/y/plugins/com.st.stm32cube.ide.mcu.externaltools.gnu-tools-for-stm32.13.3.rel1.linux64_1.0.0.202410170706/tools/bin/../lib/gcc/arm-none-eabi/13.3.1/../../../../arm-none-eabi/lib/thumb/v7-m/nofp/libc_nano.a(libc_a-memset.o)
                              /home/jayakrishnan/Downloads/STM/makeself_dir_o70WRx/y/plugins/com.st.stm32cube.ide.mcu.externaltools.gnu-tools-for-stm32.13.3.rel1.linux64_1.0.0.202410170706/tools/bin/../lib/gcc/arm-none-eabi/13.3.1/../../../../arm-none-eabi/lib/thumb/v7-m/nofp/crt0.o (memset)
/home/jayakrishnan/Downloads/STM/makeself_dir_o70WRx/y/plugins/com.st.stm32cube.ide.mcu.externaltools.gnu-tools-for-stm32.13.3.rel1.linux64_1.0.0.202410170706/tools/bin/../lib/gcc/arm-none-eabi/13.3.1/../../../../arm-none-eabi/lib/thumb/v7-m/nofp/libc_nano.a(libc_a-closer.o)
                              /home/jayakrishnan/Downloads/STM/makeself_dir_o70WRx/y/plugins/com.st.stm32cube.ide.mcu.externaltools.gnu-tools-for-stm32.13.3.rel1.linux64_1.0.0.202410170706/tools/bin/../lib/gcc/arm-none-eabi/13.3.1/../../../../arm-none-eabi/lib/thumb/v7-m/nofp/libc_nano.a(libc_a-stdio.o) (_close_r)
/home/jayakrishnan/Downloads/STM/makeself_dir_o70WRx/y/plugins/com.st.stm32cube.ide.mcu.externaltools.gnu-tools-for-stm32.13.3.rel1.linux64_1.0.0.202410170706/tools/bin/../lib/gcc/arm-none-eabi/13.3.1/../../../../arm-none-eabi/lib/thumb/v7-m/nofp/libc_nano.a(libc_a-reent.o)
                              /home/jayakrishnan/Downloads/STM/makeself_dir_o70WRx/y/plugins/com.st.stm32cube.ide.mcu.externaltools.gnu-tools-for-stm32.13.3.rel1.linux64_1.0.0.202410170706/tools/bin/../lib/gcc/arm-none-eabi/13.3.1/../../../../arm-none-eabi/lib/thumb/v7-m/nofp/libc_nano.a(libc_a-closer.o) (errno)
/home/jayakrishnan/Downloads/STM/makeself_dir_o70WRx/y/plugins/com.st.stm32cube.ide.mcu.externaltools.gnu-tools-for-stm32.13.3.rel1.linux64_1.0.0.202410170706/tools/bin/../lib/gcc/arm-none-eabi/13.3.1/../../../../arm-none-eabi/lib/thumb/v7-m/nofp/libc_nano.a(libc_a-impure.o)
[...]
Memory Configuration

Name             Origin             Length             Attributes
RAM              0x20000000         0x00005000         xrw
FLASH            0x08000000         0x00020000         xr
*default*        0x00000000         0xffffffff

Linker script and memory map

LOAD /home/jayakrishnan/Downloads/STM/makeself_dir_o70WRx/y/plugins/com.st.stm32cube.ide.mcu.externaltools.gnu-tools-for-stm32.13.3.rel1.linux64_1.0.0.202410170706/tools/bin/../lib/gcc/arm-none-eabi/13.3.1/thumb/v7-m/nofp/crti.o
LOAD /home/jayakrishnan/Downloads/STM/makeself_dir_o70WRx/y/plugins/com.st.stm32cube.ide.mcu.externaltools.gnu-tools-for-stm32.13.3.rel1.linux64_1.0.0.202410170706/tools/bin/../lib/gcc/arm-none-eabi/13.3.1/thumb/v7-m/nofp/crtbegin.o
LOAD /home/jayakrishnan/Downloads/STM/makeself_dir_o70WRx/y/plugins/com.st.stm32cube.ide.mcu.externaltools.gnu-tools-for-stm32.13.3.rel1.linux64_1.0.0.202410170706/tools/bin/../lib/gcc/arm-none-eabi/13.3.1/../../../../arm-none-eabi/lib/thumb/v7-m/nofp/crt0.o
LOAD ./Core/Src/functions.o
LOAD ./Core/Src/lis3dh.o
LOAD ./Core/Src/main.o
LOAD ./Core/Src/max7219.o
LOAD ./Core/Src/stm32f1xx_hal_msp.o
LOAD ./Core/Src/stm32f1xx_it.o
LOAD ./Core/Src/syscalls.o
LOAD ./Core/Src/sysmem.o
LOAD ./Core/Src/system_stm32f1xx.o
LOAD ./Core/Startup/startup_stm32f103cbtx.o
LOAD ./Drivers/STM32F1xx_HAL_Driver/Src/stm32f1xx_hal.o
LOAD ./Drivers/STM32F1xx_HAL_Driver/Src/stm32f1xx_hal_cortex.o
LOAD ./Drivers/STM32F1xx_HAL_Driver/Src/stm32f1xx_hal_dma.o
LOAD ./Drivers/STM32F1xx_HAL_Driver/Src/stm32f1xx_hal_exti.o
LOAD ./Drivers/STM32F1xx_HAL_Driver/Src/stm32f1xx_hal_flash.o
LOAD ./Drivers/STM32F1xx_HAL_Driver/Src/stm32f1xx_hal_flash_ex.o
LOAD ./Drivers/STM32F1xx_HAL_Driver/Src/stm32f1xx_hal_gpio.o
LOAD ./Drivers/STM32F1xx_HAL_Driver/Src/stm32f1xx_hal_gpio_ex.o
LOAD ./Drivers/STM32F1xx_HAL_Driver/Src/stm32f1xx_hal_i2c.o
LOAD ./Drivers/STM32F1xx_HAL_Driver/Src/stm32f1xx_hal_pwr.o
LOAD ./Drivers/STM32F1xx_HAL_Driver/Src/stm32f1xx_hal_rcc.o
LOAD ./Drivers/STM32F1xx_HAL_Driver/Src/stm32f1xx_hal_rcc_ex.o
LOAD ./Drivers/STM32F1xx_HAL_Driver/Src/stm32f1xx_hal_spi.o
START GROUP
LOAD /home/jayakrishnan/Downloads/STM/makeself_dir_o70WRx/y/plugins/com.st.stm32cube.ide.mcu.externaltools.gnu-tools-for-stm32.13.3.rel1.linux64_1.0.0.202410170706/tools/bin/../lib/gcc/arm-none-eabi/13.3.1/../../../../arm-none-eabi/lib/thumb/v7-m/nofp/libc_nano.a
LOAD /home/jayakrishnan/Downloads/STM/makeself_dir_o70WRx/y/plugins/com.st.stm32cube.ide.mcu.externaltools.gnu-tools-for-stm32.13.3.rel1.linux64_1.0.0.202410170706/tools/bin/../lib/gcc/arm-none-eabi/13.3.1/../../../../arm-none-eabi/lib/thumb/v7-m/nofp/libm.a
END GROUP
START GROUP
LOAD /home/jayakrishnan/Downloads/STM/makeself_dir_o70WRx/y/plugins/com.st.stm32cube.ide.mcu.externaltools.gnu-tools-for-stm32.13.3.rel1.linux64_1.0.0.202410170706/tools/bin/../lib/gcc/arm-none-eabi/13.3.1/thumb/v7-m/nofp/libgcc.a
LOAD /home/jayakrishnan/Downloads/STM/makeself_dir_o70WRx/y/plugins/com.st.stm32cube.ide.mcu.externaltools.gnu-tools-for-stm32.13.3.rel1.linux64_1.0.0.202410170706/tools/bin/../lib/gcc/arm-none-eabi/13.3.1/../../../../arm-none-eabi/lib/thumb/v7-m/nofp/libc_nano.a
END GROUP
START GROUP
LOAD /home/jayakrishnan/Downloads/STM/makeself_dir_o70WRx/y/plugins/com.st.stm32cube.ide.mcu.externaltools.gnu-tools-for-stm32.13.3.rel1.linux64_1.0.0.202410170706/tools/bin/../lib/gcc/arm-none-eabi/13.3.1/thumb/v7-m/nofp/libgcc.a
LOAD /home/jayakrishnan/Downloads/STM/makeself_dir_o70WRx/y/plugins/com.st.stm32cube.ide.mcu.externaltools.gnu-tools-for-stm32.13.3.rel1.linux64_1.0.0.202410170706/tools/bin/../lib/gcc/arm-none-eabi/13.3.1/../../../../arm-none-eabi/lib/thumb/v7-m/nofp/libc_nano.a
LOAD /home/jayakrishnan/Downloads/STM/makeself_dir_o70WRx/y/plugins/com.st.stm32cube.ide.mcu.externaltools.gnu-tools-for-stm32.13.3.rel1.linux64_1.0.0.202410170706/tools/bin/../lib/gcc/arm-none-eabi/13.3.1/../../../../arm-none-eabi/lib/thumb/v7-m/nofp/libnosys.a
END GROUP
START GROUP
LOAD /home/jayakrishnan/Downloads/STM/makeself_dir_o70WRx/y/plugins/com.st.stm32cube.ide.mcu.externaltools.gnu-tools-for-stm32.13.3.rel1.linux64_1.0.0.202410170706/tools/bin/../lib/gcc/arm-none-eabi/13.3.1/thumb/v7-m/nofp/libgcc.a
LOAD /home/jayakrishnan/Downloads/STM/makeself_dir_o70WRx/y/plugins/com.st.stm32cube.ide.mcu.externaltools.gnu-tools-for-stm32.13.3.rel1.linux64_1.0.0.202410170706/tools/bin/../lib/gcc/arm-none-eabi/13.3.1/../../../../arm-none-eabi/lib/thumb/v7-m/nofp/libc_nano.a
LOAD /home/jayakrishnan/Downloads/STM/makeself_dir_o70WRx/y/plugins/com.st.stm32cube.ide.mcu.externaltools.gnu-tools-for-stm32.13.3.rel1.linux64_1.0.0.202410170706/tools/bin/../lib/gcc/arm-none-eabi/13.3.1/../../../../arm-none-eabi/lib/thumb/v7-m/nofp/libnosys.a
END GROUP
LOAD /home/jayakrishnan/Downloads/STM/makeself_dir_o70WRx/y/plugins/com.st.stm32cube.ide.mcu.externaltools.gnu-tools-for-stm32.13.3.rel1.linux64_1.0.0.202410170706/tools/bin/../lib/gcc/arm-none-eabi/13.3.1/thumb/v7-m/nofp/crtend.o
LOAD /home/jayakrishnan/Downloads/STM/makeself_dir_o70WRx/y/plugins/com.st.stm32cube.ide.mcu.externaltools.gnu-tools-for-stm32.13.3.rel1.linux64_1.0.0.202410170706/tools/bin/../lib/gcc/arm-none-eabi/13.3.1/thumb/v7-m/nofp/crtn.o
                0x20005000                        _estack = (ORIGIN (RAM) + LENGTH (RAM))
                0x00000200                        _Min_Heap_Size = 0x200
                0x00000400                        _Min_Stack_Size = 0x400

.isr_vector     0x08000000      0x10c
                0x08000000                        . = ALIGN (0x4)
 *(.isr_vector)
 .isr_vector    0x08000000      0x10c ./Core/Startup/startup_stm32f103cbtx.o
                0x08000000                g_pfnVectors
                0x0800010c                        . = ALIGN (0x4)

.text           0x0800010c     0x6580
                0x0800010c                        . = ALIGN (0x4)
 *(.text)
 .text          0x0800010c       0x40 /home/jayakrishnan/Downloads/STM/makeself_dir_o70WRx/y/plugins/com.st.stm32cube.ide.mcu.externaltools.gnu-tools-for-stm32.13.3.rel1.linux64_1.0.0.202410170706/tools/bin/../lib/gcc/arm-none-eabi/13.3.1/thumb/v7-m/nofp/crtbegin.o
 *(.text*)
 .text.getDownDirection
                0x0800014c       0x84 ./Core/Src/functions.o
 .text.getLeftDirection
                0x080001d0       0x84 ./Core/Src/functions.o
 .text.getRightDirection
                0x08000254       0x84 ./Core/Src/functions.o
 .text.coordValid
                0x080002d8       0x26 ./Core/Src/functions.o
 *fill*         0x080002fe        0x2 
 .text.canGoDown
                0x08000300       0x58 ./Core/Src/functions.o
 .text.canGoDownLeft
                0x08000358       0x78 ./Core/Src/functions.o
 .text.canGoDownRight
                0x080003d0       0x78 ./Core/Src/functions.o
 .text.goDown   0x08000448       0x50 ./Core/Src/functions.o
 .text.goDownLeft
                0x08000498       0x60 ./Core/Src/functions.o
 .text.goDownRight
                0x080004f8       0x60 ./Core/Src/functions.o
 .text.moveParticle
                0x08000558       0xdc ./Core/Src/functions.o
                0x08000558                moveParticle
 .text.updateMatrix
                0x08000634       0xe8 ./Core/Src/functions.o
                0x08000634                updateMatrix
 .text.millis   0x0800071c        0xe ./Core/Src/functions.o
                0x0800071c                millis
 *fill*         0x0800072a        0x2 
 .text.getDelayDrop
                0x0800072c       0x2c ./Core/Src/functions.o
                0x0800072c                getDelayDrop
 .text.getTopMatrix
                0x08000758       0x2c ./Core/Src/functions.o
                0x08000758                getTopMatrix
 .text.getBottomMatrix
                0x08000784       0x18 ./Core/Src/functions.o
                0x08000784                getBottomMatrix
 .text.fill     0x0800079c       0xc8 ./Core/Src/functions.o
                0x0800079c                fill
 .text.countParticles
                0x08000864       0x58 ./Core/Src/functions.o
                0x08000864                countParticles
 .text.resetTime
                0x080008bc       0x58 ./Core/Src/functions.o
                0x080008bc                resetTime
 .text.getNeckTop
                0x08000914       0x68 ./Core/Src/functions.o
 .text.getNeckBottom
                0x0800097c       0x68 ./Core/Src/functions.o
 .text.dropParticle
                0x080009e4       0xdc ./Core/Src/functions.o
                0x080009e4                dropParticle
 .text.alarm    0x08000ac0       0x48 ./Core/Src/functions.o
                0x08000ac0                alarm
 .text.LIS3DH_WriteReg
                0x08000b08       0x34 ./Core/Src/lis3dh.o
 .text.LIS3DH_ReadReg
                0x08000b3c       0x38 ./Core/Src/lis3dh.o
 .text.LIS3DH_Init
                0x08000b74       0x5a ./Core/Src/lis3dh.o
                0x08000b74                LIS3DH_Init
 .text.LIS3DH_ReadRaw
                0x08000bce       0x74 ./Core/Src/lis3dh.o
                0x08000bce                LIS3DH_ReadRaw
 .text.LIS3DH_GetGravityDirection
                0x08000c42       0xb8 ./Core/Src/lis3dh.o
                0x08000c42                LIS3DH_GetGravityDirection
 *fill*         0x08000cfa        0x2 
 .text.blink    0x08000cfc       0x38 ./Core/Src/main.o
                0x08000cfc                blink
 .text.main     0x08000d34      0x134 ./Core/Src/main.o
                0x08000d34                main
 .text.SystemClock_Config
                0x08000e68       0x8a ./Core/Src/main.o
                0x08000e68                SystemClock_Config
 *fill*         0x08000ef2        0x2 
 .text.MX_I2C1_Init
                0x08000ef4       0x5c ./Core/Src/main.o
 .text.MX_SPI1_Init
                0x08000f50       0x6c ./Core/Src/main.o
 .text.MX_GPIO_Init
                0x08000fbc       0xd8 ./Core/Src/main.o
 .text.Error_Handler
                0x08001094        0xc ./Core/Src/main.o
                0x08001094                Error_Handler
 .text.MAX7219_Write
                0x080010a0       0x5a ./Core/Src/max7219.o
 .text.MAX7219_Init
                0x080010fa       0xbe ./Core/Src/max7219.o
                0x080010fa                MAX7219_Init
 .text.MAX7219_SetRotation
                0x080011b8       0x38 ./Core/Src/max7219.o
                0x080011b8                MAX7219_SetRotation
 .text.transform_coord
                0x080011f0       0xa8 ./Core/Src/max7219.o
 .text.MAX7219_SetXY
                0x08001298       0x40 ./Core/Src/max7219.o
                0x08001298                MAX7219_SetXY
 .text.MAX7219_GetXY
                0x080012d8       0x3c ./Core/Src/max7219.o
                0x080012d8                MAX7219_GetXY
 .text.MAX7219_SetRawXY
                0x08001314       0xae ./Core/Src/max7219.o
                0x08001314                MAX7219_SetRawXY
 .text.MAX7219_GetRawXY
                0x080013c2       0x70 ./Core/Src/max7219.o
                0x080013c2                MAX7219_GetRawXY
 .text.MAX7219_ClearDisplay
                0x08001432       0x52 ./Core/Src/max7219.o
                0x08001432                MAX7219_ClearDisplay
 .text.MAX7219_SetIntensity
                0x08001484       0x36 ./Core/Src/max7219.o
                0x08001484                MAX7219_SetIntensity
 .text.MAX7219_Shutdown
                0x080014ba       0x3a ./Core/Src/max7219.o
                0x080014ba                MAX7219_Shutdown
 .text.MAX7219_Test_BlinkAll
                0x080014f4       0xa0 ./Core/Src/max7219.o
                0x080014f4                MAX7219_Test_BlinkAll
 .text.HAL_MspInit
                0x08001594       0x64 ./Core/Src/stm32f1xx_hal_msp.o
                0x08001594                HAL_MspInit
 .text.HAL_I2C_MspInit
                0x080015f8       0x8c ./Core/Src/stm32f1xx_hal_msp.o
                0x080015f8                HAL_I2C_MspInit
 .text.HAL_SPI_MspInit
                0x08001684       0x7c ./Core/Src/stm32f1xx_hal_msp.o
                0x08001684                HAL_SPI_MspInit
 .text.HardFault_Handler
                0x08001700        0x8 ./Core/Src/stm32f1xx_it.o
                0x08001700                HardFault_Handler
 .text.MemManage_Handler
                0x08001708        0x8 ./Core/Src/stm32f1xx_it.o
                0x08001708                MemManage_Handler
 .text.BusFault_Handler
                0x08001710        0x8 ./Core/Src/stm32f1xx_it.o
                0x08001710                BusFault_Handler
 .text.UsageFault_Handler
                0x08001718        0x8 ./Core/Src/stm32f1xx_it.o
                0x08001718                UsageFault_Handler
 .text.SVC_Handler
                0x08001720        0xc ./Core/Src/stm32f1xx_it.o
                0x08001720                SVC_Handler
 .text.DebugMon_Handler
                0x0800172c        0xc ./Core/Src/stm32f1xx_it.o
                0x0800172c                DebugMon_Handler
 .text.PendSV_Handler
                0x08001738        0xc ./Core/Src/stm32f1xx_it.o
                0x08001738                PendSV_Handler
 .text.SysTick_Handler
                0x08001744        0xc ./Core/Src/stm32f1xx_it.o
                0x08001744                SysTick_Handler
 .text.I2C1_EV_IRQHandler
                0x08001750       0x14 ./Core/Src/stm32f1xx_it.o
                0x08001750                I2C1_EV_IRQHandler
 .text._getpid  0x08001764        0xe ./Core/Src/syscalls.o
                0x08001764                _getpid
 .text._kill    0x08001772       0x20 ./Core/Src/syscalls.o
                0x08001772                _kill
 .text._exit    0x08001792       0x16 ./Core/Src/syscalls.o
                0x08001792                _exit
 .text._read    0x080017a8       0x3a ./Core/Src/syscalls.o
                0x080017a8                _read
 .text._write   0x080017e2       0x38 ./Core/Src/syscalls.o
                0x080017e2                _write
 .text._close   0x0800181a       0x16 ./Core/Src/syscalls.o
                0x0800181a                _close
 .text._fstat   0x08001830       0x1e ./Core/Src/syscalls.o
                0x08001830                _fstat
 .text._isatty  0x0800184e       0x14 ./Core/Src/syscalls.o
                0x0800184e                _isatty
 .text._lseek   0x08001862       0x18 ./Core/Src/syscalls.o
                0x08001862                _lseek
 *fill*         0x0800187a        0x2 
 .text._sbrk    0x0800187c       0x6c ./Core/Src/sysmem.o
                0x0800187c                _sbrk
 .text.SystemInit
                0x080018e8        0xc ./Core/Src/system_stm32f1xx.o
                0x080018e8                SystemInit
 .text.Reset_Handler
                0x080018f4       0x48 ./Core/Startup/startup_stm32f103cbtx.o
                0x080018f4                Reset_Handler
 .text.Default_Handler
                0x0800193c        0x2 ./Core/Startup/startup_stm32f103cbtx.o
                0x0800193c                RTC_Alarm_IRQHandler
                0x0800193c                EXTI2_IRQHandler
                0x0800193c                TIM1_CC_IRQHandler
                0x0800193c                PVD_IRQHandler
                0x0800193c                NMI_Handler
                0x0800193c                EXTI3_IRQHandler
                0x0800193c                EXTI0_IRQHandler
                0x0800193c                I2C2_EV_IRQHandler
                0x0800193c                ADC1_2_IRQHandler
                0x0800193c                SPI1_IRQHandler
                0x0800193c                TAMPER_IRQHandler
                0x0800193c                DMA1_Channel4_IRQHandler
                0x0800193c                USART3_IRQHandler
                0x0800193c                RTC_IRQHandler
                0x0800193c                DMA1_Channel7_IRQHandler
                0x0800193c                CAN1_RX1_IRQHandler
                0x0800193c                TIM4_IRQHandler
                0x0800193c                DMA1_Channel6_IRQHandler
                0x0800193c                TIM3_IRQHandler
                0x0800193c                RCC_IRQHandler
                0x0800193c                TIM1_TRG_COM_IRQHandler
                0x0800193c                DMA1_Channel1_IRQHandler
                0x0800193c                Default_Handler
                0x0800193c                EXTI15_10_IRQHandler
                0x0800193c                EXTI9_5_IRQHandler
                0x0800193c                SPI2_IRQHandler
                0x0800193c                DMA1_Channel5_IRQHandler
                0x0800193c                EXTI4_IRQHandler
                0x0800193c                USB_LP_CAN1_RX0_IRQHandler
                0x0800193c                USB_HP_CAN1_TX_IRQHandler
                0x0800193c                DMA1_Channel3_IRQHandler
                0x0800193c                TIM1_UP_IRQHandler
                0x0800193c                WWDG_IRQHandler
                0x0800193c                TIM2_IRQHandler
                0x0800193c                TIM1_BRK_IRQHandler
                0x0800193c                EXTI1_IRQHandler
                0x0800193c                USART2_IRQHandler
                0x0800193c                I2C2_ER_IRQHandler
                0x0800193c                DMA1_Channel2_IRQHandler
                0x0800193c                CAN1_SCE_IRQHandler
                0x0800193c                FLASH_IRQHandler
                0x0800193c                USART1_IRQHandler
                0x0800193c                I2C1_ER_IRQHandler
                0x0800193c                USBWakeUp_IRQHandler
 *fill*         0x0800193e        0x2 
 .text.HAL_Init
                0x08001940       0x2c ./Drivers/STM32F1xx_HAL_Driver/Src/stm32f1xx_hal.o
                0x08001940                HAL_Init
 .text.HAL_InitTick
                0x0800196c       0x60 ./Drivers/STM32F1xx_HAL_Driver/Src/stm32f1xx_hal.o
                0x0800196c                HAL_InitTick
 .text.HAL_IncTick
                0x080019cc       0x24 ./Drivers/STM32F1xx_HAL_Driver/Src/stm32f1xx_hal.o
                0x080019cc                HAL_IncTick
 .text.HAL_GetTick
                0x080019f0       0x14 ./Drivers/STM32F1xx_HAL_Driver/Src/stm32f1xx_hal.o
                0x080019f0                HAL_GetTick
 .text.HAL_Delay
                0x08001a04       0x48 ./Drivers/STM32F1xx_HAL_Driver/Src/stm32f1xx_hal.o
                0x08001a04                HAL_Delay
 .text.__NVIC_SetPriorityGrouping
                0x08001a4c       0x48 ./Drivers/STM32F1xx_HAL_Driver/Src/stm32f1xx_hal_cortex.o
 .text.__NVIC_GetPriorityGrouping
                0x08001a94       0x1c ./Drivers/STM32F1xx_HAL_Driver/Src/stm32f1xx_hal_cortex.o
 .text.__NVIC_EnableIRQ
                0x08001ab0       0x38 ./Drivers/STM32F1xx_HAL_Driver/Src/stm32f1xx_hal_cortex.o
 .text.__NVIC_SetPriority
                0x08001ae8       0x54 ./Drivers/STM32F1xx_HAL_Driver/Src/stm32f1xx_hal_cortex.o
 .text.NVIC_EncodePriority
                0x08001b3c       0x64 ./Drivers/STM32F1xx_HAL_Driver/Src/stm32f1xx_hal_cortex.o
 .text.SysTick_Config
                0x08001ba0       0x44 ./Drivers/STM32F1xx_HAL_Driver/Src/stm32f1xx_hal_cortex.o
 .text.HAL_NVIC_SetPriorityGrouping
                0x08001be4       0x16 ./Drivers/STM32F1xx_HAL_Driver/Src/stm32f1xx_hal_cortex.o
                0x08001be4                HAL_NVIC_SetPriorityGrouping
 .text.HAL_NVIC_SetPriority
                0x08001bfa       0x38 ./Drivers/STM32F1xx_HAL_Driver/Src/stm32f1xx_hal_cortex.o
                0x08001bfa                HAL_NVIC_SetPriority
 .text.HAL_NVIC_EnableIRQ
                0x08001c32       0x1c ./Drivers/STM32F1xx_HAL_Driver/Src/stm32f1xx_hal_cortex.o
                0x08001c32                HAL_NVIC_EnableIRQ
 .text.HAL_SYSTICK_Config
                0x08001c4e       0x18 ./Drivers/STM32F1xx_HAL_Driver/Src/stm32f1xx_hal_cortex.o
                0x08001c4e                HAL_SYSTICK_Config
 *fill*         0x08001c66        0x2 
 .text.HAL_DMA_Abort_IT
                0x08001c68       0xf0 ./Drivers/STM32F1xx_HAL_Driver/Src/stm32f1xx_hal_dma.o
                0x08001c68                HAL_DMA_Abort_IT
 .text.HAL_DMA_GetState
                0x08001d58       0x1a ./Drivers/STM32F1xx_HAL_Driver/Src/stm32f1xx_hal_dma.o
                0x08001d58                HAL_DMA_GetState
 *fill*         0x08001d72        0x2 
 .text.HAL_GPIO_Init
                0x08001d74      0x308 ./Drivers/STM32F1xx_HAL_Driver/Src/stm32f1xx_hal_gpio.o
                0x08001d74                HAL_GPIO_Init
 .text.HAL_GPIO_WritePin
                0x0800207c       0x30 ./Drivers/STM32F1xx_HAL_Driver/Src/stm32f1xx_hal_gpio.o
                0x0800207c                HAL_GPIO_WritePin
 .text.HAL_I2C_Init
                0x080020ac      0x288 ./Drivers/STM32F1xx_HAL_Driver/Src/stm32f1xx_hal_i2c.o
                0x080020ac                HAL_I2C_Init
 .text.I2C_Flush_DR
                0x08002334       0x28 ./Drivers/STM32F1xx_HAL_Driver/Src/stm32f1xx_hal_i2c.o
 .text.HAL_I2C_Mem_Write
                0x0800235c      0x1f4 ./Drivers/STM32F1xx_HAL_Driver/Src/stm32f1xx_hal_i2c.o
                0x0800235c                HAL_I2C_Mem_Write
 .text.HAL_I2C_Mem_Read
                0x08002550      0x4e8 ./Drivers/STM32F1xx_HAL_Driver/Src/stm32f1xx_hal_i2c.o
                0x08002550                HAL_I2C_Mem_Read
 .text.HAL_I2C_EV_IRQHandler
                0x08002a38      0x2e2 ./Drivers/STM32F1xx_HAL_Driver/Src/stm32f1xx_hal_i2c.o
                0x08002a38                HAL_I2C_EV_IRQHandler
 .text.HAL_I2C_MasterTxCpltCallback
                0x08002d1a       0x12 ./Drivers/STM32F1xx_HAL_Driver/Src/stm32f1xx_hal_i2c.o
                0x08002d1a                HAL_I2C_MasterTxCpltCallback
 .text.HAL_I2C_MasterRxCpltCallback
                0x08002d2c       0x12 ./Drivers/STM32F1xx_HAL_Driver/Src/stm32f1xx_hal_i2c.o
                0x08002d2c                HAL_I2C_MasterRxCpltCallback
 .text.HAL_I2C_SlaveTxCpltCallback
                0x08002d3e       0x12 ./Drivers/STM32F1xx_HAL_Driver/Src/stm32f1xx_hal_i2c.o
                0x08002d3e                HAL_I2C_SlaveTxCpltCallback
 .text.HAL_I2C_SlaveRxCpltCallback
                0x08002d50       0x12 ./Drivers/STM32F1xx_HAL_Driver/Src/stm32f1xx_hal_i2c.o
                0x08002d50                HAL_I2C_SlaveRxCpltCallback
 .text.HAL_I2C_AddrCallback
                0x08002d62       0x1a ./Drivers/STM32F1xx_HAL_Driver/Src/stm32f1xx_hal_i2c.o
                0x08002d62                HAL_I2C_AddrCallback
 .text.HAL_I2C_ListenCpltCallback
                0x08002d7c       0x12 ./Drivers/STM32F1xx_HAL_Driver/Src/stm32f1xx_hal_i2c.o
                0x08002d7c                HAL_I2C_ListenCpltCallback
 .text.HAL_I2C_MemTxCpltCallback
                0x08002d8e       0x12 ./Drivers/STM32F1xx_HAL_Driver/Src/stm32f1xx_hal_i2c.o
                0x08002d8e                HAL_I2C_MemTxCpltCallback
 .text.HAL_I2C_MemRxCpltCallback
                0x08002da0       0x12 ./Drivers/STM32F1xx_HAL_Driver/Src/stm32f1xx_hal_i2c.o
                0x08002da0                HAL_I2C_MemRxCpltCallback
 .text.HAL_I2C_ErrorCallback
                0x08002db2       0x12 ./Drivers/STM32F1xx_HAL_Driver/Src/stm32f1xx_hal_i2c.o
                0x08002db2                HAL_I2C_ErrorCallback
 .text.HAL_I2C_AbortCpltCallback
                0x08002dc4       0x12 ./Drivers/STM32F1xx_HAL_Driver/Src/stm32f1xx_hal_i2c.o
                0x08002dc4                HAL_I2C_AbortCpltCallback
 .text.I2C_MasterTransmit_TXE
                0x08002dd6      0x138 ./Drivers/STM32F1xx_HAL_Driver/Src/stm32f1xx_hal_i2c.o
 .text.I2C_MasterTransmit_BTF
                0x08002f0e       0xec ./Drivers/STM32F1xx_HAL_Driver/Src/stm32f1xx_hal_i2c.o
 .text.I2C_MemoryTransmit_TXE_BTF
                0x08002ffa      0x130 ./Drivers/STM32F1xx_HAL_Driver/Src/stm32f1xx_hal_i2c.o
 .text.I2C_MasterReceive_RXNE
                0x0800312a      0x190 ./Drivers/STM32F1xx_HAL_Driver/Src/stm32f1xx_hal_i2c.o
 .text.I2C_MasterReceive_BTF
                0x080032ba      0x1e2 ./Drivers/STM32F1xx_HAL_Driver/Src/stm32f1xx_hal_i2c.o
 .text.I2C_Master_SB
                0x0800349c      0x10a ./Drivers/STM32F1xx_HAL_Driver/Src/stm32f1xx_hal_i2c.o
 .text.I2C_Master_ADD10
                0x080035a6       0x52 ./Drivers/STM32F1xx_HAL_Driver/Src/stm32f1xx_hal_i2c.o
 .text.I2C_Master_ADDR
                0x080035f8      0x336 ./Drivers/STM32F1xx_HAL_Driver/Src/stm32f1xx_hal_i2c.o
 .text.I2C_SlaveTransmit_TXE
                0x0800392e       0x7a ./Drivers/STM32F1xx_HAL_Driver/Src/stm32f1xx_hal_i2c.o
 .text.I2C_SlaveTransmit_BTF
                0x080039a8       0x40 ./Drivers/STM32F1xx_HAL_Driver/Src/stm32f1xx_hal_i2c.o
 .text.I2C_SlaveReceive_RXNE
                0x080039e8       0x7c ./Drivers/STM32F1xx_HAL_Driver/Src/stm32f1xx_hal_i2c.o
 .text.I2C_SlaveReceive_BTF
                0x08003a64       0x42 ./Drivers/STM32F1xx_HAL_Driver/Src/stm32f1xx_hal_i2c.o
 .text.I2C_Slave_ADDR
                0x08003aa6       0x94 ./Drivers/STM32F1xx_HAL_Driver/Src/stm32f1xx_hal_i2c.o
 *fill*         0x08003b3a        0x2 
 .text.I2C_Slave_STOPF
                0x08003b3c      0x260 ./Drivers/STM32F1xx_HAL_Driver/Src/stm32f1xx_hal_i2c.o
 .text.I2C_ITError
                0x08003d9c      0x264 ./Drivers/STM32F1xx_HAL_Driver/Src/stm32f1xx_hal_i2c.o
 .text.I2C_RequestMemoryWrite
                0x08004000      0x12c ./Drivers/STM32F1xx_HAL_Driver/Src/stm32f1xx_hal_i2c.o
 .text.I2C_RequestMemoryRead
                0x0800412c      0x1d0 ./Drivers/STM32F1xx_HAL_Driver/Src/stm32f1xx_hal_i2c.o
 .text.I2C_DMAAbort
                0x080042fc      0x150 ./Drivers/STM32F1xx_HAL_Driver/Src/stm32f1xx_hal_i2c.o
 .text.I2C_WaitOnFlagUntilTimeout
                0x0800444c       0xf4 ./Drivers/STM32F1xx_HAL_Driver/Src/stm32f1xx_hal_i2c.o
 .text.I2C_WaitOnMasterAddressFlagUntilTimeout
                0x08004540      0x140 ./Drivers/STM32F1xx_HAL_Driver/Src/stm32f1xx_hal_i2c.o
 .text.I2C_WaitOnTXEFlagUntilTimeout
                0x08004680       0x90 ./Drivers/STM32F1xx_HAL_Driver/Src/stm32f1xx_hal_i2c.o
 .text.I2C_WaitOnBTFFlagUntilTimeout
                0x08004710       0x90 ./Drivers/STM32F1xx_HAL_Driver/Src/stm32f1xx_hal_i2c.o
 .text.I2C_WaitOnSTOPRequestThroughIT
                0x080047a0       0x64 ./Drivers/STM32F1xx_HAL_Driver/Src/stm32f1xx_hal_i2c.o
 .text.I2C_WaitOnRXNEFlagUntilTimeout
                0x08004804       0xba ./Drivers/STM32F1xx_HAL_Driver/Src/stm32f1xx_hal_i2c.o
 .text.I2C_IsAcknowledgeFailed
                0x080048be       0x5c ./Drivers/STM32F1xx_HAL_Driver/Src/stm32f1xx_hal_i2c.o
 .text.I2C_ConvertOtherXferOptions
                0x0800491a       0x34 ./Drivers/STM32F1xx_HAL_Driver/Src/stm32f1xx_hal_i2c.o
 *fill*         0x0800494e        0x2 
 .text.HAL_RCC_OscConfig
                0x08004950      0x504 ./Drivers/STM32F1xx_HAL_Driver/Src/stm32f1xx_hal_rcc.o
                0x08004950                HAL_RCC_OscConfig
 .text.HAL_RCC_ClockConfig
                0x08004e54      0x1d4 ./Drivers/STM32F1xx_HAL_Driver/Src/stm32f1xx_hal_rcc.o
                0x08004e54                HAL_RCC_ClockConfig
 .text.HAL_RCC_GetSysClockFreq
                0x08005028       0xa8 ./Drivers/STM32F1xx_HAL_Driver/Src/stm32f1xx_hal_rcc.o
                0x08005028                HAL_RCC_GetSysClockFreq
 .text.HAL_RCC_GetHCLKFreq
                0x080050d0       0x14 ./Drivers/STM32F1xx_HAL_Driver/Src/stm32f1xx_hal_rcc.o
                0x080050d0                HAL_RCC_GetHCLKFreq
 .text.HAL_RCC_GetPCLK1Freq
                0x080050e4       0x28 ./Drivers/STM32F1xx_HAL_Driver/Src/stm32f1xx_hal_rcc.o
                0x080050e4                HAL_RCC_GetPCLK1Freq
 .text.RCC_Delay
                0x0800510c       0x3c ./Drivers/STM32F1xx_HAL_Driver/Src/stm32f1xx_hal_rcc.o
 .text.HAL_SPI_Init
                0x08005148      0x108 ./Drivers/STM32F1xx_HAL_Driver/Src/stm32f1xx_hal_spi.o
                0x08005148                HAL_SPI_Init
 .text.HAL_SPI_Transmit
                0x08005250      0x288 ./Drivers/STM32F1xx_HAL_Driver/Src/stm32f1xx_hal_spi.o
                0x08005250                HAL_SPI_Transmit
 .text.SPI_WaitFlagStateUntilTimeout
                0x080054d8      0x110 ./Drivers/STM32F1xx_HAL_Driver/Src/stm32f1xx_hal_spi.o
 .text.SPI_EndRxTxTransaction
                0x080055e8       0x62 ./Drivers/STM32F1xx_HAL_Driver/Src/stm32f1xx_hal_spi.o
 *fill*         0x0800564a        0x2 
 .text.srand    0x0800564c       0x5c /home/jayakrishnan/Downloads/STM/makeself_dir_o70WRx/y/plugins/com.st.stm32cube.ide.mcu.externaltools.gnu-tools-for-stm32.13.3.rel1.linux64_1.0.0.202410170706/tools/bin/../lib/gcc/arm-none-eabi/13.3.1/../../../../arm-none-eabi/lib/thumb/v7-m/nofp/libc_nano.a(libc_a-rand.o)
                0x0800564c                srand
 .text.rand     0x080056a8       0x7c /home/jayakrishnan/Downloads/STM/makeself_dir_o70WRx/y/plugins/com.st.stm32cube.ide.mcu.externaltools.gnu-tools-for-stm32.13.3.rel1.linux64_1.0.0.202410170706/tools/bin/../lib/gcc/arm-none-eabi/13.3.1/../../../../arm-none-eabi/lib/thumb/v7-m/nofp/libc_nano.a(libc_a-rand.o)
                0x080056a8                rand
 .text.std      0x08005724       0x6c /home/jayakrishnan/Downloads/STM/makeself_dir_o70WRx/y/plugins/com.st.stm32cube.ide.mcu.externaltools.gnu-tools-for-stm32.13.3.rel1.linux64_1.0.0.202410170706/tools/bin/../lib/gcc/arm-none-eabi/13.3.1/../../../../arm-none-eabi/lib/thumb/v7-m/nofp/libc_nano.a(libc_a-findfp.o)
 .text.stdio_exit_handler
                0x08005790       0x18 /home/jayakrishnan/Downloads/STM/makeself_dir_o70WRx/y/plugins/com.st.stm32cube.ide.mcu.externaltools.gnu-tools-for-stm32.13.3.rel1.linux64_1.0.0.202410170706/tools/bin/../lib/gcc/arm-none-eabi/13.3.1/../../../../arm-none-eabi/lib/thumb/v7-m/nofp/libc_nano.a(libc_a-findfp.o)
 .text.cleanup_stdio
                0x080057a8       0x40 /home/jayakrishnan/Downloads/STM/makeself_dir_o70WRx/y/plugins/com.st.stm32cube.ide.mcu.externaltools.gnu-tools-for-stm32.13.3.rel1.linux64_1.0.0.202410170706/tools/bin/../lib/gcc/arm-none-eabi/13.3.1/../../../../arm-none-eabi/lib/thumb/v7-m/nofp/libc_nano.a(libc_a-findfp.o)
 .text.global_stdio_init.part.0
                0x080057e8       0x3c /home/jayakrishnan/Downloads/STM/makeself_dir_o70WRx/y/plugins/com.st.stm32cube.ide.mcu.externaltools.gnu-tools-for-stm32.13.3.rel1.linux64_1.0.0.202410170706/tools/bin/../lib/gcc/arm-none-eabi/13.3.1/../../../../arm-none-eabi/lib/thumb/v7-m/nofp/libc_nano.a(libc_a-findfp.o)
 .text.__sfp_lock_acquire
                0x08005824        0xc /home/jayakrishnan/Downloads/STM/makeself_dir_o70WRx/y/plugins/com.st.stm32cube.ide.mcu.externaltools.gnu-tools-for-stm32.13.3.rel1.linux64_1.0.0.202410170706/tools/bin/../lib/gcc/arm-none-eabi/13.3.1/../../../../arm-none-eabi/lib/thumb/v7-m/nofp/libc_nano.a(libc_a-findfp.o)
                0x08005824                __sfp_lock_acquire
 .text.__sfp_lock_release
                0x08005830        0xc /home/jayakrishnan/Downloads/STM/makeself_dir_o70WRx/y/plugins/com.st.stm32cube.ide.mcu.externaltools.gnu-tools-for-stm32.13.3.rel1.linux64_1.0.0.202410170706/tools/bin/../lib/gcc/arm-none-eabi/13.3.1/../../../../arm-none-eabi/lib/thumb/v7-m/nofp/libc_nano.a(libc_a-findfp.o)
                0x08005830                __sfp_lock_release
 .text.__sinit  0x0800583c       0x30 /home/jayakrishnan/Downloads/STM/makeself_dir_o70WRx/y/plugins/com.st.stm32cube.ide.mcu.externaltools.gnu-tools-for-stm32.13.3.rel1.linux64_1.0.0.202410170706/tools/bin/../lib/gcc/arm-none-eabi/13.3.1/../../../../arm-none-eabi/lib/thumb/v7-m/nofp/libc_nano.a(libc_a-findfp.o)
                0x0800583c                __sinit
 .text._fwalk_sglue
                0x0800586c       0x3c /home/jayakrishnan/Downloads/STM/makeself_dir_o70WRx/y/plugins/com.st.stm32cube.ide.mcu.externaltools.gnu-tools-for-stm32.13.3.rel1.linux64_1.0.0.202410170706/tools/bin/../lib/gcc/arm-none-eabi/13.3.1/../../../../arm-none-eabi/lib/thumb/v7-m/nofp/libc_nano.a(libc_a-fwalk.o)
                0x0800586c                _fwalk_sglue
 .text.__sread  0x080058a8       0x22 /home/jayakrishnan/Downloads/STM/makeself_dir_o70WRx/y/plugins/com.st.stm32cube.ide.mcu.externaltools.gnu-tools-for-stm32.13.3.rel1.linux64_1.0.0.202410170706/tools/bin/../lib/gcc/arm-none-eabi/13.3.1/../../../../arm-none-eabi/lib/thumb/v7-m/nofp/libc_nano.a(libc_a-stdio.o)
                0x080058a8                __sread
 .text.__swrite
                0x080058ca       0x38 /home/jayakrishnan/Downloads/STM/makeself_dir_o70WRx/y/plugins/com.st.stm32cube.ide.mcu.externaltools.gnu-tools-for-stm32.13.3.rel1.linux64_1.0.0.202410170706/tools/bin/../lib/gcc/arm-none-eabi/13.3.1/../../../../arm-none-eabi/lib/thumb/v7-m/nofp/libc_nano.a(libc_a-stdio.o)
                0x080058ca                __swrite
 .text.__sseek  0x08005902       0x24 /home/jayakrishnan/Downloads/STM/makeself_dir_o70WRx/y/plugins/com.st.stm32cube.ide.mcu.externaltools.gnu-tools-for-stm32.13.3.rel1.linux64_1.0.0.202410170706/tools/bin/../lib/gcc/arm-none-eabi/13.3.1/../../../../arm-none-eabi/lib/thumb/v7-m/nofp/libc_nano.a(libc_a-stdio.o)
                0x08005902                __sseek
 .text.__sclose
                0x08005926        0x8 /home/jayakrishnan/Downloads/STM/makeself_dir_o70WRx/y/plugins/com.st.stm32cube.ide.mcu.externaltools.gnu-tools-for-stm32.13.3.rel1.linux64_1.0.0.202410170706/tools/bin/../lib/gcc/arm-none-eabi/13.3.1/../../../../arm-none-eabi/lib/thumb/v7-m/nofp/libc_nano.a(libc_a-stdio.o)
                0x08005926                __sclose
 .text.memset   0x0800592e       0x10 /home/jayakrishnan/Downloads/STM/makeself_dir_o70WRx/y/plugins/com.st.stm32cube.ide.mcu.externaltools.gnu-tools-for-stm32.13.3.rel1.linux64_1.0.0.202410170706/tools/bin/../lib/gcc/arm-none-eabi/13.3.1/../../../../arm-none-eabi/lib/thumb/v7-m/nofp/libc_nano.a(libc_a-memset.o)
                0x0800592e                memset
 *fill*         0x0800593e        0x2 
 .text._close_r
                0x08005940       0x20 /home/jayakrishnan/Downloads/STM/makeself_dir_o70WRx/y/plugins/com.st.stm32cube.ide.mcu.externaltools.gnu-tools-for-stm32.13.3.rel1.linux64_1.0.0.202410170706/tools/bin/../lib/gcc/arm-none-eabi/13.3.1/../../../../arm-none-eabi/lib/thumb/v7-m/nofp/libc_nano.a(libc_a-closer.o)
                0x08005940                _close_r
 .text._lseek_r
                0x08005960       0x24 /home/jayakrishnan/Downloads/STM/makeself_dir_o70WRx/y/plugins/com.st.stm32cube.ide.mcu.externaltools.gnu-tools-for-stm32.13.3.rel1.linux64_1.0.0.202410170706/tools/bin/../lib/gcc/arm-none-eabi/13.3.1/../../../../arm-none-eabi/lib/thumb/v7-m/nofp/libc_nano.a(libc_a-lseekr.o)
                0x08005960                _lseek_r
 .text._read_r  0x08005984       0x24 /home/jayakrishnan/Downloads/STM/makeself_dir_o70WRx/y/plugins/com.st.stm32cube.ide.mcu.externaltools.gnu-tools-for-stm32.13.3.rel1.linux64_1.0.0.202410170706/tools/bin/../lib/gcc/arm-none-eabi/13.3.1/../../../../arm-none-eabi/lib/thumb/v7-m/nofp/libc_nano.a(libc_a-readr.o)
                0x08005984                _read_r
 .text._write_r
                0x080059a8       0x24 /home/jayakrishnan/Downloads/STM/makeself_dir_o70WRx/y/plugins/com.st.stm32cube.ide.mcu.externaltools.gnu-tools-for-stm32.13.3.rel1.linux64_1.0.0.202410170706/tools/bin/../lib/gcc/arm-none-eabi/13.3.1/../../../../arm-none-eabi/lib/thumb/v7-m/nofp/libc_nano.a(libc_a-writer.o)
                0x080059a8                _write_r
 .text.__errno  0x080059cc        0xc /home/jayakrishnan/Downloads/STM/makeself_dir_o70WRx/y/plugins/com.st.stm32cube.ide.mcu.externaltools.gnu-tools-for-stm32.13.3.rel1.linux64_1.0.0.202410170706/tools/bin/../lib/gcc/arm-none-eabi/13.3.1/../../../../arm-none-eabi/lib/thumb/v7-m/nofp/libc_nano.a(libc_a-errno.o)
                0x080059cc                __errno
 .text.__libc_init_array
                0x080059d8       0x48 /home/jayakrishnan/Downloads/STM/makeself_dir_o70WRx/y/plugins/com.st.stm32cube.ide.mcu.externaltools.gnu-tools-for-stm32.13.3.rel1.linux64_1.0.0.202410170706/tools/bin/../lib/gcc/arm-none-eabi/13.3.1/../../../../arm-none-eabi/lib/thumb/v7-m/nofp/libc_nano.a(libc_a-init.o)
                0x080059d8                __libc_init_array
 .text.__retarget_lock_init_recursive
                0x08005a20        0x2 /home/jayakrishnan/Downloads/STM/makeself_dir_o70WRx/y/plugins/com.st.stm32cube.ide.mcu.externaltools.gnu-tools-for-stm32.13.3.rel1.linux64_1.0.0.202410170706/tools/bin/../lib/gcc/arm-none-eabi/13.3.1/../../../../arm-none-eabi/lib/thumb/v7-m/nofp/libc_nano.a(libc_a-lock.o)
                0x08005a20                __retarget_lock_init_recursive
 .text.__retarget_lock_acquire_recursive
                0x08005a22        0x2 /home/jayakrishnan/Downloads/STM/makeself_dir_o70WRx/y/plugins/com.st.stm32cube.ide.mcu.externaltools.gnu-tools-for-stm32.13.3.rel1.linux64_1.0.0.202410170706/tools/bin/../lib/gcc/arm-none-eabi/13.3.1/../../../../arm-none-eabi/lib/thumb/v7-m/nofp/libc_nano.a(libc_a-lock.o)
                0x08005a22                __retarget_lock_acquire_recursive
 .text.__retarget_lock_release_recursive
                0x08005a24        0x2 /home/jayakrishnan/Downloads/STM/makeself_dir_o70WRx/y/plugins/com.st.stm32cube.ide.mcu.externaltools.gnu-tools-for-stm32.13.3.rel1.linux64_1.0.0.202410170706/tools/bin/../lib/gcc/arm-none-eabi/13.3.1/../../../../arm-none-eabi/lib/thumb/v7-m/nofp/libc_nano.a(libc_a-lock.o)
                0x08005a24                __retarget_lock_release_recursive
 *fill*         0x08005a26        0x2 
 .text.__assert_func
                0x08005a28       0x3c /home/jayakrishnan/Downloads/STM/makeself_dir_o70WRx/y/plugins/com.st.stm32cube.ide.mcu.externaltools.gnu-tools-for-stm32.13.3.rel1.linux64_1.0.0.202410170706/tools/bin/../lib/gcc/arm-none-eabi/13.3.1/../../../../arm-none-eabi/lib/thumb/v7-m/nofp/libc_nano.a(libc_a-assert.o)
                0x08005a28                __assert_func
 .text._free_r  0x08005a64       0x90 /home/jayakrishnan/Downloads/STM/makeself_dir_o70WRx/y/plugins/com.st.stm32cube.ide.mcu.externaltools.gnu-tools-for-stm32.13.3.rel1.linux64_1.0.0.202410170706/tools/bin/../lib/gcc/arm-none-eabi/13.3.1/../../../../arm-none-eabi/lib/thumb/v7-m/nofp/libc_nano.a(libc_a-freer.o)
                0x08005a64                _free_r
 .text.malloc   0x08005af4       0x10 /home/jayakrishnan/Downloads/STM/makeself_dir_o70WRx/y/plugins/com.st.stm32cube.ide.mcu.externaltools.gnu-tools-for-stm32.13.3.rel1.linux64_1.0.0.202410170706/tools/bin/../lib/gcc/arm-none-eabi/13.3.1/../../../../arm-none-eabi/lib/thumb/v7-m/nofp/libc_nano.a(libc_a-malloc.o)
                0x08005af4                malloc
 .text.sbrk_aligned
                0x08005b04       0x44 /home/jayakrishnan/Downloads/STM/makeself_dir_o70WRx/y/plugins/com.st.stm32cube.ide.mcu.externaltools.gnu-tools-for-stm32.13.3.rel1.linux64_1.0.0.202410170706/tools/bin/../lib/gcc/arm-none-eabi/13.3.1/../../../../arm-none-eabi/lib/thumb/v7-m/nofp/libc_nano.a(libc_a-mallocr.o)
 .text._malloc_r
                0x08005b48      0x100 /home/jayakrishnan/Downloads/STM/makeself_dir_o70WRx/y/plugins/com.st.stm32cube.ide.mcu.externaltools.gnu-tools-for-stm32.13.3.rel1.linux64_1.0.0.202410170706/tools/bin/../lib/gcc/arm-none-eabi/13.3.1/../../../../arm-none-eabi/lib/thumb/v7-m/nofp/libc_nano.a(libc_a-mallocr.o)
                0x08005b48                _malloc_r
 .text.__malloc_lock
                0x08005c48        0xc /home/jayakrishnan/Downloads/STM/makeself_dir_o70WRx/y/plugins/com.st.stm32cube.ide.mcu.externaltools.gnu-tools-for-stm32.13.3.rel1.linux64_1.0.0.202410170706/tools/bin/../lib/gcc/arm-none-eabi/13.3.1/../../../../arm-none-eabi/lib/thumb/v7-m/nofp/libc_nano.a(libc_a-mlock.o)
                0x08005c48                __malloc_lock
 .text.__malloc_unlock
                0x08005c54        0xc /home/jayakrishnan/Downloads/STM/makeself_dir_o70WRx/y/plugins/com.st.stm32cube.ide.mcu.externaltools.gnu-tools-for-stm32.13.3.rel1.linux64_1.0.0.202410170706/tools/bin/../lib/gcc/arm-none-eabi/13.3.1/../../../../arm-none-eabi/lib/thumb/v7-m/nofp/libc_nano.a(libc_a-mlock.o)
                0x08005c54                __malloc_unlock
 .text.__sflush_r
                0x08005c60      0x100 /home/jayakrishnan/Downloads/STM/makeself_dir_o70WRx/y/plugins/com.st.stm32cube.ide.mcu.externaltools.gnu-tools-for-stm32.13.3.rel1.linux64_1.0.0.202410170706/tools/bin/../lib/gcc/arm-none-eabi/13.3.1/../../../../arm-none-eabi/lib/thumb/v7-m/nofp/libc_nano.a(libc_a-fflush.o)
                0x08005c60                __sflush_r
 .text._fflush_r
                0x08005d60       0x50 /home/jayakrishnan/Downloads/STM/makeself_dir_o70WRx/y/plugins/com.st.stm32cube.ide.mcu.externaltools.gnu-tools-for-stm32.13.3.rel1.linux64_1.0.0.202410170706/tools/bin/../lib/gcc/arm-none-eabi/13.3.1/../../../../arm-none-eabi/lib/thumb/v7-m/nofp/libc_nano.a(libc_a-fflush.o)
                0x08005d60                _fflush_r
 .text.fprintf  0x08005db0       0x24 /home/jayakrishnan/Downloads/STM/makeself_dir_o70WRx/y/plugins/com.st.stm32cube.ide.mcu.externaltools.gnu-tools-for-stm32.13.3.rel1.linux64_1.0.0.202410170706/tools/bin/../lib/gcc/arm-none-eabi/13.3.1/../../../../arm-none-eabi/lib/thumb/v7-m/nofp/libc_nano.a(libc_a-fprintf.o)
                0x08005db0                fprintf
                0x08005db0                fiprintf
 .text._sbrk_r  0x08005dd4       0x20 /home/jayakrishnan/Downloads/STM/makeself_dir_o70WRx/y/plugins/com.st.stm32cube.ide.mcu.externaltools.gnu-tools-for-stm32.13.3.rel1.linux64_1.0.0.202410170706/tools/bin/../lib/gcc/arm-none-eabi/13.3.1/../../../../arm-none-eabi/lib/thumb/v7-m/nofp/libc_nano.a(libc_a-sbrkr.o)
                0x08005dd4                _sbrk_r
 .text.abort    0x08005df4        0xe /home/jayakrishnan/Downloads/STM/makeself_dir_o70WRx/y/plugins/com.st.stm32cube.ide.mcu.externaltools.gnu-tools-for-stm32.13.3.rel1.linux64_1.0.0.202410170706/tools/bin/../lib/gcc/arm-none-eabi/13.3.1/../../../../arm-none-eabi/lib/thumb/v7-m/nofp/libc_nano.a(libc_a-abort.o)
                0x08005df4                abort
 .text.__sfputc_r
                0x08005e02       0x2a /home/jayakrishnan/Downloads/STM/makeself_dir_o70WRx/y/plugins/com.st.stm32cube.ide.mcu.externaltools.gnu-tools-for-stm32.13.3.rel1.linux64_1.0.0.202410170706/tools/bin/../lib/gcc/arm-none-eabi/13.3.1/../../../../arm-none-eabi/lib/thumb/v7-m/nofp/libc_nano.a(libc_a-nano-vfprintf.o)
 .text.__sfputs_r
                0x08005e2c       0x24 /home/jayakrishnan/Downloads/STM/makeself_dir_o70WRx/y/plugins/com.st.stm32cube.ide.mcu.externaltools.gnu-tools-for-stm32.13.3.rel1.linux64_1.0.0.202410170706/tools/bin/../lib/gcc/arm-none-eabi/13.3.1/../../../../arm-none-eabi/lib/thumb/v7-m/nofp/libc_nano.a(libc_a-nano-vfprintf.o)
                0x08005e2c                __sfputs_r
 .text._vfprintf_r
                0x08005e50      0x230 /home/jayakrishnan/Downloads/STM/makeself_dir_o70WRx/y/plugins/com.st.stm32cube.ide.mcu.externaltools.gnu-tools-for-stm32.13.3.rel1.linux64_1.0.0.202410170706/tools/bin/../lib/gcc/arm-none-eabi/13.3.1/../../../../arm-none-eabi/lib/thumb/v7-m/nofp/libc_nano.a(libc_a-nano-vfprintf.o)
                0x08005e50                _vfiprintf_r
                0x08005e50                _vfprintf_r
 .text._printf_common
                0x08006080       0xe4 /home/jayakrishnan/Downloads/STM/makeself_dir_o70WRx/y/plugins/com.st.stm32cube.ide.mcu.externaltools.gnu-tools-for-stm32.13.3.rel1.linux64_1.0.0.202410170706/tools/bin/../lib/gcc/arm-none-eabi/13.3.1/../../../../arm-none-eabi/lib/thumb/v7-m/nofp/libc_nano.a(libc_a-nano-vfprintf_i.o)
                0x08006080                _printf_common
 .text._printf_i
                0x08006164      0x23c /home/jayakrishnan/Downloads/STM/makeself_dir_o70WRx/y/plugins/com.st.stm32cube.ide.mcu.externaltools.gnu-tools-for-stm32.13.3.rel1.linux64_1.0.0.202410170706/tools/bin/../lib/gcc/arm-none-eabi/13.3.1/../../../../arm-none-eabi/lib/thumb/v7-m/nofp/libc_nano.a(libc_a-nano-vfprintf_i.o)
                0x08006164                _printf_i
 .text.__swbuf_r
                0x080063a0       0x7c /home/jayakrishnan/Downloads/STM/makeself_dir_o70WRx/y/plugins/com.st.stm32cube.ide.mcu.externaltools.gnu-tools-for-stm32.13.3.rel1.linux64_1.0.0.202410170706/tools/bin/../lib/gcc/arm-none-eabi/13.3.1/../../../../arm-none-eabi/lib/thumb/v7-m/nofp/libc_nano.a(libc_a-wbuf.o)
                0x080063a0                __swbuf_r
 .text.__swsetup_r
                0x0800641c       0xac /home/jayakrishnan/Downloads/STM/makeself_dir_o70WRx/y/plugins/com.st.stm32cube.ide.mcu.externaltools.gnu-tools-for-stm32.13.3.rel1.linux64_1.0.0.202410170706/tools/bin/../lib/gcc/arm-none-eabi/13.3.1/../../../../arm-none-eabi/lib/thumb/v7-m/nofp/libc_nano.a(libc_a-wsetup.o)
                0x0800641c                __swsetup_r
 .text._raise_r
                0x080064c8       0x50 /home/jayakrishnan/Downloads/STM/makeself_dir_o70WRx/y/plugins/com.st.stm32cube.ide.mcu.externaltools.gnu-tools-for-stm32.13.3.rel1.linux64_1.0.0.202410170706/tools/bin/../lib/gcc/arm-none-eabi/13.3.1/../../../../arm-none-eabi/lib/thumb/v7-m/nofp/libc_nano.a(libc_a-signal.o)
                0x080064c8                _raise_r
 .text.raise    0x08006518       0x10 /home/jayakrishnan/Downloads/STM/makeself_dir_o70WRx/y/plugins/com.st.stm32cube.ide.mcu.externaltools.gnu-tools-for-stm32.13.3.rel1.linux64_1.0.0.202410170706/tools/bin/../lib/gcc/arm-none-eabi/13.3.1/../../../../arm-none-eabi/lib/thumb/v7-m/nofp/libc_nano.a(libc_a-signal.o)
                0x08006518                raise
 .text._kill_r  0x08006528       0x24 /home/jayakrishnan/Downloads/STM/makeself_dir_o70WRx/y/plugins/com.st.stm32cube.ide.mcu.externaltools.gnu-tools-for-stm32.13.3.rel1.linux64_1.0.0.202410170706/tools/bin/../lib/gcc/arm-none-eabi/13.3.1/../../../../arm-none-eabi/lib/thumb/v7-m/nofp/libc_nano.a(libc_a-signalr.o)
                0x08006528                _kill_r
 .text._getpid_r
                0x0800654c        0x4 /home/jayakrishnan/Downloads/STM/makeself_dir_o70WRx/y/plugins/com.st.stm32cube.ide.mcu.externaltools.gnu-tools-for-stm32.13.3.rel1.linux64_1.0.0.202410170706/tools/bin/../lib/gcc/arm-none-eabi/13.3.1/../../../../arm-none-eabi/lib/thumb/v7-m/nofp/libc_nano.a(libc_a-signalr.o)
                0x0800654c                _getpid_r
 .text.memchr   0x08006550       0x1c /home/jayakrishnan/Downloads/STM/makeself_dir_o70WRx/y/plugins/com.st.stm32cube.ide.mcu.externaltools.gnu-tools-for-stm32.13.3.rel1.linux64_1.0.0.202410170706/tools/bin/../lib/gcc/arm-none-eabi/13.3.1/../../../../arm-none-eabi/lib/thumb/v7-m/nofp/libc_nano.a(libc_a-memchr-stub.o)
                0x08006550                memchr
 .text.__swhatbuf_r
                0x0800656c       0x4a /home/jayakrishnan/Downloads/STM/makeself_dir_o70WRx/y/plugins/com.st.stm32cube.ide.mcu.externaltools.gnu-tools-for-stm32.13.3.rel1.linux64_1.0.0.202410170706/tools/bin/../lib/gcc/arm-none-eabi/13.3.1/../../../../arm-none-eabi/lib/thumb/v7-m/nofp/libc_nano.a(libc_a-makebuf.o)
                0x0800656c                __swhatbuf_r
 .text.__smakebuf_r
                0x080065b6       0x78 /home/jayakrishnan/Downloads/STM/makeself_dir_o70WRx/y/plugins/com.st.stm32cube.ide.mcu.externaltools.gnu-tools-for-stm32.13.3.rel1.linux64_1.0.0.202410170706/tools/bin/../lib/gcc/arm-none-eabi/13.3.1/../../../../arm-none-eabi/lib/thumb/v7-m/nofp/libc_nano.a(libc_a-makebuf.o)
                0x080065b6                __smakebuf_r
 *fill*         0x0800662e        0x2 
 .text._fstat_r
                0x08006630       0x24 /home/jayakrishnan/Downloads/STM/makeself_dir_o70WRx/y/plugins/com.st.stm32cube.ide.mcu.externaltools.gnu-tools-for-stm32.13.3.rel1.linux64_1.0.0.202410170706/tools/bin/../lib/gcc/arm-none-eabi/13.3.1/../../../../arm-none-eabi/lib/thumb/v7-m/nofp/libc_nano.a(libc_a-fstatr.o)
                0x08006630                _fstat_r
 .text._isatty_r
                0x08006654       0x20 /home/jayakrishnan/Downloads/STM/makeself_dir_o70WRx/y/plugins/com.st.stm32cube.ide.mcu.externaltools.gnu-tools-for-stm32.13.3.rel1.linux64_1.0.0.202410170706/tools/bin/../lib/gcc/arm-none-eabi/13.3.1/../../../../arm-none-eabi/lib/thumb/v7-m/nofp/libc_nano.a(libc_a-isattyr.o)
                0x08006654                _isatty_r
 *(.glue_7)
 .glue_7        0x08006674        0x0 linker stubs
 *(.glue_7t)
 .glue_7t       0x08006674        0x0 linker stubs
 *(.eh_frame)
 .eh_frame      0x08006674        0x0 /home/jayakrishnan/Downloads/STM/makeself_dir_o70WRx/y/plugins/com.st.stm32cube.ide.mcu.externaltools.gnu-tools-for-stm32.13.3.rel1.linux64_1.0.0.202410170706/tools/bin/../lib/gcc/arm-none-eabi/13.3.1/thumb/v7-m/nofp/crtbegin.o
 *(.init)
 .init          0x08006674        0x4 /home/jayakrishnan/Downloads/STM/makeself_dir_o70WRx/y/plugins/com.st.stm32cube.ide.mcu.externaltools.gnu-tools-for-stm32.13.3.rel1.linux64_1.0.0.202410170706/tools/bin/../lib/gcc/arm-none-eabi/13.3.1/thumb/v7-m/nofp/crti.o
                0x08006674                _init
 .init          0x08006678        0x8 /home/jayakrishnan/Downloads/STM/makeself_dir_o70WRx/y/plugins/com.st.stm32cube.ide.mcu.externaltools.gnu-tools-for-stm32.13.3.rel1.linux64_1.0.0.202410170706/tools/bin/../lib/gcc/arm-none-eabi/13.3.1/thumb/v7-m/nofp/crtn.o
 *(.fini)
 .fini          0x08006680        0x4 /home/jayakrishnan/Downloads/STM/makeself_dir_o70WRx/y/plugins/com.st.stm32cube.ide.mcu.externaltools.gnu-tools-for-stm32.13.3.rel1.linux64_1.0.0.202410170706/tools/bin/../lib/gcc/arm-none-eabi/13.3.1/thumb/v7-m/nofp/crti.o
                0x08006680                _fini
 .fini          0x08006684        0x8 /home/jayakrishnan/Downloads/STM/makeself_dir_o70WRx/y/plugins/com.st.stm32cube.ide.mcu.externaltools.gnu-tools-for-stm32.13.3.rel1.linux64_1.0.0.202410170706/tools/bin/../lib/gcc/arm-none-eabi/13.3.1/thumb/v7-m/nofp/crtn.o
                0x0800668c                        . = ALIGN (0x4)
                0x0800668c                        _etext = .

.vfp11_veneer   0x0800668c        0x0
 .vfp11_veneer  0x0800668c        0x0 linker stubs

.v4_bx          0x0800668c        0x0
 .v4_bx         0x0800668c        0x0 linker stubs

.iplt           0x0800668c        0x0
 .iplt          0x0800668c        0x0 /home/jayakrishnan/Downloads/STM/makeself_dir_o70WRx/y/plugins/com.st.stm32cube.ide.mcu.externaltools.gnu-tools-for-stm32.13.3.rel1.linux64_1.0.0.202410170706/tools/bin/../lib/gcc/arm-none-eabi/13.3.1/thumb/v7-m/nofp/crtbegin.o

.rodata         0x0800668c      0x108
                0x0800668c                        . = ALIGN (0x4)
 *(.rodata)
 *(.rodata*)
 .rodata.AHBPrescTable
                0x0800668c       0x10 ./Core/Src/system_stm32f1xx.o
                0x0800668c                AHBPrescTable
 .rodata.APBPrescTable
                0x0800669c        0x8 ./Core/Src/system_stm32f1xx.o
                0x0800669c                APBPrescTable
 .rodata.aPLLMULFactorTable.1
                0x080066a4       0x10 ./Drivers/STM32F1xx_HAL_Driver/Src/stm32f1xx_hal_rcc.o
 .rodata.aPredivFactorTable.0
                0x080066b4        0x2 ./Drivers/STM32F1xx_HAL_Driver/Src/stm32f1xx_hal_rcc.o
 .rodata.srand.str1.1
                0x080066b6       0xde /home/jayakrishnan/Downloads/STM/makeself_dir_o70WRx/y/plugins/com.st.stm32cube.ide.mcu.externaltools.gnu-tools-for-stm32.13.3.rel1.linux64_1.0.0.202410170706/tools/bin/../lib/gcc/arm-none-eabi/13.3.1/../../../../arm-none-eabi/lib/thumb/v7-m/nofp/libc_nano.a(libc_a-rand.o)
                                 0x6f (size before relaxing)
 .rodata.__assert_func.str1.1
                0x08006794       0x3d /home/jayakrishnan/Downloads/STM/makeself_dir_o70WRx/y/plugins/com.st.stm32cube.ide.mcu.externaltools.gnu-tools-for-stm32.13.3.rel1.linux64_1.0.0.202410170706/tools/bin/../lib/gcc/arm-none-eabi/13.3.1/../../../../arm-none-eabi/lib/thumb/v7-m/nofp/libc_nano.a(libc_a-assert.o)
 .rodata._vfprintf_r.str1.1
                0x08006794       0x11 /home/jayakrishnan/Downloads/STM/makeself_dir_o70WRx/y/plugins/com.st.stm32cube.ide.mcu.externaltools.gnu-tools-for-stm32.13.3.rel1.linux64_1.0.0.202410170706/tools/bin/../lib/gcc/arm-none-eabi/13.3.1/../../../../arm-none-eabi/lib/thumb/v7-m/nofp/libc_nano.a(libc_a-nano-vfprintf.o)
 .rodata._printf_i.str1.1
                0x08006794       0x22 /home/jayakrishnan/Downloads/STM/makeself_dir_o70WRx/y/plugins/com.st.stm32cube.ide.mcu.externaltools.gnu-tools-for-stm32.13.3.rel1.linux64_1.0.0.202410170706/tools/bin/../lib/gcc/arm-none-eabi/13.3.1/../../../../arm-none-eabi/lib/thumb/v7-m/nofp/libc_nano.a(libc_a-nano-vfprintf_i.o)
                0x080067d4                        . = ALIGN (0x4)

.ARM.extab      0x08006794        0x0
                0x08006794                        . = ALIGN (0x4)
 *(.ARM.extab* .gnu.linkonce.armextab.*)
                0x08006794                        . = ALIGN (0x4)

.ARM            0x08006794        0x0
                0x08006794                        . = ALIGN (0x4)
                0x08006794                        __exidx_start = .
 *(.ARM.exidx*)
                0x08006794                        __exidx_end = .
                0x08006794                        . = ALIGN (0x4)

.preinit_array  0x08006794        0x0
                0x08006794                        . = ALIGN (0x4)
                0x08006794                        PROVIDE (__preinit_array_start = .)
 *(.preinit_array*)
                0x08006794                        PROVIDE (__preinit_array_end = .)
                0x08006794                        . = ALIGN (0x4)

.init_array     0x08006794        0x4
                0x08006794                        . = ALIGN (0x4)
                0x08006794                        PROVIDE (__init_array_start = .)
 *(SORT_BY_NAME(.init_array.*))
 *(.init_array*)
 .init_array    0x08006794        0x4 /home/jayakrishnan/Downloads/STM/makeself_dir_o70WRx/y/plugins/com.st.stm32cube.ide.mcu.externaltools.gnu-tools-for-stm32.13.3.rel1.linux64_1.0.0.202410170706/tools/bin/../lib/gcc/arm-none-eabi/13.3.1/thumb/v7-m/nofp/crtbegin.o
                0x08006798                        PROVIDE (__init_array_end = .)
                0x08006798                        . = ALIGN (0x4)

.fini_array     0x08006798        0x4
                0x08006798                        . = ALIGN (0x4)
                [!provide]                        PROVIDE (__fini_array_start = .)
 *(SORT_BY_NAME(.fini_array.*))
 *(.fini_array*)
 .fini_array    0x08006798        0x4 /home/jayakrishnan/Downloads/STM/makeself_dir_o70WRx/y/plugins/com.st.stm32cube.ide.mcu.externaltools.gnu-tools-for-stm32.13.3.rel1.linux64_1.0.0.202410170706/tools/bin/../lib/gcc/arm-none-eabi/13.3.1/thumb/v7-m/nofp/crtbegin.o
                [!provide]                        PROVIDE (__fini_array_end = .)
                0x0800679c                        . = ALIGN (0x4)
                0x0800679c                        _sidata = LOADADDR (.data)

.rel.dyn        0x0800679c        0x0
 .rel.iplt      0x0800679c        0x0 /home/jayakrishnan/Downloads/STM/makeself_dir_o70WRx/y/plugins/com.st.stm32cube.ide.mcu.externaltools.gnu-tools-for-stm32.13.3.rel1.linux64_1.0.0.202410170706/tools/bin/../lib/gcc/arm-none-eabi/13.3.1/thumb/v7-m/nofp/crtbegin.o

.data           0x20000000       0x6c load address 0x0800679c
                0x20000000                        . = ALIGN (0x4)
                0x20000000                        _sdata = .
 *(.data)
 *(.data*)
 .data.delayMinutes
                0x20000000        0x1 ./Core/Src/functions.o
                0x20000000                delayMinutes
 *fill*         0x20000001        0x3 
 .data.SystemCoreClock
                0x20000004        0x4 ./Core/Src/system_stm32f1xx.o
                0x20000004                SystemCoreClock
 .data.uwTickPrio
                0x20000008        0x4 ./Drivers/STM32F1xx_HAL_Driver/Src/stm32f1xx_hal.o
                0x20000008                uwTickPrio
 .data.uwTickFreq
                0x2000000c        0x1 ./Drivers/STM32F1xx_HAL_Driver/Src/stm32f1xx_hal.o
                0x2000000c                uwTickFreq
 *fill*         0x2000000d        0x3 
 .data.__sglue  0x20000010        0xc /home/jayakrishnan/Downloads/STM/makeself_dir_o70WRx/y/plugins/com.st.stm32cube.ide.mcu.externaltools.gnu-tools-for-stm32.13.3.rel1.linux64_1.0.0.202410170706/tools/bin/../lib/gcc/arm-none-eabi/13.3.1/../../../../arm-none-eabi/lib/thumb/v7-m/nofp/libc_nano.a(libc_a-findfp.o)
                0x20000010                __sglue
 .data._impure_ptr
                0x2000001c        0x4 /home/jayakrishnan/Downloads/STM/makeself_dir_o70WRx/y/plugins/com.st.stm32cube.ide.mcu.externaltools.gnu-tools-for-stm32.13.3.rel1.linux64_1.0.0.202410170706/tools/bin/../lib/gcc/arm-none-eabi/13.3.1/../../../../arm-none-eabi/lib/thumb/v7-m/nofp/libc_nano.a(libc_a-impure.o)
                0x2000001c                _impure_ptr
 .data._impure_data
                0x20000020       0x4c /home/jayakrishnan/Downloads/STM/makeself_dir_o70WRx/y/plugins/com.st.stm32cube.ide.mcu.externaltools.gnu-tools-for-stm32.13.3.rel1.linux64_1.0.0.202410170706/tools/bin/../lib/gcc/arm-none-eabi/13.3.1/../../../../arm-none-eabi/lib/thumb/v7-m/nofp/libc_nano.a(libc_a-impure.o)
                0x20000020                _impure_data
 *(.RamFunc)
 *(.RamFunc*)
                0x2000006c                        . = ALIGN (0x4)
                0x2000006c                        _edata = .

.igot.plt       0x2000006c        0x0 load address 0x08006808
 .igot.plt      0x2000006c        0x0 /home/jayakrishnan/Downloads/STM/makeself_dir_o70WRx/y/plugins/com.st.stm32cube.ide.mcu.externaltools.gnu-tools-for-stm32.13.3.rel1.linux64_1.0.0.202410170706/tools/bin/../lib/gcc/arm-none-eabi/13.3.1/thumb/v7-m/nofp/crtbegin.o
                0x2000006c                        . = ALIGN (0x4)

.bss            0x2000006c      0x290 load address 0x08006808
                0x2000006c                        _sbss = .
                0x2000006c                        __bss_start__ = _sbss
 *(.bss)
 .bss           0x2000006c       0x1c /home/jayakrishnan/Downloads/STM/makeself_dir_o70WRx/y/plugins/com.st.stm32cube.ide.mcu.externaltools.gnu-tools-for-stm32.13.3.rel1.linux64_1.0.0.202410170706/tools/bin/../lib/gcc/arm-none-eabi/13.3.1/thumb/v7-m/nofp/crtbegin.o
 *(.bss*)
 .bss.delayHours
                0x20000088        0x1 ./Core/Src/functions.o
                0x20000088                delayHours
 *fill*         0x20000089        0x3 
 .bss.gravity   0x2000008c        0x4 ./Core/Src/functions.o
                0x2000008c                gravity
 .bss.alarmWentOff
                0x20000090        0x1 ./Core/Src/functions.o
                0x20000090                alarmWentOff
 *fill*         0x20000091        0x3 
 .bss.drop_delay
                0x20000094        0x8 ./Core/Src/functions.o
                0x20000094                drop_delay
 .bss.lc        0x2000009c       0x54 ./Core/Src/main.o
                0x2000009c                lc
 .bss.accel     0x200000f0        0xc ./Core/Src/main.o
                0x200000f0                accel
 .bss.hi2c1     0x200000fc       0x54 ./Core/Src/main.o
                0x200000fc                hi2c1
 .bss.hspi1     0x20000150       0x58 ./Core/Src/main.o
                0x20000150                hspi1
 .bss.__sbrk_heap_end
                0x200001a8        0x4 ./Core/Src/sysmem.o
 .bss.uwTick    0x200001ac        0x4 ./Drivers/STM32F1xx_HAL_Driver/Src/stm32f1xx_hal.o
                0x200001ac                uwTick
 .bss.__sf      0x200001b0      0x138 /home/jayakrishnan/Downloads/STM/makeself_dir_o70WRx/y/plugins/com.st.stm32cube.ide.mcu.externaltools.gnu-tools-for-stm32.13.3.rel1.linux64_1.0.0.202410170706/tools/bin/../lib/gcc/arm-none-eabi/13.3.1/../../../../arm-none-eabi/lib/thumb/v7-m/nofp/libc_nano.a(libc_a-findfp.o)
                0x200001b0                __sf
 .bss.__stdio_exit_handler
                0x200002e8        0x4 /home/jayakrishnan/Downloads/STM/makeself_dir_o70WRx/y/plugins/com.st.stm32cube.ide.mcu.externaltools.gnu-tools-for-stm32.13.3.rel1.linux64_1.0.0.202410170706/tools/bin/../lib/gcc/arm-none-eabi/13.3.1/../../../../arm-none-eabi/lib/thumb/v7-m/nofp/libc_nano.a(libc_a-findfp.o)
                0x200002e8                __stdio_exit_handler
 .bss.errno     0x200002ec        0x4 /home/jayakrishnan/Downloads/STM/makeself_dir_o70WRx/y/plugins/com.st.stm32cube.ide.mcu.externaltools.gnu-tools-for-stm32.13.3.rel1.linux64_1.0.0.202410170706/tools/bin/../lib/gcc/arm-none-eabi/13.3.1/../../../../arm-none-eabi/lib/thumb/v7-m/nofp/libc_nano.a(libc_a-reent.o)
                0x200002ec                errno
 .bss.__lock___malloc_recursive_mutex
                0x200002f0        0x1 /home/jayakrishnan/Downloads/STM/makeself_dir_o70WRx/y/plugins/com.st.stm32cube.ide.mcu.externaltools.gnu-tools-for-stm32.13.3.rel1.linux64_1.0.0.202410170706/tools/bin/../lib/gcc/arm-none-eabi/13.3.1/../../../../arm-none-eabi/lib/thumb/v7-m/nofp/libc_nano.a(libc_a-lock.o)
                0x200002f0                __lock___malloc_recursive_mutex
 .bss.__lock___sfp_recursive_mutex
                0x200002f1        0x1 /home/jayakrishnan/Downloads/STM/makeself_dir_o70WRx/y/plugins/com.st.stm32cube.ide.mcu.externaltools.gnu-tools-for-stm32.13.3.rel1.linux64_1.0.0.202410170706/tools/bin/../lib/gcc/arm-none-eabi/13.3.1/../../../../arm-none-eabi/lib/thumb/v7-m/nofp/libc_nano.a(libc_a-lock.o)
                0x200002f1                __lock___sfp_recursive_mutex
 *fill*         0x200002f2        0x2 
 .bss.__malloc_sbrk_start
                0x200002f4        0x4 /home/jayakrishnan/Downloads/STM/makeself_dir_o70WRx/y/plugins/com.st.stm32cube.ide.mcu.externaltools.gnu-tools-for-stm32.13.3.rel1.linux64_1.0.0.202410170706/tools/bin/../lib/gcc/arm-none-eabi/13.3.1/../../../../arm-none-eabi/lib/thumb/v7-m/nofp/libc_nano.a(libc_a-mallocr.o)
                0x200002f4                __malloc_sbrk_start
 .bss.__malloc_free_list
                0x200002f8        0x4 /home/jayakrishnan/Downloads/STM/makeself_dir_o70WRx/y/plugins/com.st.stm32cube.ide.mcu.externaltools.gnu-tools-for-stm32.13.3.rel1.linux64_1.0.0.202410170706/tools/bin/../lib/gcc/arm-none-eabi/13.3.1/../../../../arm-none-eabi/lib/thumb/v7-m/nofp/libc_nano.a(libc_a-mallocr.o)
                0x200002f8                __malloc_free_list
 *(COMMON)
                0x200002fc                        . = ALIGN (0x4)
                0x200002fc                        _ebss = .
                0x200002fc                        __bss_end__ = _ebss

._user_heap_stack
                0x200002fc      0x604 load address 0x08006808
                0x20000300                        . = ALIGN (0x8)
 *fill*         0x200002fc        0x4 
                [!provide]                        PROVIDE (end = .)
                0x20000300                        PROVIDE (_end = .)
                0x20000500                        . = (. + _Min_Heap_Size)
 *fill*         0x20000300      0x200 
                0x20000900                        . = (. + _Min_Stack_Size)
 *fill*         0x20000500      0x400 
                0x20000900                        . = ALIGN (0x8)

/DISCARD/
 libc.a(*)
 libm.a(*)
 libgcc.a(*)

.ARM.attributes
                0x00000000       0x29
 *(.ARM.attributes)
 .ARM.attributes
                0x00000000       0x1d /home/jayakrishnan/Downloads/STM/makeself_dir_o70WRx/y/plugins/com.st.stm32cube.ide.mcu.externaltools.gnu-tools-for-stm32.13.3.rel1.linux64_1.0.0.202410170706/tools/bin/../lib/gcc/arm-none-eabi/13.3.1/thumb/v7-m/nofp/crti.o
 .ARM.attributes
                0x0000001d       0x2d /home/jayakrishnan/Downloads/STM/makeself_dir_o70WRx/y/plugins/com.st.stm32cube.ide.mcu.externaltools.gnu-tools-for-stm32.13.3.rel1.linux64_1.0.0.202410170706/tools/bin/../lib/gcc/arm-none-eabi/13.3.1/thumb/v7-m/nofp/crtbegin.o
 .ARM.attributes
                0x0000004a       0x2d ./Core/Src/functions.o
 .ARM.attributes
                0x00000077       0x2d ./Core/Src/lis3dh.o
 .ARM.attributes
                0x000000a4       0x2d ./Core/Src/main.o
 .ARM.attributes
                0x000000d1       0x2d ./Core/Src/max7219.o
 .ARM.attributes
                0x000000fe       0x2d ./Core/Src/stm32f1xx_hal_msp.o
 .ARM.attributes
                0x0000012b       0x2d ./Core/Src/stm32f1xx_it.o
 .ARM.attributes
                0x00000158       0x2d ./Core/Src/syscalls.o
 .ARM.attributes
                0x00000185       0x2d ./Core/Src/sysmem.o
 .ARM.attributes
                0x000001b2       0x2d ./Core/Src/system_stm32f1xx.o
 .ARM.attributes
                0x000001df       0x21 ./Core/Startup/startup_stm32f103cbtx.o
 .ARM.attributes
                0x00000200       0x2d ./Drivers/STM32F1xx_HAL_Driver/Src/stm32f1xx_hal.o
 .ARM.attributes
                0x0000022d       0x2d ./Drivers/STM32F1xx_HAL_Driver/Src/stm32f1xx_hal_cortex.o
 .ARM.attributes
                0x0000025a       0x2d ./Drivers/STM32F1xx_HAL_Driver/Src/stm32f1xx_hal_dma.o
 .ARM.attributes
                0x00000287       0x2d ./Drivers/STM32F1xx_HAL_Driver/Src/stm32f1xx_hal_gpio.o
 .ARM.attributes
                0x000002b4       0x2d ./Drivers/STM32F1xx_HAL_Driver/Src/stm32f1xx_hal_i2c.o
 .ARM.attributes
                0x000002e1       0x2d ./Drivers/STM32F1xx_HAL_Driver/Src/stm32f1xx_hal_rcc.o
 .ARM.attributes
                0x0000030e       0x2d ./Drivers/STM32F1xx_HAL_Driver/Src/stm32f1xx_hal_spi.o
 .ARM.attributes
                0x0000033b       0x2d /home/jayakrishnan/Downloads/STM/makeself_dir_o70WRx/y/plugins/com.st.stm32cube.ide.mcu.externaltools.gnu-tools-for-stm32.13.3.rel1.linux64_1.0.0.202410170706/tools/bin/../lib/gcc/arm-none-eabi/13.3.1/../../../../arm-none-eabi/lib/thumb/v7-m/nofp/libc_nano.a(libc_a-rand.o)
 .ARM.attributes
                0x00000368       0x2d /home/jayakrishnan/Downloads/STM/makeself_dir_o70WRx/y/plugins/com.st.stm32cube.ide.mcu.externaltools.gnu-tools-for-stm32.13.3.rel1.linux64_1.0.0.202410170706/tools/bin/../lib/gcc/arm-none-eabi/13.3.1/../../../../arm-none-eabi/lib/thumb/v7-m/nofp/libc_nano.a(libc_a-findfp.o)
 .ARM.attributes
                0x00000395       0x2d /home/jayakrishnan/Downloads/STM/makeself_dir_o70WRx/y/plugins/com.st.stm32cube.ide.mcu.externaltools.gnu-tools-for-stm32.13.3.rel1.linux64_1.0.0.202410170706/tools/bin/../lib/gcc/arm-none-eabi/13.3.1/../../../../arm-none-eabi/lib/thumb/v7-m/nofp/libc_nano.a(libc_a-fwalk.o)
 .ARM.attributes
                0x000003c2       0x2d /home/jayakrishnan/Downloads/STM/makeself_dir_o70WRx/y/plugins/com.st.stm32cube.ide.mcu.externaltools.gnu-tools-for-stm32.13.3.rel1.linux64_1.0.0.202410170706/tools/bin/../lib/gcc/arm-none-eabi/13.3.1/../../../../arm-none-eabi/lib/thumb/v7-m/nofp/libc_nano.a(libc_a-stdio.o)
 .ARM.attributes
                0x000003ef       0x2d /home/jayakrishnan/Downloads/STM/makeself_dir_o70WRx/y/plugins/com.st.stm32cube.ide.mcu.externaltools.gnu-tools-for-stm32.13.3.rel1.linux64_1.0.0.202410170706/tools/bin/../lib/gcc/arm-none-eabi/13.3.1/../../../../arm-none-eabi/lib/thumb/v7-m/nofp/libc_nano.a(libc_a-memset.o)
 .ARM.attributes
                0x0000041c       0x2d /home/jayakrishnan/Downloads/STM/makeself_dir_o70WRx/y/plugins/com.st.stm32cube.ide.mcu.externaltools.gnu-tools-for-stm32.13.3.rel1.linux64_1.0.0.202410170706/tools/bin/../lib/gcc/arm-none-eabi/13.3.1/../../../../arm-none-eabi/lib/thumb/v7-m/nofp/libc_nano.a(libc_a-closer.o)
 .ARM.attributes
                0x00000449       0x2d /home/jayakrishnan/Downloads/STM/makeself_dir_o70WRx/y/plugins/com.st.stm32cube.ide.mcu.externaltools.gnu-tools-for-stm32.13.3.rel1.linux64_1.0.0.202410170706/tools/bin/../lib/gcc/arm-none-eabi/13.3.1/../../../../arm-none-eabi/lib/thumb/v7-m/nofp/libc_nano.a(libc_a-reent.o)
 .ARM.attributes
                0x00000476       0x2d /home/jayakrishnan/Downloads/STM/makeself_dir_o70WRx/y/plugins/com.st.stm32cube.ide.mcu.externaltools.gnu-tools-for-stm32.13.3.rel1.linux64_1.0.0.202410170706/tools/bin/../lib/gcc/arm-none-eabi/13.3.1/../../../../arm-none-eabi/lib/thumb/v7-m/nofp/libc_nano.a(libc_a-impure.o)
 .ARM.attributes
                0x000004a3       0x2d /home/jayakrishnan/Downloads/STM/makeself_dir_o70WRx/y/plugins/com.st.stm32cube.ide.mcu.externaltools.gnu-tools-for-stm32.13.3.rel1.linux64_1.0.0.202410170706/tools/bin/../lib/gcc/arm-none-eabi/13.3.1/../../../../arm-none-eabi/lib/thumb/v7-m/nofp/libc_nano.a(libc_a-lseekr.o)
 .ARM.attributes
                0x000004d0       0x2d /home/jayakrishnan/Downloads/STM/makeself_dir_o70WRx/y/plugins/com.st.stm32cube.ide.mcu.externaltools.gnu-tools-for-stm32.13.3.rel1.linux64_1.0.0.202410170706/tools/bin/../lib/gcc/arm-none-eabi/13.3.1/../../../../arm-none-eabi/lib/thumb/v7-m/nofp/libc_nano.a(libc_a-readr.o)
 .ARM.attributes
                0x000004fd       0x2d /home/jayakrishnan/Downloads/STM/makeself_dir_o70WRx/y/plugins/com.st.stm32cube.ide.mcu.externaltools.gnu-tools-for-stm32.13.3.rel1.linux64_1.0.0.202410170706/tools/bin/../lib/gcc/arm-none-eabi/13.3.1/../../../../arm-none-eabi/lib/thumb/v7-m/nofp/libc_nano.a(libc_a-writer.o)
 .ARM.attributes
                0x0000052a       0x2d /home/jayakrishnan/Downloads/STM/makeself_dir_o70WRx/y/plugins/com.st.stm32cube.ide.mcu.externaltools.gnu-tools-for-stm32.13.3.rel1.linux64_1.0.0.202410170706/tools/bin/../lib/gcc/arm-none-eabi/13.3.1/../../../../arm-none-eabi/lib/thumb/v7-m/nofp/libc_nano.a(libc_a-errno.o)
 .ARM.attributes
                0x00000557       0x2d /home/jayakrishnan/Downloads/STM/makeself_dir_o70WRx/y/plugins/com.st.stm32cube.ide.mcu.externaltools.gnu-tools-for-stm32.13.3.rel1.linux64_1.0.0.202410170706/tools/bin/../lib/gcc/arm-none-eabi/13.3.1/../../../../arm-none-eabi/lib/thumb/v7-m/nofp/libc_nano.a(libc_a-init.o)
 .ARM.attributes
                0x00000584       0x2d /home/jayakrishnan/Downloads/STM/makeself_dir_o70WRx/y/plugins/com.st.stm32cube.ide.mcu.externaltools.gnu-tools-for-stm32.13.3.rel1.linux64_1.0.0.202410170706/tools/bin/../lib/gcc/arm-none-eabi/13.3.1/../../../../arm-none-eabi/lib/thumb/v7-m/nofp/libc_nano.a(libc_a-lock.o)
 .ARM.attributes
                0x000005b1       0x2d /home/jayakrishnan/Downloads/STM/makeself_dir_o70WRx/y/plugins/com.st.stm32cube.ide.mcu.externaltools.gnu-tools-for-stm32.13.3.rel1.linux64_1.0.0.202410170706/tools/bin/../lib/gcc/arm-none-eabi/13.3.1/../../../../arm-none-eabi/lib/thumb/v7-m/nofp/libc_nano.a(libc_a-assert.o)
 .ARM.attributes
                0x000005de       0x2d /home/jayakrishnan/Downloads/STM/makeself_dir_o70WRx/y/plugins/com.st.stm32cube.ide.mcu.externaltools.gnu-tools-for-stm32.13.3.rel1.linux64_1.0.0.202410170706/tools/bin/../lib/gcc/arm-none-eabi/13.3.1/../../../../arm-none-eabi/lib/thumb/v7-m/nofp/libc_nano.a(libc_a-freer.o)
 .ARM.attributes
                0x0000060b       0x2d /home/jayakrishnan/Downloads/STM/makeself_dir_o70WRx/y/plugins/com.st.stm32cube.ide.mcu.externaltools.gnu-tools-for-stm32.13.3.rel1.linux64_1.0.0.202410170706/tools/bin/../lib/gcc/arm-none-eabi/13.3.1/../../../../arm-none-eabi/lib/thumb/v7-m/nofp/libc_nano.a(libc_a-malloc.o)
 .ARM.attributes
                0x00000638       0x2d /home/jayakrishnan/Downloads/STM/makeself_dir_o70WRx/y/plugins/com.st.stm32cube.ide.mcu.externaltools.gnu-tools-for-stm32.13.3.rel1.linux64_1.0.0.202410170706/tools/bin/../lib/gcc/arm-none-eabi/13.3.1/../../../../arm-none-eabi/lib/thumb/v7-m/nofp/libc_nano.a(libc_a-mallocr.o)
 .ARM.attributes
                0x00000665       0x2d /home/jayakrishnan/Downloads/STM/makeself_dir_o70WRx/y/plugins/com.st.stm32cube.ide.mcu.externaltools.gnu-tools-for-stm32.13.3.rel1.linux64_1.0.0.202410170706/tools/bin/../lib/gcc/arm-none-eabi/13.3.1/../../../../arm-none-eabi/lib/thumb/v7-m/nofp/libc_nano.a(libc_a-mlock.o)
 .ARM.attributes
                0x00000692       0x2d /home/jayakrishnan/Downloads/STM/makeself_dir_o70WRx/y/plugins/com.st.stm32cube.ide.mcu.externaltools.gnu-tools-for-stm32.13.3.rel1.linux64_1.0.0.202410170706/tools/bin/../lib/gcc/arm-none-eabi/13.3.1/../../../../arm-none-eabi/lib/thumb/v7-m/nofp/libc_nano.a(libc_a-fflush.o)
 .ARM.attributes
                0x000006bf       0x2d /home/jayakrishnan/Downloads/STM/makeself_dir_o70WRx/y/plugins/com.st.stm32cube.ide.mcu.externaltools.gnu-tools-for-stm32.13.3.rel1.linux64_1.0.0.202410170706/tools/bin/../lib/gcc/arm-none-eabi/13.3.1/../../../../arm-none-eabi/lib/thumb/v7-m/nofp/libc_nano.a(libc_a-fprintf.o)
 .ARM.attributes
                0x000006ec       0x2d /home/jayakrishnan/Downloads/STM/makeself_dir_o70WRx/y/plugins/com.st.stm32cube.ide.mcu.externaltools.gnu-tools-for-stm32.13.3.rel1.linux64_1.0.0.202410170706/tools/bin/../lib/gcc/arm-none-eabi/13.3.1/../../../../arm-none-eabi/lib/thumb/v7-m/nofp/libc_nano.a(libc_a-sbrkr.o)
 .ARM.attributes
                0x00000719       0x2d /home/jayakrishnan/Downloads/STM/makeself_dir_o70WRx/y/plugins/com.st.stm32cube.ide.mcu.externaltools.gnu-tools-for-stm32.13.3.rel1.linux64_1.0.0.202410170706/tools/bin/../lib/gcc/arm-none-eabi/13.3.1/../../../../arm-none-eabi/lib/thumb/v7-m/nofp/libc_nano.a(libc_a-abort.o)
 .ARM.attributes
                0x00000746       0x2d /home/jayakrishnan/Downloads/STM/makeself_dir_o70WRx/y/plugins/com.st.stm32cube.ide.mcu.externaltools.gnu-tools-for-stm32.13.3.rel1.linux64_1.0.0.202410170706/tools/bin/../lib/gcc/arm-none-eabi/13.3.1/../../../../arm-none-eabi/lib/thumb/v7-m/nofp/libc_nano.a(libc_a-nano-vfprintf.o)
 .ARM.attributes
                0x00000773       0x2d /home/jayakrishnan/Downloads/STM/makeself_dir_o70WRx/y/plugins/com.st.stm32cube.ide.mcu.externaltools.gnu-tools-for-stm32.13.3.rel1.linux64_1.0.0.202410170706/tools/bin/../lib/gcc/arm-none-eabi/13.3.1/../../../../arm-none-eabi/lib/thumb/v7-m/nofp/libc_nano.a(libc_a-nano-vfprintf_i.o)
 .ARM.attributes
                0x000007a0       0x2d /home/jayakrishnan/Downloads/STM/makeself_dir_o70WRx/y/plugins/com.st.stm32cube.ide.mcu.externaltools.gnu-tools-for-stm32.13.3.rel1.linux64_1.0.0.202410170706/tools/bin/../lib/gcc/arm-none-eabi/13.3.1/../../../../arm-none-eabi/lib/thumb/v7-m/nofp/libc_nano.a(libc_a-wbuf.o)
 .ARM.attributes
                0x000007cd       0x2d /home/jayakrishnan/Downloads/STM/makeself_dir_o70WRx/y/plugins/com.st.stm32cube.ide.mcu.externaltools.gnu-tools-for-stm32.13.3.rel1.linux64_1.0.0.202410170706/tools/bin/../lib/gcc/arm-none-eabi/13.3.1/../../../../arm-none-eabi/lib/thumb/v7-m/nofp/libc_nano.a(libc_a-wsetup.o)
 .ARM.attributes
                0x000007fa       0x2d /home/jayakrishnan/Downloads/STM/makeself_dir_o70WRx/y/plugins/com.st.stm32cube.ide.mcu.externaltools.gnu-tools-for-stm32.13.3.rel1.linux64_1.0.0.202410170706/tools/bin/../lib/gcc/arm-none-eabi/13.3.1/../../../../arm-none-eabi/lib/thumb/v7-m/nofp/libc_nano.a(libc_a-signal.o)
 .ARM.attributes
                0x00000827       0x2d /home/jayakrishnan/Downloads/STM/makeself_dir_o70WRx/y/plugins/com.st.stm32cube.ide.mcu.externaltools.gnu-tools-for-stm32.13.3.rel1.linux64_1.0.0.202410170706/tools/bin/../lib/gcc/arm-none-eabi/13.3.1/../../../../arm-none-eabi/lib/thumb/v7-m/nofp/libc_nano.a(libc_a-signalr.o)
 .ARM.attributes
                0x00000854       0x2d /home/jayakrishnan/Downloads/STM/makeself_dir_o70WRx/y/plugins/com.st.stm32cube.ide.mcu.externaltools.gnu-tools-for-stm32.13.3.rel1.linux64_1.0.0.202410170706/tools/bin/../lib/gcc/arm-none-eabi/13.3.1/../../../../arm-none-eabi/lib/thumb/v7-m/nofp/libc_nano.a(libc_a-memchr-stub.o)
 .ARM.attributes
                0x00000881       0x2d /home/jayakrishnan/Downloads/STM/makeself_dir_o70WRx/y/plugins/com.st.stm32cube.ide.mcu.externaltools.gnu-tools-for-stm32.13.3.rel1.linux64_1.0.0.202410170706/tools/bin/../lib/gcc/arm-none-eabi/13.3.1/../../../../arm-none-eabi/lib/thumb/v7-m/nofp/libc_nano.a(libc_a-makebuf.o)
 .ARM.attributes
                0x000008ae       0x2d /home/jayakrishnan/Downloads/STM/makeself_dir_o70WRx/y/plugins/com.st.stm32cube.ide.mcu.externaltools.gnu-tools-for-stm32.13.3.rel1.linux64_1.0.0.202410170706/tools/bin/../lib/gcc/arm-none-eabi/13.3.1/../../../../arm-none-eabi/lib/thumb/v7-m/nofp/libc_nano.a(libc_a-fstatr.o)
 .ARM.attributes
                0x000008db       0x2d /home/jayakrishnan/Downloads/STM/makeself_dir_o70WRx/y/plugins/com.st.stm32cube.ide.mcu.externaltools.gnu-tools-for-stm32.13.3.rel1.linux64_1.0.0.202410170706/tools/bin/../lib/gcc/arm-none-eabi/13.3.1/../../../../arm-none-eabi/lib/thumb/v7-m/nofp/libc_nano.a(libc_a-isattyr.o)
 .ARM.attributes
                0x00000908       0x1d /home/jayakrishnan/Downloads/STM/makeself_dir_o70WRx/y/plugins/com.st.stm32cube.ide.mcu.externaltools.gnu-tools-for-stm32.13.3.rel1.linux64_1.0.0.202410170706/tools/bin/../lib/gcc/arm-none-eabi/13.3.1/thumb/v7-m/nofp/crtn.o
OUTPUT(LED_hour_glass.elf elf32-littlearm)
LOAD linker stubs
LOAD /home/jayakrishnan/Downloads/STM/makeself_dir_o70WRx/y/plugins/com.st.stm32cube.ide.mcu.externaltools.gnu-tools-for-stm32.13.3.rel1.linux64_1.0.0.202410170706/tools/bin/../lib/gcc/arm-none-eabi/13.3.1/../../../../arm-none-eabi/lib/thumb/v7-m/nofp/libc.a
LOAD /home/jayakrishnan/Downloads/STM/makeself_dir_o70WRx/y/plugins/com.st.stm32cube.ide.mcu.externaltools.gnu-tools-for-stm32.13.3.rel1.linux64_1.0.0.202410170706/tools/bin/../lib/gcc/arm-none-eabi/13.3.1/../../../../arm-none-eabi/lib/thumb/v7-m/nofp/libm.a
LOAD /home/jayakrishnan/Downloads/STM/makeself_dir_o70WRx/y/plugins/com.st.stm32cube.ide.mcu.externaltools.gnu-tools-for-stm32.13.3.rel1.linux64_1.0.0.202410170706/tools/bin/../lib/gcc/arm-none-eabi/13.3.1/thumb/v7-m/nofp/libgcc.a

.debug_info     0x00000000     0xaf0c
 .debug_info    0x00000000      0xefb ./Core/Src/functions.o
 .debug_info    0x00000efb      0x7ef ./Core/Src/lis3dh.o
 .debug_info    0x000016ea      0xf6a ./Core/Src/main.o
 .debug_info    0x00002654      0xc20 ./Core/Src/max7219.o
 .debug_info    0x00003274      0xcd7 ./Core/Src/stm32f1xx_hal_msp.o
 .debug_info    0x00003f4b      0x636 ./Core/Src/stm32f1xx_it.o
 .debug_info    0x00004581      0x6a3 ./Core/Src/syscalls.o
 .debug_info    0x00004c24      0x168 ./Core/Src/sysmem.o
 .debug_info    0x00004d8c      0x222 ./Core/Src/system_stm32f1xx.o
 .debug_info    0x00004fae       0x30 ./Core/Startup/startup_stm32f103cbtx.o
 .debug_info    0x00004fde      0x704 ./Drivers/STM32F1xx_HAL_Driver/Src/stm32f1xx_hal.o
 .debug_info    0x000056e2      0xa87 ./Drivers/STM32F1xx_HAL_Driver/Src/stm32f1xx_hal_cortex.o
 .debug_info    0x00006169      0x6d2 ./Drivers/STM32F1xx_HAL_Driver/Src/stm32f1xx_hal_dma.o
 .debug_info    0x0000683b      0x5ab ./Drivers/STM32F1xx_HAL_Driver/Src/stm32f1xx_hal_gpio.o
 .debug_info    0x00006de6     0x2524 ./Drivers/STM32F1xx_HAL_Driver/Src/stm32f1xx_hal_i2c.o
 .debug_info    0x0000930a      0x7d5 ./Drivers/STM32F1xx_HAL_Driver/Src/stm32f1xx_hal_rcc.o
 .debug_info    0x00009adf     0x142d ./Drivers/STM32F1xx_HAL_Driver/Src/stm32f1xx_hal_spi.o

.debug_abbrev   0x00000000     0x22c0
 .debug_abbrev  0x00000000      0x387 ./Core/Src/functions.o
 .debug_abbrev  0x00000387      0x1e2 ./Core/Src/lis3dh.o
 .debug_abbrev  0x00000569      0x326 ./Core/Src/main.o
 .debug_abbrev  0x0000088f      0x286 ./Core/Src/max7219.o
 .debug_abbrev  0x00000b15      0x1cb ./Core/Src/stm32f1xx_hal_msp.o
 .debug_abbrev  0x00000ce0      0x16d ./Core/Src/stm32f1xx_it.o
 .debug_abbrev  0x00000e4d      0x1b6 ./Core/Src/syscalls.o
 .debug_abbrev  0x00001003       0xbc ./Core/Src/sysmem.o
 .debug_abbrev  0x000010bf      0x13f ./Core/Src/system_stm32f1xx.o
 .debug_abbrev  0x000011fe       0x24 ./Core/Startup/startup_stm32f103cbtx.o
 .debug_abbrev  0x00001222      0x201 ./Drivers/STM32F1xx_HAL_Driver/Src/stm32f1xx_hal.o
 .debug_abbrev  0x00001423      0x2f8 ./Drivers/STM32F1xx_HAL_Driver/Src/stm32f1xx_hal_cortex.o
 .debug_abbrev  0x0000171b      0x20b ./Drivers/STM32F1xx_HAL_Driver/Src/stm32f1xx_hal_dma.o
 .debug_abbrev  0x00001926      0x1ca ./Drivers/STM32F1xx_HAL_Driver/Src/stm32f1xx_hal_gpio.o
 .debug_abbrev  0x00001af0      0x2a3 ./Drivers/STM32F1xx_HAL_Driver/Src/stm32f1xx_hal_i2c.o
 .debug_abbrev  0x00001d93      0x2b3 ./Drivers/STM32F1xx_HAL_Driver/Src/stm32f1xx_hal_rcc.o
 .debug_abbrev  0x00002046      0x27a ./Drivers/STM32F1xx_HAL_Driver/Src/stm32f1xx_hal_spi.o

.debug_aranges  0x00000000      0xb70
 .debug_aranges
                0x00000000       0xe0 ./Core/Src/functions.o
 .debug_aranges
                0x000000e0       0x40 ./Core/Src/lis3dh.o
 .debug_aranges
                0x00000120       0x50 ./Core/Src/main.o
 .debug_aranges
                0x00000170       0x88 ./Core/Src/max7219.o
 .debug_aranges
                0x000001f8       0x40 ./Core/Src/stm32f1xx_hal_msp.o
 .debug_aranges
                0x00000238       0x60 ./Core/Src/stm32f1xx_it.o
 .debug_aranges
                0x00000298       0xa8 ./Core/Src/syscalls.o
 .debug_aranges
                0x00000340       0x20 ./Core/Src/sysmem.o
 .debug_aranges
                0x00000360       0x28 ./Core/Src/system_stm32f1xx.o
 .debug_aranges
                0x00000388       0x28 ./Core/Startup/startup_stm32f103cbtx.o
 .debug_aranges
                0x000003b0       0xe0 ./Drivers/STM32F1xx_HAL_Driver/Src/stm32f1xx_hal.o
 .debug_aranges
                0x00000490      0x100 ./Drivers/STM32F1xx_HAL_Driver/Src/stm32f1xx_hal_cortex.o
 .debug_aranges
                0x00000590       0x80 ./Drivers/STM32F1xx_HAL_Driver/Src/stm32f1xx_hal_dma.o
 .debug_aranges
                0x00000610       0x58 ./Drivers/STM32F1xx_HAL_Driver/Src/stm32f1xx_hal_gpio.o
 .debug_aranges
                0x00000668      0x2a8 ./Drivers/STM32F1xx_HAL_Driver/Src/stm32f1xx_hal_i2c.o
 .debug_aranges
                0x00000910       0x90 ./Drivers/STM32F1xx_HAL_Driver/Src/stm32f1xx_hal_rcc.o
 .debug_aranges
                0x000009a0      0x1d0 ./Drivers/STM32F1xx_HAL_Driver/Src/stm32f1xx_hal_spi.o

.debug_rnglists
                0x00000000      0x8ba
 .debug_rnglists
                0x00000000       0xaa ./Core/Src/functions.o
 .debug_rnglists
                0x000000aa       0x2c ./Core/Src/lis3dh.o
 .debug_rnglists
                0x000000d6       0x3a ./Core/Src/main.o
 .debug_rnglists
                0x00000110       0x65 ./Core/Src/max7219.o
 .debug_rnglists
                0x00000175       0x2c ./Core/Src/stm32f1xx_hal_msp.o
 .debug_rnglists
                0x000001a1       0x43 ./Core/Src/stm32f1xx_it.o
 .debug_rnglists
                0x000001e4       0x79 ./Core/Src/syscalls.o
 .debug_rnglists
                0x0000025d       0x13 ./Core/Src/sysmem.o
 .debug_rnglists
                0x00000270       0x1a ./Core/Src/system_stm32f1xx.o
 .debug_rnglists
                0x0000028a       0x19 ./Core/Startup/startup_stm32f103cbtx.o
 .debug_rnglists
                0x000002a3       0xa3 ./Drivers/STM32F1xx_HAL_Driver/Src/stm32f1xx_hal.o
 .debug_rnglists
                0x00000346       0xbb ./Drivers/STM32F1xx_HAL_Driver/Src/stm32f1xx_hal_cortex.o
 .debug_rnglists
                0x00000401       0x64 ./Drivers/STM32F1xx_HAL_Driver/Src/stm32f1xx_hal_dma.o
 .debug_rnglists
                0x00000465       0x3f ./Drivers/STM32F1xx_HAL_Driver/Src/stm32f1xx_hal_gpio.o
 .debug_rnglists
                0x000004a4      0x23c ./Drivers/STM32F1xx_HAL_Driver/Src/stm32f1xx_hal_i2c.o
 .debug_rnglists
                0x000006e0       0x6c ./Drivers/STM32F1xx_HAL_Driver/Src/stm32f1xx_hal_rcc.o
 .debug_rnglists
                0x0000074c      0x16e ./Drivers/STM32F1xx_HAL_Driver/Src/stm32f1xx_hal_spi.o

.debug_macro    0x00000000    0x18795
 .debug_macro   0x00000000      0x292 ./Core/Src/functions.o
 .debug_macro   0x00000292      0xacc ./Core/Src/functions.o
 .debug_macro   0x00000d5e      0x21b ./Core/Src/functions.o
 .debug_macro   0x00000f79       0x2e ./Core/Src/functions.o
 .debug_macro   0x00000fa7       0x22 ./Core/Src/functions.o
 .debug_macro   0x00000fc9       0x22 ./Core/Src/functions.o
 .debug_macro   0x00000feb       0x8e ./Core/Src/functions.o
 .debug_macro   0x00001079       0x51 ./Core/Src/functions.o
 .debug_macro   0x000010ca      0x103 ./Core/Src/functions.o
 .debug_macro   0x000011cd       0x6a ./Core/Src/functions.o
 .debug_macro   0x00001237      0x1df ./Core/Src/functions.o
 .debug_macro   0x00001416       0x1c ./Core/Src/functions.o
 .debug_macro   0x00001432       0x22 ./Core/Src/functions.o
 .debug_macro   0x00001454       0xbd ./Core/Src/functions.o
 .debug_macro   0x00001511      0xd23 ./Core/Src/functions.o
 .debug_macro   0x00002234     0xe09e ./Core/Src/functions.o
 .debug_macro   0x000102d2       0x6d ./Core/Src/functions.o
 .debug_macro   0x0001033f     0x34a2 ./Core/Src/functions.o
 .debug_macro   0x000137e1      0x190 ./Core/Src/functions.o
 .debug_macro   0x00013971       0x5c ./Core/Src/functions.o
 .debug_macro   0x000139cd      0x5bc ./Core/Src/functions.o
 .debug_macro   0x00013f89      0x289 ./Core/Src/functions.o
 .debug_macro   0x00014212      0x1cb ./Core/Src/functions.o
 .debug_macro   0x000143dd      0x114 ./Core/Src/functions.o
 .debug_macro   0x000144f1      0x1b2 ./Core/Src/functions.o
 .debug_macro   0x000146a3       0x27 ./Core/Src/functions.o
 .debug_macro   0x000146ca      0x136 ./Core/Src/functions.o
 .debug_macro   0x00014800      0x1bc ./Core/Src/functions.o
 .debug_macro   0x000149bc       0x34 ./Core/Src/functions.o
 .debug_macro   0x000149f0       0x3c ./Core/Src/functions.o
 .debug_macro   0x00014a2c       0x57 ./Core/Src/functions.o
 .debug_macro   0x00014a83       0x87 ./Core/Src/functions.o
 .debug_macro   0x00014b0a      0x240 ./Core/Src/functions.o
 .debug_macro   0x00014d4a      0x287 ./Core/Src/functions.o
 .debug_macro   0x00014fd1      0x140 ./Core/Src/functions.o
 .debug_macro   0x00015111      0x217 ./Core/Src/functions.o
 .debug_macro   0x00015328       0x83 ./Core/Src/functions.o
 .debug_macro   0x000153ab       0x22 ./Core/Src/functions.o
 .debug_macro   0x000153cd       0x24 ./Core/Src/functions.o
 .debug_macro   0x000153f1       0x61 ./Core/Src/functions.o
 .debug_macro   0x00015452       0x43 ./Core/Src/functions.o
 .debug_macro   0x00015495       0x34 ./Core/Src/functions.o
 .debug_macro   0x000154c9       0x16 ./Core/Src/functions.o
 .debug_macro   0x000154df       0x3c ./Core/Src/functions.o
 .debug_macro   0x0001551b      0x370 ./Core/Src/functions.o
 .debug_macro   0x0001588b       0x16 ./Core/Src/functions.o
 .debug_macro   0x000158a1       0x4a ./Core/Src/functions.o
 .debug_macro   0x000158eb       0x34 ./Core/Src/functions.o
 .debug_macro   0x0001591f       0x10 ./Core/Src/functions.o
 .debug_macro   0x0001592f       0x58 ./Core/Src/functions.o
 .debug_macro   0x00015987       0x8e ./Core/Src/functions.o
 .debug_macro   0x00015a15       0x1c ./Core/Src/functions.o
 .debug_macro   0x00015a31      0x185 ./Core/Src/functions.o
 .debug_macro   0x00015bb6       0x16 ./Core/Src/functions.o
 .debug_macro   0x00015bcc       0x29 ./Core/Src/functions.o
 .debug_macro   0x00015bf5       0x3a ./Core/Src/functions.o
 .debug_macro   0x00015c2f       0x10 ./Core/Src/functions.o
 .debug_macro   0x00015c3f       0x46 ./Core/Src/functions.o
 .debug_macro   0x00015c85      0x1a8 ./Core/Src/lis3dh.o
 .debug_macro   0x00015e2d      0x28e ./Core/Src/main.o
 .debug_macro   0x000160bb      0x274 ./Core/Src/max7219.o
 .debug_macro   0x0001632f       0x10 ./Core/Src/max7219.o
 .debug_macro   0x0001633f       0x2e ./Core/Src/max7219.o
 .debug_macro   0x0001636d       0x10 ./Core/Src/max7219.o
 .debug_macro   0x0001637d       0x20 ./Core/Src/max7219.o
 .debug_macro   0x0001639d      0x28e ./Core/Src/stm32f1xx_hal_msp.o
 .debug_macro   0x0001662b      0x298 ./Core/Src/stm32f1xx_it.o
 .debug_macro   0x000168c3      0x274 ./Core/Src/syscalls.o
 .debug_macro   0x00016b37       0x5b ./Core/Src/syscalls.o
 .debug_macro   0x00016b92       0x94 ./Core/Src/syscalls.o
 .debug_macro   0x00016c26       0x57 ./Core/Src/syscalls.o
 .debug_macro   0x00016c7d       0x10 ./Core/Src/syscalls.o
 .debug_macro   0x00016c8d       0x10 ./Core/Src/syscalls.o
 .debug_macro   0x00016c9d       0x10 ./Core/Src/syscalls.o
 .debug_macro   0x00016cad       0x10 ./Core/Src/syscalls.o
 .debug_macro   0x00016cbd       0x1c ./Core/Src/syscalls.o
 .debug_macro   0x00016cd9       0x52 ./Core/Src/syscalls.o
 .debug_macro   0x00016d2b       0x22 ./Core/Src/syscalls.o
 .debug_macro   0x00016d4d       0x10 ./Core/Src/syscalls.o
 .debug_macro   0x00016d5d       0x52 ./Core/Src/syscalls.o
 .debug_macro   0x00016daf       0xcf ./Core/Src/syscalls.o
 .debug_macro   0x00016e7e       0x1c ./Core/Src/syscalls.o
 .debug_macro   0x00016e9a       0x3d ./Core/Src/syscalls.o
 .debug_macro   0x00016ed7       0x35 ./Core/Src/syscalls.o
 .debug_macro   0x00016f0c      0x12c ./Core/Src/syscalls.o
 .debug_macro   0x00017038       0x10 ./Core/Src/syscalls.o
 .debug_macro   0x00017048      0x242 ./Core/Src/syscalls.o
 .debug_macro   0x0001728a       0x1c ./Core/Src/syscalls.o
 .debug_macro   0x000172a6       0x10 ./Core/Src/syscalls.o
 .debug_macro   0x000172b6       0x10 ./Core/Src/syscalls.o
 .debug_macro   0x000172c6       0x16 ./Core/Src/syscalls.o
 .debug_macro   0x000172dc      0x146 ./Core/Src/syscalls.o
 .debug_macro   0x00017422      0x18a ./Core/Src/syscalls.o
 .debug_macro   0x000175ac       0x16 ./Core/Src/syscalls.o
 .debug_macro   0x000175c2       0xce ./Core/Src/syscalls.o
 .debug_macro   0x00017690      0x112 ./Core/Src/sysmem.o
 .debug_macro   0x000177a2      0x23c ./Core/Src/sysmem.o
 .debug_macro   0x000179de      0x198 ./Core/Src/system_stm32f1xx.o
 .debug_macro   0x00017b76      0x1bc ./Drivers/STM32F1xx_HAL_Driver/Src/stm32f1xx_hal.o
 .debug_macro   0x00017d32      0x198 ./Drivers/STM32F1xx_HAL_Driver/Src/stm32f1xx_hal_cortex.o
 .debug_macro   0x00017eca      0x198 ./Drivers/STM32F1xx_HAL_Driver/Src/stm32f1xx_hal_dma.o
 .debug_macro   0x00018062      0x203 ./Drivers/STM32F1xx_HAL_Driver/Src/stm32f1xx_hal_gpio.o
 .debug_macro   0x00018265      0x1e6 ./Drivers/STM32F1xx_HAL_Driver/Src/stm32f1xx_hal_i2c.o
 .debug_macro   0x0001844b      0x1aa ./Drivers/STM32F1xx_HAL_Driver/Src/stm32f1xx_hal_rcc.o
 .debug_macro   0x000185f5      0x1a0 ./Drivers/STM32F1xx_HAL_Driver/Src/stm32f1xx_hal_spi.o

.debug_line     0x00000000     0xe22c
 .debug_line    0x00000000      0xed3 ./Core/Src/functions.o
 .debug_line    0x00000ed3      0x79b ./Core/Src/lis3dh.o
 .debug_line    0x0000166e      0x9e6 ./Core/Src/main.o
 .debug_line    0x00002054      0xae2 ./Core/Src/max7219.o
 .debug_line    0x00002b36      0x8ad ./Core/Src/stm32f1xx_hal_msp.o
 .debug_line    0x000033e3      0x8c8 ./Core/Src/stm32f1xx_it.o
 .debug_line    0x00003cab      0x868 ./Core/Src/syscalls.o
 .debug_line    0x00004513      0x544 ./Core/Src/sysmem.o
 .debug_line    0x00004a57      0x711 ./Core/Src/system_stm32f1xx.o
 .debug_line    0x00005168       0x78 ./Core/Startup/startup_stm32f103cbtx.o
 .debug_line    0x000051e0      0x942 ./Drivers/STM32F1xx_HAL_Driver/Src/stm32f1xx_hal.o
 .debug_line    0x00005b22      0xb0c ./Drivers/STM32F1xx_HAL_Driver/Src/stm32f1xx_hal_cortex.o
 .debug_line    0x0000662e      0xd4c ./Drivers/STM32F1xx_HAL_Driver/Src/stm32f1xx_hal_dma.o
 .debug_line    0x0000737a      0x99f ./Drivers/STM32F1xx_HAL_Driver/Src/stm32f1xx_hal_gpio.o
 .debug_line    0x00007d19     0x3b3f ./Drivers/STM32F1xx_HAL_Driver/Src/stm32f1xx_hal_i2c.o
 .debug_line    0x0000b858      0xdfb ./Drivers/STM32F1xx_HAL_Driver/Src/stm32f1xx_hal_rcc.o
 .debug_line    0x0000c653     0x1bd9 ./Drivers/STM32F1xx_HAL_Driver/Src/stm32f1xx_hal_spi.o

.debug_str      0x00000000    0x861b3
 .debug_str     0x00000000    0x861b3 ./Core/Src/functions.o
                              0x81560 (size before relaxing)
 .debug_str     0x000861b3    0x7e035 ./Core/Src/lis3dh.o
 .debug_str     0x000861b3    0x81971 ./Core/Src/main.o
 .debug_str     0x000861b3    0x81303 ./Core/Src/max7219.o
 .debug_str     0x000861b3    0x81945 ./Core/Src/stm32f1xx_hal_msp.o
 .debug_str     0x000861b3    0x813ff ./Core/Src/stm32f1xx_it.o
 .debug_str     0x000861b3     0x9990 ./Core/Src/syscalls.o
 .debug_str     0x000861b3     0x772e ./Core/Src/sysmem.o
 .debug_str     0x000861b3    0x7db43 ./Core/Src/system_stm32f1xx.o
 .debug_str     0x000861b3       0x88 ./Core/Startup/startup_stm32f103cbtx.o
 .debug_str     0x000861b3    0x7e276 ./Drivers/STM32F1xx_HAL_Driver/Src/stm32f1xx_hal.o
 .debug_str     0x000861b3    0x7e1c2 ./Drivers/STM32F1xx_HAL_Driver/Src/stm32f1xx_hal_cortex.o
 .debug_str     0x000861b3    0x7deec ./Drivers/STM32F1xx_HAL_Driver/Src/stm32f1xx_hal_dma.o
 .debug_str     0x000861b3    0x7dec9 ./Drivers/STM32F1xx_HAL_Driver/Src/stm32f1xx_hal_gpio.o
 .debug_str     0x000861b3    0x7ec0a ./Drivers/STM32F1xx_HAL_Driver/Src/stm32f1xx_hal_i2c.o
 .debug_str     0x000861b3    0x7df72 ./Drivers/STM32F1xx_HAL_Driver/Src/stm32f1xx_hal_rcc.o
 .debug_str     0x000861b3    0x7e469 ./Drivers/STM32F1xx_HAL_Driver/Src/stm32f1xx_hal_spi.o

.comment        0x00000000       0x43
 .comment       0x00000000       0x43 ./Core/Src/functions.o
                                 0x44 (size before relaxing)
 .comment       0x00000043       0x44 ./Core/Src/lis3dh.o
 .comment       0x00000043       0x44 ./Core/Src/main.o
 .comment       0x00000043       0x44 ./Core/Src/max7219.o
 .comment       0x00000043       0x44 ./Core/Src/stm32f1xx_hal_msp.o
 .comment       0x00000043       0x44 ./Core/Src/stm32f1xx_it.o
 .comment       0x00000043       0x44 ./Core/Src/syscalls.o
 .comment       0x00000043       0x44 ./Core/Src/sysmem.o
 .comment       0x00000043       0x44 ./Core/Src/system_stm32f1xx.o
 .comment       0x00000043       0x44 ./Drivers/STM32F1xx_HAL_Driver/Src/stm32f1xx_hal.o
 .comment       0x00000043       0x44 ./Drivers/STM32F1xx_HAL_Driver/Src/stm32f1xx_hal_cortex.o
 .comment       0x00000043       0x44 ./Drivers/STM32F1xx_HAL_Driver/Src/stm32f1xx_hal_dma.o
 .comment       0x00000043       0x44 ./Drivers/STM32F1xx_HAL_Driver/Src/stm32f1xx_hal_gpio.o
 .comment       0x00000043       0x44 ./Drivers/STM32F1xx_HAL_Driver/Src/stm32f1xx_hal_i2c.o
 .comment       0x00000043       0x44 ./Drivers/STM32F1xx_HAL_Driver/Src/stm32f1xx_hal_rcc.o
 .comment       0x00000043       0x44 ./Drivers/STM32F1xx_HAL_Driver/Src/stm32f1xx_hal_spi.o

.debug_frame    0x00000000     0x37a8
 .debug_frame   0x00000000      0x394 ./Core/Src/functions.o
 .debug_frame   0x00000394       0xc4 ./Core/Src/lis3dh.o
 .debug_frame   0x00000458       0xec ./Core/Src/main.o
 .debug_frame   0x00000544      0x214 ./Core/Src/max7219.o
 .debug_frame   0x00000758       0xc8 ./Core/Src/stm32f1xx_hal_msp.o
 .debug_frame   0x00000820      0x108 ./Core/Src/stm32f1xx_it.o
 .debug_frame   0x00000928      0x2ac ./Core/Src/syscalls.o
 .debug_frame   0x00000bd4       0x34 ./Core/Src/sysmem.o
 .debug_frame   0x00000c08       0x58 ./Core/Src/system_stm32f1xx.o
 .debug_frame   0x00000c60      0x334 ./Drivers/STM32F1xx_HAL_Driver/Src/stm32f1xx_hal.o
 .debug_frame   0x00000f94      0x428 ./Drivers/STM32F1xx_HAL_Driver/Src/stm32f1xx_hal_cortex.o
 .debug_frame   0x000013bc      0x208 ./Drivers/STM32F1xx_HAL_Driver/Src/stm32f1xx_hal_dma.o
 .debug_frame   0x000015c4      0x14c ./Drivers/STM32F1xx_HAL_Driver/Src/stm32f1xx_hal_gpio.o
 .debug_frame   0x00001710      0xc84 ./Drivers/STM32F1xx_HAL_Driver/Src/stm32f1xx_hal_i2c.o
 .debug_frame   0x00002394      0x218 ./Drivers/STM32F1xx_HAL_Driver/Src/stm32f1xx_hal_rcc.o