Archive member included to satisfy reference by file (symbol)

/home/jayakrishnan/Downloads/STM/makeself_dir_o70WRx/y/plugins/com.st.stm32cube.ide.mcu.externaltools.gnu-tools-for-stm32.13.3.rel1.linux64_1.0.0.202410170706/tools/bin/../lib/gcc/arm-none-eabi/13.3.1/../../../../arm-none-eabi/lib/thumb/v7-m/nofp/libc_nano.a(libc_a-exit.o)
                              /home/jayakrishnan/Downloads/STM/makeself_dir_o70WRx/y/plugins/com.st.stm32cube.ide.mcu.externaltools.gnu-tools-for-stm32.13.3.rel1.linux64_1.0.0.202410170706/tools/bin/../lib/gcc/arm-none-eabi/13.3.1/../../../../arm-none-eabi/lib/thumb/v7-m/nofp/crt0.o (exit)
/home/jayakrishnan/Downloads/STM/makeself_dir_o70WRx/y/plugins/com.st.stm32cube.ide.mcu.externaltools.gnu-tools-for-stm32.13.3.rel1.linux64_1.0.0.202410170706/tools/bin/../lib/gcc/arm-none-eabi/13.3.1/../../../../arm-none-eabi/lib/thumb/v7-m/nofp/libc_nano.a(libc_a-rand.o)
                              ./Core/Src/main.o (srand)
/home/jayakrishnan/Downloads/STM/makeself_dir_o70WRx/y/plugins/com.st.stm32cube.ide.mcu.externaltools.gnu-tools-for-stm32.13.3.rel1.linux64_1.0.0.202410170706/tools/bin/../lib/gcc/arm-none-eabi/13.3.1/../../../../arm-none-eabi/lib/thumb/v7-m/nofp/libc_nano.a(libc_a-findfp.o)
                              /home/jayakrishnan/Downloads/STM/makeself_dir_o70WRx/y/plugins/com.st.stm32cube.ide.mcu.externaltools.gnu-tools-for-stm32.13.3.rel1.linux64_1.0.0.202410170706/tools/bin/../lib/gcc/arm-none-eabi/13.3.1/../../../../arm-none-eabi/lib/thumb/v7-m/nofp/libc_nano.a(libc_a-exit.o) (__stdio_exit_handler)
/home/jayakrishnan/Downloads/STM/makeself_dir_o70WRx/y/plugins/com.st.stm32cube.ide.mcu.externaltools.gnu-tools-for-stm32.13.3.rel1.linux64_1.0.0.202410170706/tools/bin/../lib/gcc/arm-none-eabi/13.3.1/../../../../arm-none-eabi/lib/thumb/v7-m/nofp/libc_nano.a(libc_a-fwalk.o)
                              /home/jayakrishnan/Downloads/STM/makeself_dir_o70WRx/y/plugins/com.st.stm32cube.ide.mcu.externaltools.gnu-tools-for-stm32.13.3.rel1.linux64_1.0.0.202410170706/tools/bin/../lib/gcc/arm-none-eabi/13.3.1/../../../../arm-none-eabi/lib/thumb/v7-m/nofp/libc_nano.a(libc_a-findfp.o) (_fwalk_sglue)
/home/jayakrishnan/Downloads/STM/makeself_dir_o70WRx/y/plugins/com.st.stm32cube.ide.mcu.externaltools.gnu-tools-for-stm32.13.3.rel1.linux64_1.0.0.202410170706/tools/bin/../lib/gcc/arm-none-eabi/13.3.1/../../../../arm-none-eabi/lib/thumb/v7-m/nofp/libc_nano.a(libc_a-stdio.o)
                              /home/jayakrishnan/Downloads/STM/makeself_dir_o70WRx/y/plugins/com.st.stm32cube.ide.mcu.externaltools.gnu-tools-for-stm32.13.3.rel1.linux64_1.0.0.202410170706/tools/bin/../lib/gcc/arm-none-eabi/13.3.1/../../../../arm-none-eabi/lib/thumb/v7-m/nofp/libc_nano.a(libc_a-findfp.o) (__sread)
/home/jayakrishnan/Downloads/STM/makeself_dir_o70WRx/y/plugins/com.st.stm32cube.ide.mcu.externaltools.gnu-tools-for-stm32.13.3.rel1.linux64_1.0.0.202410170706/tools/bin/../lib/gcc/arm-none-eabi/13.3.1/../../../../arm-none-eabi/lib/thumb/v7-m/nofp/libc_nano.a(libc_a-memset.o)
                              /home/jayakrishnan/Downloads/STM/makeself_dir_o70WRx/y/plugins/com.st.stm32cube.ide.mcu.externaltools.gnu-tools-for-stm32.13.3.rel1.linux64_1.0.0.202410170706/tools/bin/../lib/gcc/arm-none-eabi/13.3.1/../../../../arm-none-eabi/lib/thumb/v7-m/nofp/crt0.o (memset)
/home/jayakrishnan/Downloads/STM/makeself_dir_o70WRx/y/plugins/com.st.stm32cube.ide.mcu.externaltools.gnu-tools-for-stm32.13.3.rel1.linux64_1.0.0.202410170706/tools/bin/../lib/gcc/arm-none-eabi/13.3.1/../../../../arm-none-eabi/lib/thumb/v7-m/nofp/libc_nano.a(libc_a-closer.o)
                              /home/jayakrishnan/Downloads/STM/makeself_dir_o70WRx/y/plugins/com.st.stm32cube.ide.mcu.externaltools.gnu-tools-for-stm32.13.3.rel1.linux64_1.0.0.202410170706/tools/bin/../lib/gcc/arm-none-eabi/13.3.1/../../../../arm-none-eabi/lib/thumb/v7-m/nofp/libc_nano.a(libc_a-stdio.o) (_close_r)
/home/jayakrishnan/Downloads/STM/makeself_dir_o70WRx/y/plugins/com.st.stm32cube.ide.mcu.externaltools.gnu-tools-for-stm32.13.3.rel1.linux64_1.0.0.202410170706/tools/bin/../lib/gcc/arm-none-eabi/13.3.1/../../../../arm-none-eabi/lib/thumb/v7-m/nofp/libc_nano.a(libc_a-reent.o)
                              /home/jayakrishnan/Downloads/STM/makeself_dir_o70WRx/y/plugins/com.st.stm32cube.ide.mcu.externaltools.gnu-tools-for-stm32.13.3.rel1.linux64_1.0.0.202410170706/tools/bin/../lib/gcc/arm-none-eabi/13.3.1/../../../../arm-none-eabi/lib/thumb/v7-m/nofp/libc_nano.a(libc_a-closer.o) (errno)
/home/jayakrishnan/Downloads/STM/makeself_dir_o70WRx/y/plugins/com.st.stm32cube.ide.mcu.externaltools.gnu-tools-for-stm32.13.3.rel1.linux64_1.0.0.202410170706/tools/bin/../lib/gcc/arm-none-eabi/13.3.1/../../../../arm-none-eabi/lib/thumb/v7-m/nofp/libc_nano.a(libc_a-impure.o)
[...]
Memory Configuration

Name             Origin             Length             Attributes
RAM              0x20000000         0x00005000         xrw
FLASH            0x08000000         0x00020000         xr
*default*        0x00000000         0xffffffff

Linker script and memory map

LOAD /home/jayakrishnan/Downloads/STM/makeself_dir_o70WRx/y/plugins/com.st.stm32cube.ide.mcu.externaltools.gnu-tools-for-stm32.13.3.rel1.linux64_1.0.0.202410170706/tools/bin/../lib/gcc/arm-none-eabi/13.3.1/thumb/v7-m/nofp/crti.o
LOAD /home/jayakrishnan/Downloads/STM/makeself_dir_o70WRx/y/plugins/com.st.stm32cube.ide.mcu.externaltools.gnu-tools-for-stm32.13.3.rel1.linux64_1.0.0.202410170706/tools/bin/../lib/gcc/arm-none-eabi/13.3.1/thumb/v7-m/nofp/crtbegin.o
LOAD /home/jayakrishnan/Downloads/STM/makeself_dir_o70WRx/y/plugins/com.st.stm32cube.ide.mcu.externaltools.gnu-tools-for-stm32.13.3.rel1.linux64_1.0.0.202410170706/tools/bin/../lib/gcc/arm-none-eabi/13.3.1/../../../../arm-none-eabi/lib/thumb/v7-m/nofp/crt0.o
LOAD ./Core/Src/functions.o
LOAD ./Core/Src/lis3dh.o
LOAD ./Core/Src/main.o
LOAD ./Core/Src/max7219.o
LOAD ./Core/Src/stm32f1xx_hal_msp.o
LOAD ./Core/Src/stm32f1xx_it.o
LOAD ./Core/Src/syscalls.o
LOAD ./Core/Src/sysmem.o
LOAD ./Core/Src/system_stm32f1xx.o
LOAD ./Core/Startup/startup_stm32f103cbtx.o
LOAD ./Drivers/STM32F1xx_HAL_Driver/Src/stm32f1xx_hal.o
LOAD ./Drivers/STM32F1xx_HAL_Driver/Src/stm32f1xx_hal_cortex.o
LOAD ./Drivers/STM32F1xx_HAL_Driver/Src/stm32f1xx_hal_dma.o
LOAD ./Drivers/STM32F1xx_HAL_Driver/Src/stm32f1xx_hal_exti.o
LOAD ./Drivers/STM32F1xx_HAL_Driver/Src/stm32f1xx_hal_flash.o
LOAD ./Drivers/STM32F1xx_HAL_Driver/Src/stm32f1xx_hal_flash_ex.o
LOAD ./Drivers/STM32F1xx_HAL_Driver/Src/stm32f1xx_hal_gpio.o
LOAD ./Drivers/STM32F1xx_HAL_Driver/Src/stm32f1xx_hal_gpio_ex.o
LOAD ./Drivers/STM32F1xx_HAL_Driver/Src/stm32f1xx_hal_i2c.o
LOAD ./Drivers/STM32F1xx_HAL_Driver/Src/stm32f1xx_hal_pwr.o
LOAD ./Drivers/STM32F1xx_HAL_Driver/Src/stm32f1xx_hal_rcc.o
LOAD ./Drivers/STM32F1xx_HAL_Driver/Src/stm32f1xx_hal_rcc_ex.o
LOAD ./Drivers/STM32F1xx_HAL_Driver/Src/stm32f1xx_hal_spi.o
START GROUP
LOAD /home/jayakrishnan/Downloads/STM/makeself_dir_o70WRx/y/plugins/com.st.stm32cube.ide.mcu.externaltools.gnu-tools-for-stm32.13.3.rel1.linux64_1.0.0.202410170706/tools/bin/../lib/gcc/arm-none-eabi/13.3.1/../../../../arm-none-eabi/lib/thumb/v7-m/nofp/libc_nano.a
LOAD /home/jayakrishnan/Downloads/STM/makeself_dir_o70WRx/y/plugins/com.st.stm32cube.ide.mcu.externaltools.gnu-tools-for-stm32.13.3.rel1.linux64_1.0.0.202410170706/tools/bin/../lib/gcc/arm-none-eabi/13.3.1/../../../../arm-none-eabi/lib/thumb/v7-m/nofp/libm.a
END GROUP
START GROUP
LOAD /home/jayakrishnan/Downloads/STM/makeself_dir_o70WRx/y/plugins/com.st.stm32cube.ide.mcu.externaltools.gnu-tools-for-stm32.13.3.rel1.linux64_1.0.0.202410170706/tools/bin/../lib/gcc/arm-none-eabi/13.3.1/thumb/v7-m/nofp/libgcc.a
LOAD /home/jayakrishnan/Downloads/STM/makeself_dir_o70WRx/y/plugins/com.st.stm32cube.ide.mcu.externaltools.gnu-tools-for-stm32.13.3.rel1.linux64_1.0.0.202410170706/tools/bin/../lib/gcc/arm-none-eabi/13.3.1/../../../../arm-none-eabi/lib/thumb/v7-m/nofp/libc_nano.a
END GROUP
START GROUP
LOAD /home/jayakrishnan/Downloads/STM/makeself_dir_o70WRx/y/plugins/com.st.stm32cube.ide.mcu.externaltools.gnu-tools-for-stm32.13.3.rel1.linux64_1.0.0.202410170706/tools/bin/../lib/gcc/arm-none-eabi/13.3.1/thumb/v7-m/nofp/libgcc.a
LOAD /home/jayakrishnan/Downloads/STM/makeself_dir_o70WRx/y/plugins/com.st.stm32cube.ide.mcu.externaltools.gnu-tools-for-stm32.13.3.rel1.linux64_1.0.0.202410170706/tools/bin/../lib/gcc/arm-none-eabi/13.3.1/../../../../arm-none-eabi/lib/thumb/v7-m/nofp/libc_nano.a
LOAD /home/jayakrishnan/Downloads/STM/makeself_dir_o70WRx/y/plugins/com.st.stm32cube.ide.mcu.externaltools.gnu-tools-for-stm32.13.3.rel1.linux64_1.0.0.202410170706/tools/bin/../lib/gcc/arm-none-eabi/13.3.1/../../../../arm-none-eabi/lib/thumb/v7-m/nofp/libnosys.a
END GROUP
START GROUP
LOAD /home/jayakrishnan/Downloads/STM/makeself_dir_o70WRx/y/plugins/com.st.stm32cube.ide.mcu.externaltools.gnu-tools-for-stm32.13.3.rel1.linux64_1.0.0.202410170706/tools/bin/../lib/gcc/arm-none-eabi/13.3.1/thumb/v7-m/nofp/libgcc.a
LOAD /home/jayakrishnan/Downloads/STM/makeself_dir_o70WRx/y/plugins/com.st.stm32cube.ide.mcu.externaltools.gnu-tools-for-stm32.13.3.rel1.linux64_1.0.0.202410170706/tools/bin/../lib/gcc/arm-none-eabi/13.3.1/../../../../arm-none-eabi/lib/thumb/v7-m/nofp/libc_nano.a
LOAD /home/jayakrishnan/Downloads/STM/makeself_dir_o70WRx/y/plugins/com.st.stm32cube.ide.mcu.externaltools.gnu-tools-for-stm32.13.3.rel1.linux64_1.0.0.202410170706/tools/bin/../lib/gcc/arm-none-eabi/13.3.1/../../../../arm-none-eabi/lib/thumb/v7-m/nofp/libnosys.a
END GROUP
LOAD /home/jayakrishnan/Downloads/STM/makeself_dir_o70WRx/y/plugins/com.st.stm32cube.ide.mcu.externaltools.gnu-tools-for-stm32.13.3.rel1.linux64_1.0.0.202410170706/tools/bin/../lib/gcc/arm-none-eabi/13.3.1/thumb/v7-m/nofp/crtend.o
LOAD /home/jayakrishnan/Downloads/STM/makeself_dir_o70WRx/y/plugins/com.st.stm32cube.ide.mcu.externaltools.gnu-tools-for-stm32.13.3.rel1.linux64_1.0.0.202410170706/tools/bin/../lib/gcc/arm-none-eabi/13.3.1/thumb/v7-m/nofp/crtn.o
                0x20005000                        _estack = (ORIGIN (RAM) + LENGTH (RAM))
                0x00000200                        _Min_Heap_Size = 0x200
                0x00000400                        _Min_Stack_Size = 0x400

.isr_vector     0x08000000      0x10c
                0x08000000                        . = ALIGN (0x4)
 *(.isr_vector)
 .isr_vector    0x08000000      0x10c ./Core/Startup/startup_stm32f103cbtx.o
                0x08000000                g_pfnVectors
                0x0800010c                        . = ALIGN (0x4)

.text           0x0800010c     0x6348
                0x0800010c                        . = ALIGN (0x4)
 *(.text)
 .text          0x0800010c       0x40 /home/jayakrishnan/Downloads/STM/makeself_dir_o70WRx/y/plugins/com.st.stm32cube.ide.mcu.externaltools.gnu-tools-for-stm32.13.3.rel1.linux64_1.0.0.202410170706/tools/bin/../lib/gcc/arm-none-eabi/13.3.1/thumb/v7-m/nofp/crtbegin.o
 *(.text*)
 .text.getDown  0x0800014c       0x3c ./Core/Src/functions.o
                0x0800014c                getDown
 .text.getLeft  0x08000188       0x38 ./Core/Src/functions.o
                0x08000188                getLeft
 .text.getRight
                0x080001c0       0x38 ./Core/Src/functions.o
                0x080001c0                getRight
 .text.canGoLeft
                0x080001f8       0x64 ./Core/Src/functions.o
                0x080001f8                canGoLeft
 .text.canGoRight
                0x0800025c       0x64 ./Core/Src/functions.o
                0x0800025c                canGoRight
 .text.canGoDown
                0x080002c0       0x94 ./Core/Src/functions.o
                0x080002c0                canGoDown
 .text.goDown   0x08000354       0x60 ./Core/Src/functions.o
                0x08000354                goDown
 .text.goLeft   0x080003b4       0x60 ./Core/Src/functions.o
                0x080003b4                goLeft
 .text.goRight  0x08000414       0x60 ./Core/Src/functions.o
                0x08000414                goRight
 .text.moveParticle
                0x08000474       0xe8 ./Core/Src/functions.o
                0x08000474                moveParticle
 .text.fill     0x0800055c       0x90 ./Core/Src/functions.o
                0x0800055c                fill
 .text.countParticles
                0x080005ec       0x58 ./Core/Src/functions.o
                0x080005ec                countParticles
 .text.updateMatrix
                0x08000644       0xbc ./Core/Src/functions.o
                0x08000644                updateMatrix
 .text.millis   0x08000700        0xe ./Core/Src/functions.o
                0x08000700                millis
 *fill*         0x0800070e        0x2 
 .text.getDelayDrop
                0x08000710       0x2c ./Core/Src/functions.o
                0x08000710                getDelayDrop
 .text.getTopMatrix
                0x0800073c       0x20 ./Core/Src/functions.o
                0x0800073c                getTopMatrix
 .text.resetTime
                0x0800075c       0x4c ./Core/Src/functions.o
                0x0800075c                resetTime
 .text.dropParticle
                0x080007a8       0xd0 ./Core/Src/functions.o
                0x080007a8                dropParticle
 .text.alarm    0x08000878       0x48 ./Core/Src/functions.o
                0x08000878                alarm
 .text.LIS3DH_WriteReg
                0x080008c0       0x34 ./Core/Src/lis3dh.o
 .text.LIS3DH_ReadReg
                0x080008f4       0x38 ./Core/Src/lis3dh.o
 .text.LIS3DH_Init
                0x0800092c       0x5a ./Core/Src/lis3dh.o
                0x0800092c                LIS3DH_Init
 .text.LIS3DH_ReadRaw
                0x08000986       0x74 ./Core/Src/lis3dh.o
                0x08000986                LIS3DH_ReadRaw
 .text.LIS3DH_GetGravityDirection
                0x080009fa       0xb8 ./Core/Src/lis3dh.o
                0x080009fa                LIS3DH_GetGravityDirection
 *fill*         0x08000ab2        0x2 
 .text.blink    0x08000ab4       0x38 ./Core/Src/main.o
                0x08000ab4                blink
 .text.main     0x08000aec      0x12c ./Core/Src/main.o
                0x08000aec                main
 .text.SystemClock_Config
                0x08000c18       0x8a ./Core/Src/main.o
                0x08000c18                SystemClock_Config
 *fill*         0x08000ca2        0x2 
 .text.MX_I2C1_Init
                0x08000ca4       0x5c ./Core/Src/main.o
 .text.MX_SPI1_Init
                0x08000d00       0x6c ./Core/Src/main.o
 .text.MX_GPIO_Init
                0x08000d6c       0xd8 ./Core/Src/main.o
 .text.Error_Handler
                0x08000e44        0xc ./Core/Src/main.o
                0x08000e44                Error_Handler
 .text.MAX7219_Write
                0x08000e50       0x5a ./Core/Src/max7219.o
 .text.MAX7219_Init
                0x08000eaa       0xb6 ./Core/Src/max7219.o
                0x08000eaa                MAX7219_Init
 .text.MAX7219_SetRotation
                0x08000f60       0x38 ./Core/Src/max7219.o
                0x08000f60                MAX7219_SetRotation
 .text.transform_coord
                0x08000f98       0x76 ./Core/Src/max7219.o
 .text.MAX7219_SetXY
                0x0800100e       0x42 ./Core/Src/max7219.o
                0x0800100e                MAX7219_SetXY
 .text.MAX7219_GetXY
                0x08001050       0x3e ./Core/Src/max7219.o
                0x08001050                MAX7219_GetXY
 .text.MAX7219_SetRawXY
                0x0800108e       0xae ./Core/Src/max7219.o
                0x0800108e                MAX7219_SetRawXY
 .text.MAX7219_GetRawXY
                0x0800113c       0x70 ./Core/Src/max7219.o
                0x0800113c                MAX7219_GetRawXY
 .text.MAX7219_InvertRawXY
                0x080011ac       0x4e ./Core/Src/max7219.o
                0x080011ac                MAX7219_InvertRawXY
 .text.MAX7219_ClearDisplay
                0x080011fa       0x52 ./Core/Src/max7219.o
                0x080011fa                MAX7219_ClearDisplay
 .text.MAX7219_SetIntensity
                0x0800124c       0x36 ./Core/Src/max7219.o
                0x0800124c                MAX7219_SetIntensity
 .text.MAX7219_Shutdown
                0x08001282       0x3a ./Core/Src/max7219.o
                0x08001282                MAX7219_Shutdown
 .text.MAX7219_Test_BlinkAll
                0x080012bc       0xa0 ./Core/Src/max7219.o
                0x080012bc                MAX7219_Test_BlinkAll
 .text.HAL_MspInit
                0x0800135c       0x64 ./Core/Src/stm32f1xx_hal_msp.o
                0x0800135c                HAL_MspInit
 .text.HAL_I2C_MspInit
                0x080013c0       0x8c ./Core/Src/stm32f1xx_hal_msp.o
                0x080013c0                HAL_I2C_MspInit
 .text.HAL_SPI_MspInit
                0x0800144c       0x7c ./Core/Src/stm32f1xx_hal_msp.o
                0x0800144c                HAL_SPI_MspInit
 .text.HardFault_Handler
                0x080014c8        0x8 ./Core/Src/stm32f1xx_it.o
                0x080014c8                HardFault_Handler
 .text.MemManage_Handler
                0x080014d0        0x8 ./Core/Src/stm32f1xx_it.o
                0x080014d0                MemManage_Handler
 .text.BusFault_Handler
                0x080014d8        0x8 ./Core/Src/stm32f1xx_it.o
                0x080014d8                BusFault_Handler
 .text.UsageFault_Handler
                0x080014e0        0x8 ./Core/Src/stm32f1xx_it.o
                0x080014e0                UsageFault_Handler
 .text.SVC_Handler
                0x080014e8        0xc ./Core/Src/stm32f1xx_it.o
                0x080014e8                SVC_Handler
 .text.DebugMon_Handler
                0x080014f4        0xc ./Core/Src/stm32f1xx_it.o
                0x080014f4                DebugMon_Handler
 .text.PendSV_Handler
                0x08001500        0xc ./Core/Src/stm32f1xx_it.o
                0x08001500                PendSV_Handler
 .text.SysTick_Handler
                0x0800150c        0xc ./Core/Src/stm32f1xx_it.o
                0x0800150c                SysTick_Handler
 .text.I2C1_EV_IRQHandler
                0x08001518       0x14 ./Core/Src/stm32f1xx_it.o
                0x08001518                I2C1_EV_IRQHandler
 .text._getpid  0x0800152c        0xe ./Core/Src/syscalls.o
                0x0800152c                _getpid
 .text._kill    0x0800153a       0x20 ./Core/Src/syscalls.o
                0x0800153a                _kill
 .text._exit    0x0800155a       0x16 ./Core/Src/syscalls.o
                0x0800155a                _exit
 .text._read    0x08001570       0x3a ./Core/Src/syscalls.o
                0x08001570                _read
 .text._write   0x080015aa       0x38 ./Core/Src/syscalls.o
                0x080015aa                _write
 .text._close   0x080015e2       0x16 ./Core/Src/syscalls.o
                0x080015e2                _close
 .text._fstat   0x080015f8       0x1e ./Core/Src/syscalls.o
                0x080015f8                _fstat
 .text._isatty  0x08001616       0x14 ./Core/Src/syscalls.o
                0x08001616                _isatty
 .text._lseek   0x0800162a       0x18 ./Core/Src/syscalls.o
                0x0800162a                _lseek
 *fill*         0x08001642        0x2 
 .text._sbrk    0x08001644       0x6c ./Core/Src/sysmem.o
                0x08001644                _sbrk
 .text.SystemInit
                0x080016b0        0xc ./Core/Src/system_stm32f1xx.o
                0x080016b0                SystemInit
 .text.Reset_Handler
                0x080016bc       0x48 ./Core/Startup/startup_stm32f103cbtx.o
                0x080016bc                Reset_Handler
 .text.Default_Handler
                0x08001704        0x2 ./Core/Startup/startup_stm32f103cbtx.o
                0x08001704                RTC_Alarm_IRQHandler
                0x08001704                EXTI2_IRQHandler
                0x08001704                TIM1_CC_IRQHandler
                0x08001704                PVD_IRQHandler
                0x08001704                NMI_Handler
                0x08001704                EXTI3_IRQHandler
                0x08001704                EXTI0_IRQHandler
                0x08001704                I2C2_EV_IRQHandler
                0x08001704                ADC1_2_IRQHandler
                0x08001704                SPI1_IRQHandler
                0x08001704                TAMPER_IRQHandler
                0x08001704                DMA1_Channel4_IRQHandler
                0x08001704                USART3_IRQHandler
                0x08001704                RTC_IRQHandler
                0x08001704                DMA1_Channel7_IRQHandler
                0x08001704                CAN1_RX1_IRQHandler
                0x08001704                TIM4_IRQHandler
                0x08001704                DMA1_Channel6_IRQHandler
                0x08001704                TIM3_IRQHandler
                0x08001704                RCC_IRQHandler
                0x08001704                TIM1_TRG_COM_IRQHandler
                0x08001704                DMA1_Channel1_IRQHandler
                0x08001704                Default_Handler
                0x08001704                EXTI15_10_IRQHandler
                0x08001704                EXTI9_5_IRQHandler
                0x08001704                SPI2_IRQHandler
                0x08001704                DMA1_Channel5_IRQHandler
                0x08001704                EXTI4_IRQHandler
                0x08001704                USB_LP_CAN1_RX0_IRQHandler
                0x08001704                USB_HP_CAN1_TX_IRQHandler
                0x08001704                DMA1_Channel3_IRQHandler
                0x08001704                TIM1_UP_IRQHandler
                0x08001704                WWDG_IRQHandler
                0x08001704                TIM2_IRQHandler
                0x08001704                TIM1_BRK_IRQHandler
                0x08001704                EXTI1_IRQHandler
                0x08001704                USART2_IRQHandler
                0x08001704                I2C2_ER_IRQHandler
                0x08001704                DMA1_Channel2_IRQHandler
                0x08001704                CAN1_SCE_IRQHandler
                0x08001704                FLASH_IRQHandler
                0x08001704                USART1_IRQHandler
                0x08001704                I2C1_ER_IRQHandler
                0x08001704                USBWakeUp_IRQHandler
 *fill*         0x08001706        0x2 
 .text.HAL_Init
                0x08001708       0x2c ./Drivers/STM32F1xx_HAL_Driver/Src/stm32f1xx_hal.o
                0x08001708                HAL_Init
 .text.HAL_InitTick
                0x08001734       0x60 ./Drivers/STM32F1xx_HAL_Driver/Src/stm32f1xx_hal.o
                0x08001734                HAL_InitTick
 .text.HAL_IncTick
                0x08001794       0x24 ./Drivers/STM32F1xx_HAL_Driver/Src/stm32f1xx_hal.o
                0x08001794                HAL_IncTick
 .text.HAL_GetTick
                0x080017b8       0x14 ./Drivers/STM32F1xx_HAL_Driver/Src/stm32f1xx_hal.o
                0x080017b8                HAL_GetTick
 .text.HAL_Delay
                0x080017cc       0x48 ./Drivers/STM32F1xx_HAL_Driver/Src/stm32f1xx_hal.o
                0x080017cc                HAL_Delay
 .text.__NVIC_SetPriorityGrouping
                0x08001814       0x48 ./Drivers/STM32F1xx_HAL_Driver/Src/stm32f1xx_hal_cortex.o
 .text.__NVIC_GetPriorityGrouping
                0x0800185c       0x1c ./Drivers/STM32F1xx_HAL_Driver/Src/stm32f1xx_hal_cortex.o
 .text.__NVIC_EnableIRQ
                0x08001878       0x38 ./Drivers/STM32F1xx_HAL_Driver/Src/stm32f1xx_hal_cortex.o
 .text.__NVIC_SetPriority
                0x080018b0       0x54 ./Drivers/STM32F1xx_HAL_Driver/Src/stm32f1xx_hal_cortex.o
 .text.NVIC_EncodePriority
                0x08001904       0x64 ./Drivers/STM32F1xx_HAL_Driver/Src/stm32f1xx_hal_cortex.o
 .text.SysTick_Config
                0x08001968       0x44 ./Drivers/STM32F1xx_HAL_Driver/Src/stm32f1xx_hal_cortex.o
 .text.HAL_NVIC_SetPriorityGrouping
                0x080019ac       0x16 ./Drivers/STM32F1xx_HAL_Driver/Src/stm32f1xx_hal_cortex.o
                0x080019ac                HAL_NVIC_SetPriorityGrouping
 .text.HAL_NVIC_SetPriority
                0x080019c2       0x38 ./Drivers/STM32F1xx_HAL_Driver/Src/stm32f1xx_hal_cortex.o
                0x080019c2                HAL_NVIC_SetPriority
 .text.HAL_NVIC_EnableIRQ
                0x080019fa       0x1c ./Drivers/STM32F1xx_HAL_Driver/Src/stm32f1xx_hal_cortex.o
                0x080019fa                HAL_NVIC_EnableIRQ
 .text.HAL_SYSTICK_Config
                0x08001a16       0x18 ./Drivers/STM32F1xx_HAL_Driver/Src/stm32f1xx_hal_cortex.o
                0x08001a16                HAL_SYSTICK_Config
 *fill*         0x08001a2e        0x2 
 .text.HAL_DMA_Abort_IT
                0x08001a30       0xf0 ./Drivers/STM32F1xx_HAL_Driver/Src/stm32f1xx_hal_dma.o
                0x08001a30                HAL_DMA_Abort_IT
 .text.HAL_DMA_GetState
                0x08001b20       0x1a ./Drivers/STM32F1xx_HAL_Driver/Src/stm32f1xx_hal_dma.o
                0x08001b20                HAL_DMA_GetState
 *fill*         0x08001b3a        0x2 
 .text.HAL_GPIO_Init
                0x08001b3c      0x308 ./Drivers/STM32F1xx_HAL_Driver/Src/stm32f1xx_hal_gpio.o
                0x08001b3c                HAL_GPIO_Init
 .text.HAL_GPIO_WritePin
                0x08001e44       0x30 ./Drivers/STM32F1xx_HAL_Driver/Src/stm32f1xx_hal_gpio.o
                0x08001e44                HAL_GPIO_WritePin
 .text.HAL_I2C_Init
                0x08001e74      0x288 ./Drivers/STM32F1xx_HAL_Driver/Src/stm32f1xx_hal_i2c.o
                0x08001e74                HAL_I2C_Init
 .text.I2C_Flush_DR
                0x080020fc       0x28 ./Drivers/STM32F1xx_HAL_Driver/Src/stm32f1xx_hal_i2c.o
 .text.HAL_I2C_Mem_Write
                0x08002124      0x1f4 ./Drivers/STM32F1xx_HAL_Driver/Src/stm32f1xx_hal_i2c.o
                0x08002124                HAL_I2C_Mem_Write
 .text.HAL_I2C_Mem_Read
                0x08002318      0x4e8 ./Drivers/STM32F1xx_HAL_Driver/Src/stm32f1xx_hal_i2c.o
                0x08002318                HAL_I2C_Mem_Read
 .text.HAL_I2C_EV_IRQHandler
                0x08002800      0x2e2 ./Drivers/STM32F1xx_HAL_Driver/Src/stm32f1xx_hal_i2c.o
                0x08002800                HAL_I2C_EV_IRQHandler
 .text.HAL_I2C_MasterTxCpltCallback
                0x08002ae2       0x12 ./Drivers/STM32F1xx_HAL_Driver/Src/stm32f1xx_hal_i2c.o
                0x08002ae2                HAL_I2C_MasterTxCpltCallback
 .text.HAL_I2C_MasterRxCpltCallback
                0x08002af4       0x12 ./Drivers/STM32F1xx_HAL_Driver/Src/stm32f1xx_hal_i2c.o
                0x08002af4                HAL_I2C_MasterRxCpltCallback
 .text.HAL_I2C_SlaveTxCpltCallback
                0x08002b06       0x12 ./Drivers/STM32F1xx_HAL_Driver/Src/stm32f1xx_hal_i2c.o
                0x08002b06                HAL_I2C_SlaveTxCpltCallback
 .text.HAL_I2C_SlaveRxCpltCallback
                0x08002b18       0x12 ./Drivers/STM32F1xx_HAL_Driver/Src/stm32f1xx_hal_i2c.o
                0x08002b18                HAL_I2C_SlaveRxCpltCallback
 .text.HAL_I2C_AddrCallback
                0x08002b2a       0x1a ./Drivers/STM32F1xx_HAL_Driver/Src/stm32f1xx_hal_i2c.o
                0x08002b2a                HAL_I2C_AddrCallback
 .text.HAL_I2C_ListenCpltCallback
                0x08002b44       0x12 ./Drivers/STM32F1xx_HAL_Driver/Src/stm32f1xx_hal_i2c.o
                0x08002b44                HAL_I2C_ListenCpltCallback
 .text.HAL_I2C_MemTxCpltCallback
                0x08002b56       0x12 ./Drivers/STM32F1xx_HAL_Driver/Src/stm32f1xx_hal_i2c.o
                0x08002b56                HAL_I2C_MemTxCpltCallback
 .text.HAL_I2C_MemRxCpltCallback
                0x08002b68       0x12 ./Drivers/STM32F1xx_HAL_Driver/Src/stm32f1xx_hal_i2c.o
                0x08002b68                HAL_I2C_MemRxCpltCallback
 .text.HAL_I2C_ErrorCallback
                0x08002b7a       0x12 ./Drivers/STM32F1xx_HAL_Driver/Src/stm32f1xx_hal_i2c.o
                0x08002b7a                HAL_I2C_ErrorCallback
 .text.HAL_I2C_AbortCpltCallback
                0x08002b8c       0x12 ./Drivers/STM32F1xx_HAL_Driver/Src/stm32f1xx_hal_i2c.o
                0x08002b8c                HAL_I2C_AbortCpltCallback
 .text.I2C_MasterTransmit_TXE
                0x08002b9e      0x138 ./Drivers/STM32F1xx_HAL_Driver/Src/stm32f1xx_hal_i2c.o
 .text.I2C_MasterTransmit_BTF
                0x08002cd6       0xec ./Drivers/STM32F1xx_HAL_Driver/Src/stm32f1xx_hal_i2c.o
 .text.I2C_MemoryTransmit_TXE_BTF
                0x08002dc2      0x130 ./Drivers/STM32F1xx_HAL_Driver/Src/stm32f1xx_hal_i2c.o
 .text.I2C_MasterReceive_RXNE
                0x08002ef2      0x190 ./Drivers/STM32F1xx_HAL_Driver/Src/stm32f1xx_hal_i2c.o
 .text.I2C_MasterReceive_BTF
                0x08003082      0x1e2 ./Drivers/STM32F1xx_HAL_Driver/Src/stm32f1xx_hal_i2c.o
 .text.I2C_Master_SB
                0x08003264      0x10a ./Drivers/STM32F1xx_HAL_Driver/Src/stm32f1xx_hal_i2c.o
 .text.I2C_Master_ADD10
                0x0800336e       0x52 ./Drivers/STM32F1xx_HAL_Driver/Src/stm32f1xx_hal_i2c.o
 .text.I2C_Master_ADDR
                0x080033c0      0x336 ./Drivers/STM32F1xx_HAL_Driver/Src/stm32f1xx_hal_i2c.o
 .text.I2C_SlaveTransmit_TXE
                0x080036f6       0x7a ./Drivers/STM32F1xx_HAL_Driver/Src/stm32f1xx_hal_i2c.o
 .text.I2C_SlaveTransmit_BTF
                0x08003770       0x40 ./Drivers/STM32F1xx_HAL_Driver/Src/stm32f1xx_hal_i2c.o
 .text.I2C_SlaveReceive_RXNE
                0x080037b0       0x7c ./Drivers/STM32F1xx_HAL_Driver/Src/stm32f1xx_hal_i2c.o
 .text.I2C_SlaveReceive_BTF
                0x0800382c       0x42 ./Drivers/STM32F1xx_HAL_Driver/Src/stm32f1xx_hal_i2c.o
 .text.I2C_Slave_ADDR
                0x0800386e       0x94 ./Drivers/STM32F1xx_HAL_Driver/Src/stm32f1xx_hal_i2c.o
 *fill*         0x08003902        0x2 
 .text.I2C_Slave_STOPF
                0x08003904      0x260 ./Drivers/STM32F1xx_HAL_Driver/Src/stm32f1xx_hal_i2c.o
 .text.I2C_ITError
                0x08003b64      0x264 ./Drivers/STM32F1xx_HAL_Driver/Src/stm32f1xx_hal_i2c.o
 .text.I2C_RequestMemoryWrite
                0x08003dc8      0x12c ./Drivers/STM32F1xx_HAL_Driver/Src/stm32f1xx_hal_i2c.o
 .text.I2C_RequestMemoryRead
                0x08003ef4      0x1d0 ./Drivers/STM32F1xx_HAL_Driver/Src/stm32f1xx_hal_i2c.o
 .text.I2C_DMAAbort
                0x080040c4      0x150 ./Drivers/STM32F1xx_HAL_Driver/Src/stm32f1xx_hal_i2c.o
 .text.I2C_WaitOnFlagUntilTimeout
                0x08004214       0xf4 ./Drivers/STM32F1xx_HAL_Driver/Src/stm32f1xx_hal_i2c.o
 .text.I2C_WaitOnMasterAddressFlagUntilTimeout
                0x08004308      0x140 ./Drivers/STM32F1xx_HAL_Driver/Src/stm32f1xx_hal_i2c.o
 .text.I2C_WaitOnTXEFlagUntilTimeout
                0x08004448       0x90 ./Drivers/STM32F1xx_HAL_Driver/Src/stm32f1xx_hal_i2c.o
 .text.I2C_WaitOnBTFFlagUntilTimeout
                0x080044d8       0x90 ./Drivers/STM32F1xx_HAL_Driver/Src/stm32f1xx_hal_i2c.o
 .text.I2C_WaitOnSTOPRequestThroughIT
                0x08004568       0x64 ./Drivers/STM32F1xx_HAL_Driver/Src/stm32f1xx_hal_i2c.o
 .text.I2C_WaitOnRXNEFlagUntilTimeout
                0x080045cc       0xba ./Drivers/STM32F1xx_HAL_Driver/Src/stm32f1xx_hal_i2c.o
 .text.I2C_IsAcknowledgeFailed
                0x08004686       0x5c ./Drivers/STM32F1xx_HAL_Driver/Src/stm32f1xx_hal_i2c.o
 .text.I2C_ConvertOtherXferOptions
                0x080046e2       0x34 ./Drivers/STM32F1xx_HAL_Driver/Src/stm32f1xx_hal_i2c.o
 *fill*         0x08004716        0x2 
 .text.HAL_RCC_OscConfig
                0x08004718      0x504 ./Drivers/STM32F1xx_HAL_Driver/Src/stm32f1xx_hal_rcc.o
                0x08004718                HAL_RCC_OscConfig
 .text.HAL_RCC_ClockConfig
                0x08004c1c      0x1d4 ./Drivers/STM32F1xx_HAL_Driver/Src/stm32f1xx_hal_rcc.o
                0x08004c1c                HAL_RCC_ClockConfig
 .text.HAL_RCC_GetSysClockFreq
                0x08004df0       0xa8 ./Drivers/STM32F1xx_HAL_Driver/Src/stm32f1xx_hal_rcc.o
                0x08004df0                HAL_RCC_GetSysClockFreq
 .text.HAL_RCC_GetHCLKFreq
                0x08004e98       0x14 ./Drivers/STM32F1xx_HAL_Driver/Src/stm32f1xx_hal_rcc.o
                0x08004e98                HAL_RCC_GetHCLKFreq
 .text.HAL_RCC_GetPCLK1Freq
                0x08004eac       0x28 ./Drivers/STM32F1xx_HAL_Driver/Src/stm32f1xx_hal_rcc.o
                0x08004eac                HAL_RCC_GetPCLK1Freq
 .text.RCC_Delay
                0x08004ed4       0x3c ./Drivers/STM32F1xx_HAL_Driver/Src/stm32f1xx_hal_rcc.o
 .text.HAL_SPI_Init
                0x08004f10      0x108 ./Drivers/STM32F1xx_HAL_Driver/Src/stm32f1xx_hal_spi.o
                0x08004f10                HAL_SPI_Init
 .text.HAL_SPI_Transmit
                0x08005018      0x288 ./Drivers/STM32F1xx_HAL_Driver/Src/stm32f1xx_hal_spi.o
                0x08005018                HAL_SPI_Transmit
 .text.SPI_WaitFlagStateUntilTimeout
                0x080052a0      0x110 ./Drivers/STM32F1xx_HAL_Driver/Src/stm32f1xx_hal_spi.o
 .text.SPI_EndRxTxTransaction
                0x080053b0       0x62 ./Drivers/STM32F1xx_HAL_Driver/Src/stm32f1xx_hal_spi.o
 *fill*         0x08005412        0x2 
 .text.srand    0x08005414       0x5c /home/jayakrishnan/Downloads/STM/makeself_dir_o70WRx/y/plugins/com.st.stm32cube.ide.mcu.externaltools.gnu-tools-for-stm32.13.3.rel1.linux64_1.0.0.202410170706/tools/bin/../lib/gcc/arm-none-eabi/13.3.1/../../../../arm-none-eabi/lib/thumb/v7-m/nofp/libc_nano.a(libc_a-rand.o)
                0x08005414                srand
 .text.rand     0x08005470       0x7c /home/jayakrishnan/Downloads/STM/makeself_dir_o70WRx/y/plugins/com.st.stm32cube.ide.mcu.externaltools.gnu-tools-for-stm32.13.3.rel1.linux64_1.0.0.202410170706/tools/bin/../lib/gcc/arm-none-eabi/13.3.1/../../../../arm-none-eabi/lib/thumb/v7-m/nofp/libc_nano.a(libc_a-rand.o)
                0x08005470                rand
 .text.std      0x080054ec       0x6c /home/jayakrishnan/Downloads/STM/makeself_dir_o70WRx/y/plugins/com.st.stm32cube.ide.mcu.externaltools.gnu-tools-for-stm32.13.3.rel1.linux64_1.0.0.202410170706/tools/bin/../lib/gcc/arm-none-eabi/13.3.1/../../../../arm-none-eabi/lib/thumb/v7-m/nofp/libc_nano.a(libc_a-findfp.o)
 .text.stdio_exit_handler
                0x08005558       0x18 /home/jayakrishnan/Downloads/STM/makeself_dir_o70WRx/y/plugins/com.st.stm32cube.ide.mcu.externaltools.gnu-tools-for-stm32.13.3.rel1.linux64_1.0.0.202410170706/tools/bin/../lib/gcc/arm-none-eabi/13.3.1/../../../../arm-none-eabi/lib/thumb/v7-m/nofp/libc_nano.a(libc_a-findfp.o)
 .text.cleanup_stdio
                0x08005570       0x40 /home/jayakrishnan/Downloads/STM/makeself_dir_o70WRx/y/plugins/com.st.stm32cube.ide.mcu.externaltools.gnu-tools-for-stm32.13.3.rel1.linux64_1.0.0.202410170706/tools/bin/../lib/gcc/arm-none-eabi/13.3.1/../../../../arm-none-eabi/lib/thumb/v7-m/nofp/libc_nano.a(libc_a-findfp.o)
 .text.global_stdio_init.part.0
                0x080055b0       0x3c /home/jayakrishnan/Downloads/STM/makeself_dir_o70WRx/y/plugins/com.st.stm32cube.ide.mcu.externaltools.gnu-tools-for-stm32.13.3.rel1.linux64_1.0.0.202410170706/tools/bin/../lib/gcc/arm-none-eabi/13.3.1/../../../../arm-none-eabi/lib/thumb/v7-m/nofp/libc_nano.a(libc_a-findfp.o)
 .text.__sfp_lock_acquire
                0x080055ec        0xc /home/jayakrishnan/Downloads/STM/makeself_dir_o70WRx/y/plugins/com.st.stm32cube.ide.mcu.externaltools.gnu-tools-for-stm32.13.3.rel1.linux64_1.0.0.202410170706/tools/bin/../lib/gcc/arm-none-eabi/13.3.1/../../../../arm-none-eabi/lib/thumb/v7-m/nofp/libc_nano.a(libc_a-findfp.o)
                0x080055ec                __sfp_lock_acquire
 .text.__sfp_lock_release
                0x080055f8        0xc /home/jayakrishnan/Downloads/STM/makeself_dir_o70WRx/y/plugins/com.st.stm32cube.ide.mcu.externaltools.gnu-tools-for-stm32.13.3.rel1.linux64_1.0.0.202410170706/tools/bin/../lib/gcc/arm-none-eabi/13.3.1/../../../../arm-none-eabi/lib/thumb/v7-m/nofp/libc_nano.a(libc_a-findfp.o)
                0x080055f8                __sfp_lock_release
 .text.__sinit  0x08005604       0x30 /home/jayakrishnan/Downloads/STM/makeself_dir_o70WRx/y/plugins/com.st.stm32cube.ide.mcu.externaltools.gnu-tools-for-stm32.13.3.rel1.linux64_1.0.0.202410170706/tools/bin/../lib/gcc/arm-none-eabi/13.3.1/../../../../arm-none-eabi/lib/thumb/v7-m/nofp/libc_nano.a(libc_a-findfp.o)
                0x08005604                __sinit
 .text._fwalk_sglue
                0x08005634       0x3c /home/jayakrishnan/Downloads/STM/makeself_dir_o70WRx/y/plugins/com.st.stm32cube.ide.mcu.externaltools.gnu-tools-for-stm32.13.3.rel1.linux64_1.0.0.202410170706/tools/bin/../lib/gcc/arm-none-eabi/13.3.1/../../../../arm-none-eabi/lib/thumb/v7-m/nofp/libc_nano.a(libc_a-fwalk.o)
                0x08005634                _fwalk_sglue
 .text.__sread  0x08005670       0x22 /home/jayakrishnan/Downloads/STM/makeself_dir_o70WRx/y/plugins/com.st.stm32cube.ide.mcu.externaltools.gnu-tools-for-stm32.13.3.rel1.linux64_1.0.0.202410170706/tools/bin/../lib/gcc/arm-none-eabi/13.3.1/../../../../arm-none-eabi/lib/thumb/v7-m/nofp/libc_nano.a(libc_a-stdio.o)
                0x08005670                __sread
 .text.__swrite
                0x08005692       0x38 /home/jayakrishnan/Downloads/STM/makeself_dir_o70WRx/y/plugins/com.st.stm32cube.ide.mcu.externaltools.gnu-tools-for-stm32.13.3.rel1.linux64_1.0.0.202410170706/tools/bin/../lib/gcc/arm-none-eabi/13.3.1/../../../../arm-none-eabi/lib/thumb/v7-m/nofp/libc_nano.a(libc_a-stdio.o)
                0x08005692                __swrite
 .text.__sseek  0x080056ca       0x24 /home/jayakrishnan/Downloads/STM/makeself_dir_o70WRx/y/plugins/com.st.stm32cube.ide.mcu.externaltools.gnu-tools-for-stm32.13.3.rel1.linux64_1.0.0.202410170706/tools/bin/../lib/gcc/arm-none-eabi/13.3.1/../../../../arm-none-eabi/lib/thumb/v7-m/nofp/libc_nano.a(libc_a-stdio.o)
                0x080056ca                __sseek
 .text.__sclose
                0x080056ee        0x8 /home/jayakrishnan/Downloads/STM/makeself_dir_o70WRx/y/plugins/com.st.stm32cube.ide.mcu.externaltools.gnu-tools-for-stm32.13.3.rel1.linux64_1.0.0.202410170706/tools/bin/../lib/gcc/arm-none-eabi/13.3.1/../../../../arm-none-eabi/lib/thumb/v7-m/nofp/libc_nano.a(libc_a-stdio.o)
                0x080056ee                __sclose
 .text.memset   0x080056f6       0x10 /home/jayakrishnan/Downloads/STM/makeself_dir_o70WRx/y/plugins/com.st.stm32cube.ide.mcu.externaltools.gnu-tools-for-stm32.13.3.rel1.linux64_1.0.0.202410170706/tools/bin/../lib/gcc/arm-none-eabi/13.3.1/../../../../arm-none-eabi/lib/thumb/v7-m/nofp/libc_nano.a(libc_a-memset.o)
                0x080056f6                memset
 *fill*         0x08005706        0x2 
 .text._close_r
                0x08005708       0x20 /home/jayakrishnan/Downloads/STM/makeself_dir_o70WRx/y/plugins/com.st.stm32cube.ide.mcu.externaltools.gnu-tools-for-stm32.13.3.rel1.linux64_1.0.0.202410170706/tools/bin/../lib/gcc/arm-none-eabi/13.3.1/../../../../arm-none-eabi/lib/thumb/v7-m/nofp/libc_nano.a(libc_a-closer.o)
                0x08005708                _close_r
 .text._lseek_r
                0x08005728       0x24 /home/jayakrishnan/Downloads/STM/makeself_dir_o70WRx/y/plugins/com.st.stm32cube.ide.mcu.externaltools.gnu-tools-for-stm32.13.3.rel1.linux64_1.0.0.202410170706/tools/bin/../lib/gcc/arm-none-eabi/13.3.1/../../../../arm-none-eabi/lib/thumb/v7-m/nofp/libc_nano.a(libc_a-lseekr.o)
                0x08005728                _lseek_r
 .text._read_r  0x0800574c       0x24 /home/jayakrishnan/Downloads/STM/makeself_dir_o70WRx/y/plugins/com.st.stm32cube.ide.mcu.externaltools.gnu-tools-for-stm32.13.3.rel1.linux64_1.0.0.202410170706/tools/bin/../lib/gcc/arm-none-eabi/13.3.1/../../../../arm-none-eabi/lib/thumb/v7-m/nofp/libc_nano.a(libc_a-readr.o)
                0x0800574c                _read_r
 .text._write_r
                0x08005770       0x24 /home/jayakrishnan/Downloads/STM/makeself_dir_o70WRx/y/plugins/com.st.stm32cube.ide.mcu.externaltools.gnu-tools-for-stm32.13.3.rel1.linux64_1.0.0.202410170706/tools/bin/../lib/gcc/arm-none-eabi/13.3.1/../../../../arm-none-eabi/lib/thumb/v7-m/nofp/libc_nano.a(libc_a-writer.o)
                0x08005770                _write_r
 .text.__errno  0x08005794        0xc /home/jayakrishnan/Downloads/STM/makeself_dir_o70WRx/y/plugins/com.st.stm32cube.ide.mcu.externaltools.gnu-tools-for-stm32.13.3.rel1.linux64_1.0.0.202410170706/tools/bin/../lib/gcc/arm-none-eabi/13.3.1/../../../../arm-none-eabi/lib/thumb/v7-m/nofp/libc_nano.a(libc_a-errno.o)
                0x08005794                __errno
 .text.__libc_init_array
                0x080057a0       0x48 /home/jayakrishnan/Downloads/STM/makeself_dir_o70WRx/y/plugins/com.st.stm32cube.ide.mcu.externaltools.gnu-tools-for-stm32.13.3.rel1.linux64_1.0.0.202410170706/tools/bin/../lib/gcc/arm-none-eabi/13.3.1/../../../../arm-none-eabi/lib/thumb/v7-m/nofp/libc_nano.a(libc_a-init.o)
                0x080057a0                __libc_init_array
 .text.__retarget_lock_init_recursive
                0x080057e8        0x2 /home/jayakrishnan/Downloads/STM/makeself_dir_o70WRx/y/plugins/com.st.stm32cube.ide.mcu.externaltools.gnu-tools-for-stm32.13.3.rel1.linux64_1.0.0.202410170706/tools/bin/../lib/gcc/arm-none-eabi/13.3.1/../../../../arm-none-eabi/lib/thumb/v7-m/nofp/libc_nano.a(libc_a-lock.o)
                0x080057e8                __retarget_lock_init_recursive
 .text.__retarget_lock_acquire_recursive
                0x080057ea        0x2 /home/jayakrishnan/Downloads/STM/makeself_dir_o70WRx/y/plugins/com.st.stm32cube.ide.mcu.externaltools.gnu-tools-for-stm32.13.3.rel1.linux64_1.0.0.202410170706/tools/bin/../lib/gcc/arm-none-eabi/13.3.1/../../../../arm-none-eabi/lib/thumb/v7-m/nofp/libc_nano.a(libc_a-lock.o)
                0x080057ea                __retarget_lock_acquire_recursive
 .text.__retarget_lock_release_recursive
                0x080057ec        0x2 /home/jayakrishnan/Downloads/STM/makeself_dir_o70WRx/y/plugins/com.st.stm32cube.ide.mcu.externaltools.gnu-tools-for-stm32.13.3.rel1.linux64_1.0.0.202410170706/tools/bin/../lib/gcc/arm-none-eabi/13.3.1/../../../../arm-none-eabi/lib/thumb/v7-m/nofp/libc_nano.a(libc_a-lock.o)
                0x080057ec                __retarget_lock_release_recursive
 *fill*         0x080057ee        0x2 
 .text.__assert_func
                0x080057f0       0x3c /home/jayakrishnan/Downloads/STM/makeself_dir_o70WRx/y/plugins/com.st.stm32cube.ide.mcu.externaltools.gnu-tools-for-stm32.13.3.rel1.linux64_1.0.0.202410170706/tools/bin/../lib/gcc/arm-none-eabi/13.3.1/../../../../arm-none-eabi/lib/thumb/v7-m/nofp/libc_nano.a(libc_a-assert.o)
                0x080057f0                __assert_func
 .text._free_r  0x0800582c       0x90 /home/jayakrishnan/Downloads/STM/makeself_dir_o70WRx/y/plugins/com.st.stm32cube.ide.mcu.externaltools.gnu-tools-for-stm32.13.3.rel1.linux64_1.0.0.202410170706/tools/bin/../lib/gcc/arm-none-eabi/13.3.1/../../../../arm-none-eabi/lib/thumb/v7-m/nofp/libc_nano.a(libc_a-freer.o)
                0x0800582c                _free_r
 .text.malloc   0x080058bc       0x10 /home/jayakrishnan/Downloads/STM/makeself_dir_o70WRx/y/plugins/com.st.stm32cube.ide.mcu.externaltools.gnu-tools-for-stm32.13.3.rel1.linux64_1.0.0.202410170706/tools/bin/../lib/gcc/arm-none-eabi/13.3.1/../../../../arm-none-eabi/lib/thumb/v7-m/nofp/libc_nano.a(libc_a-malloc.o)
                0x080058bc                malloc
 .text.sbrk_aligned
                0x080058cc       0x44 /home/jayakrishnan/Downloads/STM/makeself_dir_o70WRx/y/plugins/com.st.stm32cube.ide.mcu.externaltools.gnu-tools-for-stm32.13.3.rel1.linux64_1.0.0.202410170706/tools/bin/../lib/gcc/arm-none-eabi/13.3.1/../../../../arm-none-eabi/lib/thumb/v7-m/nofp/libc_nano.a(libc_a-mallocr.o)
 .text._malloc_r
                0x08005910      0x100 /home/jayakrishnan/Downloads/STM/makeself_dir_o70WRx/y/plugins/com.st.stm32cube.ide.mcu.externaltools.gnu-tools-for-stm32.13.3.rel1.linux64_1.0.0.202410170706/tools/bin/../lib/gcc/arm-none-eabi/13.3.1/../../../../arm-none-eabi/lib/thumb/v7-m/nofp/libc_nano.a(libc_a-mallocr.o)
                0x08005910                _malloc_r
 .text.__malloc_lock
                0x08005a10        0xc /home/jayakrishnan/Downloads/STM/makeself_dir_o70WRx/y/plugins/com.st.stm32cube.ide.mcu.externaltools.gnu-tools-for-stm32.13.3.rel1.linux64_1.0.0.202410170706/tools/bin/../lib/gcc/arm-none-eabi/13.3.1/../../../../arm-none-eabi/lib/thumb/v7-m/nofp/libc_nano.a(libc_a-mlock.o)
                0x08005a10                __malloc_lock
 .text.__malloc_unlock
                0x08005a1c        0xc /home/jayakrishnan/Downloads/STM/makeself_dir_o70WRx/y/plugins/com.st.stm32cube.ide.mcu.externaltools.gnu-tools-for-stm32.13.3.rel1.linux64_1.0.0.202410170706/tools/bin/../lib/gcc/arm-none-eabi/13.3.1/../../../../arm-none-eabi/lib/thumb/v7-m/nofp/libc_nano.a(libc_a-mlock.o)
                0x08005a1c                __malloc_unlock
 .text.__sflush_r
                0x08005a28      0x100 /home/jayakrishnan/Downloads/STM/makeself_dir_o70WRx/y/plugins/com.st.stm32cube.ide.mcu.externaltools.gnu-tools-for-stm32.13.3.rel1.linux64_1.0.0.202410170706/tools/bin/../lib/gcc/arm-none-eabi/13.3.1/../../../../arm-none-eabi/lib/thumb/v7-m/nofp/libc_nano.a(libc_a-fflush.o)
                0x08005a28                __sflush_r
 .text._fflush_r
                0x08005b28       0x50 /home/jayakrishnan/Downloads/STM/makeself_dir_o70WRx/y/plugins/com.st.stm32cube.ide.mcu.externaltools.gnu-tools-for-stm32.13.3.rel1.linux64_1.0.0.202410170706/tools/bin/../lib/gcc/arm-none-eabi/13.3.1/../../../../arm-none-eabi/lib/thumb/v7-m/nofp/libc_nano.a(libc_a-fflush.o)
                0x08005b28                _fflush_r
 .text.fprintf  0x08005b78       0x24 /home/jayakrishnan/Downloads/STM/makeself_dir_o70WRx/y/plugins/com.st.stm32cube.ide.mcu.externaltools.gnu-tools-for-stm32.13.3.rel1.linux64_1.0.0.202410170706/tools/bin/../lib/gcc/arm-none-eabi/13.3.1/../../../../arm-none-eabi/lib/thumb/v7-m/nofp/libc_nano.a(libc_a-fprintf.o)
                0x08005b78                fprintf
                0x08005b78                fiprintf
 .text._sbrk_r  0x08005b9c       0x20 /home/jayakrishnan/Downloads/STM/makeself_dir_o70WRx/y/plugins/com.st.stm32cube.ide.mcu.externaltools.gnu-tools-for-stm32.13.3.rel1.linux64_1.0.0.202410170706/tools/bin/../lib/gcc/arm-none-eabi/13.3.1/../../../../arm-none-eabi/lib/thumb/v7-m/nofp/libc_nano.a(libc_a-sbrkr.o)
                0x08005b9c                _sbrk_r
 .text.abort    0x08005bbc        0xe /home/jayakrishnan/Downloads/STM/makeself_dir_o70WRx/y/plugins/com.st.stm32cube.ide.mcu.externaltools.gnu-tools-for-stm32.13.3.rel1.linux64_1.0.0.202410170706/tools/bin/../lib/gcc/arm-none-eabi/13.3.1/../../../../arm-none-eabi/lib/thumb/v7-m/nofp/libc_nano.a(libc_a-abort.o)
                0x08005bbc                abort
 .text.__sfputc_r
                0x08005bca       0x2a /home/jayakrishnan/Downloads/STM/makeself_dir_o70WRx/y/plugins/com.st.stm32cube.ide.mcu.externaltools.gnu-tools-for-stm32.13.3.rel1.linux64_1.0.0.202410170706/tools/bin/../lib/gcc/arm-none-eabi/13.3.1/../../../../arm-none-eabi/lib/thumb/v7-m/nofp/libc_nano.a(libc_a-nano-vfprintf.o)
 .text.__sfputs_r
                0x08005bf4       0x24 /home/jayakrishnan/Downloads/STM/makeself_dir_o70WRx/y/plugins/com.st.stm32cube.ide.mcu.externaltools.gnu-tools-for-stm32.13.3.rel1.linux64_1.0.0.202410170706/tools/bin/../lib/gcc/arm-none-eabi/13.3.1/../../../../arm-none-eabi/lib/thumb/v7-m/nofp/libc_nano.a(libc_a-nano-vfprintf.o)
                0x08005bf4                __sfputs_r
 .text._vfprintf_r
                0x08005c18      0x230 /home/jayakrishnan/Downloads/STM/makeself_dir_o70WRx/y/plugins/com.st.stm32cube.ide.mcu.externaltools.gnu-tools-for-stm32.13.3.rel1.linux64_1.0.0.202410170706/tools/bin/../lib/gcc/arm-none-eabi/13.3.1/../../../../arm-none-eabi/lib/thumb/v7-m/nofp/libc_nano.a(libc_a-nano-vfprintf.o)
                0x08005c18                _vfiprintf_r
                0x08005c18                _vfprintf_r
 .text._printf_common
                0x08005e48       0xe4 /home/jayakrishnan/Downloads/STM/makeself_dir_o70WRx/y/plugins/com.st.stm32cube.ide.mcu.externaltools.gnu-tools-for-stm32.13.3.rel1.linux64_1.0.0.202410170706/tools/bin/../lib/gcc/arm-none-eabi/13.3.1/../../../../arm-none-eabi/lib/thumb/v7-m/nofp/libc_nano.a(libc_a-nano-vfprintf_i.o)
                0x08005e48                _printf_common
 .text._printf_i
                0x08005f2c      0x23c /home/jayakrishnan/Downloads/STM/makeself_dir_o70WRx/y/plugins/com.st.stm32cube.ide.mcu.externaltools.gnu-tools-for-stm32.13.3.rel1.linux64_1.0.0.202410170706/tools/bin/../lib/gcc/arm-none-eabi/13.3.1/../../../../arm-none-eabi/lib/thumb/v7-m/nofp/libc_nano.a(libc_a-nano-vfprintf_i.o)
                0x08005f2c                _printf_i
 .text.__swbuf_r
                0x08006168       0x7c /home/jayakrishnan/Downloads/STM/makeself_dir_o70WRx/y/plugins/com.st.stm32cube.ide.mcu.externaltools.gnu-tools-for-stm32.13.3.rel1.linux64_1.0.0.202410170706/tools/bin/../lib/gcc/arm-none-eabi/13.3.1/../../../../arm-none-eabi/lib/thumb/v7-m/nofp/libc_nano.a(libc_a-wbuf.o)
                0x08006168                __swbuf_r
 .text.__swsetup_r
                0x080061e4       0xac /home/jayakrishnan/Downloads/STM/makeself_dir_o70WRx/y/plugins/com.st.stm32cube.ide.mcu.externaltools.gnu-tools-for-stm32.13.3.rel1.linux64_1.0.0.202410170706/tools/bin/../lib/gcc/arm-none-eabi/13.3.1/../../../../arm-none-eabi/lib/thumb/v7-m/nofp/libc_nano.a(libc_a-wsetup.o)
                0x080061e4                __swsetup_r
 .text._raise_r
                0x08006290       0x50 /home/jayakrishnan/Downloads/STM/makeself_dir_o70WRx/y/plugins/com.st.stm32cube.ide.mcu.externaltools.gnu-tools-for-stm32.13.3.rel1.linux64_1.0.0.202410170706/tools/bin/../lib/gcc/arm-none-eabi/13.3.1/../../../../arm-none-eabi/lib/thumb/v7-m/nofp/libc_nano.a(libc_a-signal.o)
                0x08006290                _raise_r
 .text.raise    0x080062e0       0x10 /home/jayakrishnan/Downloads/STM/makeself_dir_o70WRx/y/plugins/com.st.stm32cube.ide.mcu.externaltools.gnu-tools-for-stm32.13.3.rel1.linux64_1.0.0.202410170706/tools/bin/../lib/gcc/arm-none-eabi/13.3.1/../../../../arm-none-eabi/lib/thumb/v7-m/nofp/libc_nano.a(libc_a-signal.o)
                0x080062e0                raise
 .text._kill_r  0x080062f0       0x24 /home/jayakrishnan/Downloads/STM/makeself_dir_o70WRx/y/plugins/com.st.stm32cube.ide.mcu.externaltools.gnu-tools-for-stm32.13.3.rel1.linux64_1.0.0.202410170706/tools/bin/../lib/gcc/arm-none-eabi/13.3.1/../../../../arm-none-eabi/lib/thumb/v7-m/nofp/libc_nano.a(libc_a-signalr.o)
                0x080062f0                _kill_r
 .text._getpid_r
                0x08006314        0x4 /home/jayakrishnan/Downloads/STM/makeself_dir_o70WRx/y/plugins/com.st.stm32cube.ide.mcu.externaltools.gnu-tools-for-stm32.13.3.rel1.linux64_1.0.0.202410170706/tools/bin/../lib/gcc/arm-none-eabi/13.3.1/../../../../arm-none-eabi/lib/thumb/v7-m/nofp/libc_nano.a(libc_a-signalr.o)
                0x08006314                _getpid_r
 .text.memchr   0x08006318       0x1c /home/jayakrishnan/Downloads/STM/makeself_dir_o70WRx/y/plugins/com.st.stm32cube.ide.mcu.externaltools.gnu-tools-for-stm32.13.3.rel1.linux64_1.0.0.202410170706/tools/bin/../lib/gcc/arm-none-eabi/13.3.1/../../../../arm-none-eabi/lib/thumb/v7-m/nofp/libc_nano.a(libc_a-memchr-stub.o)
                0x08006318                memchr
 .text.__swhatbuf_r
                0x08006334       0x4a /home/jayakrishnan/Downloads/STM/makeself_dir_o70WRx/y/plugins/com.st.stm32cube.ide.mcu.externaltools.gnu-tools-for-stm32.13.3.rel1.linux64_1.0.0.202410170706/tools/bin/../lib/gcc/arm-none-eabi/13.3.1/../../../../arm-none-eabi/lib/thumb/v7-m/nofp/libc_nano.a(libc_a-makebuf.o)
                0x08006334                __swhatbuf_r
 .text.__smakebuf_r
                0x0800637e       0x78 /home/jayakrishnan/Downloads/STM/makeself_dir_o70WRx/y/plugins/com.st.stm32cube.ide.mcu.externaltools.gnu-tools-for-stm32.13.3.rel1.linux64_1.0.0.202410170706/tools/bin/../lib/gcc/arm-none-eabi/13.3.1/../../../../arm-none-eabi/lib/thumb/v7-m/nofp/libc_nano.a(libc_a-makebuf.o)
                0x0800637e                __smakebuf_r
 *fill*         0x080063f6        0x2 
 .text._fstat_r
                0x080063f8       0x24 /home/jayakrishnan/Downloads/STM/makeself_dir_o70WRx/y/plugins/com.st.stm32cube.ide.mcu.externaltools.gnu-tools-for-stm32.13.3.rel1.linux64_1.0.0.202410170706/tools/bin/../lib/gcc/arm-none-eabi/13.3.1/../../../../arm-none-eabi/lib/thumb/v7-m/nofp/libc_nano.a(libc_a-fstatr.o)
                0x080063f8                _fstat_r
 .text._isatty_r
                0x0800641c       0x20 /home/jayakrishnan/Downloads/STM/makeself_dir_o70WRx/y/plugins/com.st.stm32cube.ide.mcu.externaltools.gnu-tools-for-stm32.13.3.rel1.linux64_1.0.0.202410170706/tools/bin/../lib/gcc/arm-none-eabi/13.3.1/../../../../arm-none-eabi/lib/thumb/v7-m/nofp/libc_nano.a(libc_a-isattyr.o)
                0x0800641c                _isatty_r
 *(.glue_7)
 .glue_7        0x0800643c        0x0 linker stubs
 *(.glue_7t)
 .glue_7t       0x0800643c        0x0 linker stubs
 *(.eh_frame)
 .eh_frame      0x0800643c        0x0 /home/jayakrishnan/Downloads/STM/makeself_dir_o70WRx/y/plugins/com.st.stm32cube.ide.mcu.externaltools.gnu-tools-for-stm32.13.3.rel1.linux64_1.0.0.202410170706/tools/bin/../lib/gcc/arm-none-eabi/13.3.1/thumb/v7-m/nofp/crtbegin.o
 *(.init)
 .init          0x0800643c        0x4 /home/jayakrishnan/Downloads/STM/makeself_dir_o70WRx/y/plugins/com.st.stm32cube.ide.mcu.externaltools.gnu-tools-for-stm32.13.3.rel1.linux64_1.0.0.202410170706/tools/bin/../lib/gcc/arm-none-eabi/13.3.1/thumb/v7-m/nofp/crti.o
                0x0800643c                _init
 .init          0x08006440        0x8 /home/jayakrishnan/Downloads/STM/makeself_dir_o70WRx/y/plugins/com.st.stm32cube.ide.mcu.externaltools.gnu-tools-for-stm32.13.3.rel1.linux64_1.0.0.202410170706/tools/bin/../lib/gcc/arm-none-eabi/13.3.1/thumb/v7-m/nofp/crtn.o
 *(.fini)
 .fini          0x08006448        0x4 /home/jayakrishnan/Downloads/STM/makeself_dir_o70WRx/y/plugins/com.st.stm32cube.ide.mcu.externaltools.gnu-tools-for-stm32.13.3.rel1.linux64_1.0.0.202410170706/tools/bin/../lib/gcc/arm-none-eabi/13.3.1/thumb/v7-m/nofp/crti.o
                0x08006448                _fini
 .fini          0x0800644c        0x8 /home/jayakrishnan/Downloads/STM/makeself_dir_o70WRx/y/plugins/com.st.stm32cube.ide.mcu.externaltools.gnu-tools-for-stm32.13.3.rel1.linux64_1.0.0.202410170706/tools/bin/../lib/gcc/arm-none-eabi/13.3.1/thumb/v7-m/nofp/crtn.o
                0x08006454                        . = ALIGN (0x4)
                0x08006454                        _etext = .

.vfp11_veneer   0x08006454        0x0
 .vfp11_veneer  0x08006454        0x0 linker stubs

.v4_bx          0x08006454        0x0
 .v4_bx         0x08006454        0x0 linker stubs

.iplt           0x08006454        0x0
 .iplt          0x08006454        0x0 /home/jayakrishnan/Downloads/STM/makeself_dir_o70WRx/y/plugins/com.st.stm32cube.ide.mcu.externaltools.gnu-tools-for-stm32.13.3.rel1.linux64_1.0.0.202410170706/tools/bin/../lib/gcc/arm-none-eabi/13.3.1/thumb/v7-m/nofp/crtbegin.o

.rodata         0x08006454      0x108
                0x08006454                        . = ALIGN (0x4)
 *(.rodata)
 *(.rodata*)
 .rodata.AHBPrescTable
                0x08006454       0x10 ./Core/Src/system_stm32f1xx.o
                0x08006454                AHBPrescTable
 .rodata.APBPrescTable
                0x08006464        0x8 ./Core/Src/system_stm32f1xx.o
                0x08006464                APBPrescTable
 .rodata.aPLLMULFactorTable.1
                0x0800646c       0x10 ./Drivers/STM32F1xx_HAL_Driver/Src/stm32f1xx_hal_rcc.o
 .rodata.aPredivFactorTable.0
                0x0800647c        0x2 ./Drivers/STM32F1xx_HAL_Driver/Src/stm32f1xx_hal_rcc.o
 .rodata.srand.str1.1
                0x0800647e       0xde /home/jayakrishnan/Downloads/STM/makeself_dir_o70WRx/y/plugins/com.st.stm32cube.ide.mcu.externaltools.gnu-tools-for-stm32.13.3.rel1.linux64_1.0.0.202410170706/tools/bin/../lib/gcc/arm-none-eabi/13.3.1/../../../../arm-none-eabi/lib/thumb/v7-m/nofp/libc_nano.a(libc_a-rand.o)
                                 0x6f (size before relaxing)
 .rodata.__assert_func.str1.1
                0x0800655c       0x3d /home/jayakrishnan/Downloads/STM/makeself_dir_o70WRx/y/plugins/com.st.stm32cube.ide.mcu.externaltools.gnu-tools-for-stm32.13.3.rel1.linux64_1.0.0.202410170706/tools/bin/../lib/gcc/arm-none-eabi/13.3.1/../../../../arm-none-eabi/lib/thumb/v7-m/nofp/libc_nano.a(libc_a-assert.o)
 .rodata._vfprintf_r.str1.1
                0x0800655c       0x11 /home/jayakrishnan/Downloads/STM/makeself_dir_o70WRx/y/plugins/com.st.stm32cube.ide.mcu.externaltools.gnu-tools-for-stm32.13.3.rel1.linux64_1.0.0.202410170706/tools/bin/../lib/gcc/arm-none-eabi/13.3.1/../../../../arm-none-eabi/lib/thumb/v7-m/nofp/libc_nano.a(libc_a-nano-vfprintf.o)
 .rodata._printf_i.str1.1
                0x0800655c       0x22 /home/jayakrishnan/Downloads/STM/makeself_dir_o70WRx/y/plugins/com.st.stm32cube.ide.mcu.externaltools.gnu-tools-for-stm32.13.3.rel1.linux64_1.0.0.202410170706/tools/bin/../lib/gcc/arm-none-eabi/13.3.1/../../../../arm-none-eabi/lib/thumb/v7-m/nofp/libc_nano.a(libc_a-nano-vfprintf_i.o)
                0x0800659c                        . = ALIGN (0x4)

.ARM.extab      0x0800655c        0x0
                0x0800655c                        . = ALIGN (0x4)
 *(.ARM.extab* .gnu.linkonce.armextab.*)
                0x0800655c                        . = ALIGN (0x4)

.ARM            0x0800655c        0x0
                0x0800655c                        . = ALIGN (0x4)
                0x0800655c                        __exidx_start = .
 *(.ARM.exidx*)
                0x0800655c                        __exidx_end = .
                0x0800655c                        . = ALIGN (0x4)

.preinit_array  0x0800655c        0x0
                0x0800655c                        . = ALIGN (0x4)
                0x0800655c                        PROVIDE (__preinit_array_start = .)
 *(.preinit_array*)
                0x0800655c                        PROVIDE (__preinit_array_end = .)
                0x0800655c                        . = ALIGN (0x4)

.init_array     0x0800655c        0x4
                0x0800655c                        . = ALIGN (0x4)
                0x0800655c                        PROVIDE (__init_array_start = .)
 *(SORT_BY_NAME(.init_array.*))
 *(.init_array*)
 .init_array    0x0800655c        0x4 /home/jayakrishnan/Downloads/STM/makeself_dir_o70WRx/y/plugins/com.st.stm32cube.ide.mcu.externaltools.gnu-tools-for-stm32.13.3.rel1.linux64_1.0.0.202410170706/tools/bin/../lib/gcc/arm-none-eabi/13.3.1/thumb/v7-m/nofp/crtbegin.o
                0x08006560                        PROVIDE (__init_array_end = .)
                0x08006560                        . = ALIGN (0x4)

.fini_array     0x08006560        0x4
                0x08006560                        . = ALIGN (0x4)
                [!provide]                        PROVIDE (__fini_array_start = .)
 *(SORT_BY_NAME(.fini_array.*))
 *(.fini_array*)
 .fini_array    0x08006560        0x4 /home/jayakrishnan/Downloads/STM/makeself_dir_o70WRx/y/plugins/com.st.stm32cube.ide.mcu.externaltools.gnu-tools-for-stm32.13.3.rel1.linux64_1.0.0.202410170706/tools/bin/../lib/gcc/arm-none-eabi/13.3.1/thumb/v7-m/nofp/crtbegin.o
                [!provide]                        PROVIDE (__fini_array_end = .)
                0x08006564                        . = ALIGN (0x4)
                0x08006564                        _sidata = LOADADDR (.data)

.rel.dyn        0x08006564        0x0
 .rel.iplt      0x08006564        0x0 /home/jayakrishnan/Downloads/STM/makeself_dir_o70WRx/y/plugins/com.st.stm32cube.ide.mcu.externaltools.gnu-tools-for-stm32.13.3.rel1.linux64_1.0.0.202410170706/tools/bin/../lib/gcc/arm-none-eabi/13.3.1/thumb/v7-m/nofp/crtbegin.o

.data           0x20000000       0x6c load address 0x08006564
                0x20000000                        . = ALIGN (0x4)
                0x20000000                        _sdata = .
 *(.data)
 *(.data*)
 .data.delayMinutes
                0x20000000        0x1 ./Core/Src/functions.o
                0x20000000                delayMinutes
 *fill*         0x20000001        0x3 
 .data.SystemCoreClock
                0x20000004        0x4 ./Core/Src/system_stm32f1xx.o
                0x20000004                SystemCoreClock
 .data.uwTickPrio
                0x20000008        0x4 ./Drivers/STM32F1xx_HAL_Driver/Src/stm32f1xx_hal.o
                0x20000008                uwTickPrio
 .data.uwTickFreq
                0x2000000c        0x1 ./Drivers/STM32F1xx_HAL_Driver/Src/stm32f1xx_hal.o
                0x2000000c                uwTickFreq
 *fill*         0x2000000d        0x3 
 .data.__sglue  0x20000010        0xc /home/jayakrishnan/Downloads/STM/makeself_dir_o70WRx/y/plugins/com.st.stm32cube.ide.mcu.externaltools.gnu-tools-for-stm32.13.3.rel1.linux64_1.0.0.202410170706/tools/bin/../lib/gcc/arm-none-eabi/13.3.1/../../../../arm-none-eabi/lib/thumb/v7-m/nofp/libc_nano.a(libc_a-findfp.o)
                0x20000010                __sglue
 .data._impure_ptr
                0x2000001c        0x4 /home/jayakrishnan/Downloads/STM/makeself_dir_o70WRx/y/plugins/com.st.stm32cube.ide.mcu.externaltools.gnu-tools-for-stm32.13.3.rel1.linux64_1.0.0.202410170706/tools/bin/../lib/gcc/arm-none-eabi/13.3.1/../../../../arm-none-eabi/lib/thumb/v7-m/nofp/libc_nano.a(libc_a-impure.o)
                0x2000001c                _impure_ptr
 .data._impure_data
                0x20000020       0x4c /home/jayakrishnan/Downloads/STM/makeself_dir_o70WRx/y/plugins/com.st.stm32cube.ide.mcu.externaltools.gnu-tools-for-stm32.13.3.rel1.linux64_1.0.0.202410170706/tools/bin/../lib/gcc/arm-none-eabi/13.3.1/../../../../arm-none-eabi/lib/thumb/v7-m/nofp/libc_nano.a(libc_a-impure.o)
                0x20000020                _impure_data
 *(.RamFunc)
 *(.RamFunc*)
                0x2000006c                        . = ALIGN (0x4)
                0x2000006c                        _edata = .

.igot.plt       0x2000006c        0x0 load address 0x080065d0
 .igot.plt      0x2000006c        0x0 /home/jayakrishnan/Downloads/STM/makeself_dir_o70WRx/y/plugins/com.st.stm32cube.ide.mcu.externaltools.gnu-tools-for-stm32.13.3.rel1.linux64_1.0.0.202410170706/tools/bin/../lib/gcc/arm-none-eabi/13.3.1/thumb/v7-m/nofp/crtbegin.o
                0x2000006c                        . = ALIGN (0x4)

.bss            0x2000006c      0x28c load address 0x080065d0
                0x2000006c                        _sbss = .
                0x2000006c                        __bss_start__ = _sbss
 *(.bss)
 .bss           0x2000006c       0x1c /home/jayakrishnan/Downloads/STM/makeself_dir_o70WRx/y/plugins/com.st.stm32cube.ide.mcu.externaltools.gnu-tools-for-stm32.13.3.rel1.linux64_1.0.0.202410170706/tools/bin/../lib/gcc/arm-none-eabi/13.3.1/thumb/v7-m/nofp/crtbegin.o
 *(.bss*)
 .bss.delayHours
                0x20000088        0x1 ./Core/Src/functions.o
                0x20000088                delayHours
 *fill*         0x20000089        0x3 
 .bss.gravity   0x2000008c        0x4 ./Core/Src/functions.o
                0x2000008c                gravity
 .bss.alarmWentOff
                0x20000090        0x1 ./Core/Src/functions.o
                0x20000090                alarmWentOff
 *fill*         0x20000091        0x3 
 .bss.drop_delay
                0x20000094        0x8 ./Core/Src/functions.o
                0x20000094                drop_delay
 .bss.lc        0x2000009c       0x50 ./Core/Src/main.o
                0x2000009c                lc
 .bss.accel     0x200000ec        0xc ./Core/Src/main.o
                0x200000ec                accel
 .bss.hi2c1     0x200000f8       0x54 ./Core/Src/main.o
                0x200000f8                hi2c1
 .bss.hspi1     0x2000014c       0x58 ./Core/Src/main.o
                0x2000014c                hspi1
 .bss.__sbrk_heap_end
                0x200001a4        0x4 ./Core/Src/sysmem.o
 .bss.uwTick    0x200001a8        0x4 ./Drivers/STM32F1xx_HAL_Driver/Src/stm32f1xx_hal.o
                0x200001a8                uwTick
 .bss.__sf      0x200001ac      0x138 /home/jayakrishnan/Downloads/STM/makeself_dir_o70WRx/y/plugins/com.st.stm32cube.ide.mcu.externaltools.gnu-tools-for-stm32.13.3.rel1.linux64_1.0.0.202410170706/tools/bin/../lib/gcc/arm-none-eabi/13.3.1/../../../../arm-none-eabi/lib/thumb/v7-m/nofp/libc_nano.a(libc_a-findfp.o)
                0x200001ac                __sf
 .bss.__stdio_exit_handler
                0x200002e4        0x4 /home/jayakrishnan/Downloads/STM/makeself_dir_o70WRx/y/plugins/com.st.stm32cube.ide.mcu.externaltools.gnu-tools-for-stm32.13.3.rel1.linux64_1.0.0.202410170706/tools/bin/../lib/gcc/arm-none-eabi/13.3.1/../../../../arm-none-eabi/lib/thumb/v7-m/nofp/libc_nano.a(libc_a-findfp.o)
                0x200002e4                __stdio_exit_handler
 .bss.errno     0x200002e8        0x4 /home/jayakrishnan/Downloads/STM/makeself_dir_o70WRx/y/plugins/com.st.stm32cube.ide.mcu.externaltools.gnu-tools-for-stm32.13.3.rel1.linux64_1.0.0.202410170706/tools/bin/../lib/gcc/arm-none-eabi/13.3.1/../../../../arm-none-eabi/lib/thumb/v7-m/nofp/libc_nano.a(libc_a-reent.o)
                0x200002e8                errno
 .bss.__lock___malloc_recursive_mutex
                0x200002ec        0x1 /home/jayakrishnan/Downloads/STM/makeself_dir_o70WRx/y/plugins/com.st.stm32cube.ide.mcu.externaltools.gnu-tools-for-stm32.13.3.rel1.linux64_1.0.0.202410170706/tools/bin/../lib/gcc/arm-none-eabi/13.3.1/../../../../arm-none-eabi/lib/thumb/v7-m/nofp/libc_nano.a(libc_a-lock.o)
                0x200002ec                __lock___malloc_recursive_mutex
 .bss.__lock___sfp_recursive_mutex
                0x200002ed        0x1 /home/jayakrishnan/Downloads/STM/makeself_dir_o70WRx/y/plugins/com.st.stm32cube.ide.mcu.externaltools.gnu-tools-for-stm32.13.3.rel1.linux64_1.0.0.202410170706/tools/bin/../lib/gcc/arm-none-eabi/13.3.1/../../../../arm-none-eabi/lib/thumb/v7-m/nofp/libc_nano.a(libc_a-lock.o)
                0x200002ed                __lock___sfp_recursive_mutex
 *fill*         0x200002ee        0x2 
 .bss.__malloc_sbrk_start
                0x200002f0        0x4 /home/jayakrishnan/Downloads/STM/makeself_dir_o70WRx/y/plugins/com.st.stm32cube.ide.mcu.externaltools.gnu-tools-for-stm32.13.3.rel1.linux64_1.0.0.202410170706/tools/bin/../lib/gcc/arm-none-eabi/13.3.1/../../../../arm-none-eabi/lib/thumb/v7-m/nofp/libc_nano.a(libc_a-mallocr.o)
                0x200002f0                __malloc_sbrk_start
 .bss.__malloc_free_list
                0x200002f4        0x4 /home/jayakrishnan/Downloads/STM/makeself_dir_o70WRx/y/plugins/com.st.stm32cube.ide.mcu.externaltools.gnu-tools-for-stm32.13.3.rel1.linux64_1.0.0.202410170706/tools/bin/../lib/gcc/arm-none-eabi/13.3.1/../../../../arm-none-eabi/lib/thumb/v7-m/nofp/libc_nano.a(libc_a-mallocr.o)
                0x200002f4                __malloc_free_list
 *(COMMON)
                0x200002f8                        . = ALIGN (0x4)
                0x200002f8                        _ebss = .
                0x200002f8                        __bss_end__ = _ebss

._user_heap_stack
                0x200002f8      0x600 load address 0x080065d0
                0x200002f8                        . = ALIGN (0x8)
                [!provide]                        PROVIDE (end = .)
                0x200002f8                        PROVIDE (_end = .)
                0x200004f8                        . = (. + _Min_Heap_Size)
 *fill*         0x200002f8      0x200 
                0x200008f8                        . = (. + _Min_Stack_Size)
 *fill*         0x200004f8      0x400 
                0x200008f8                        . = ALIGN (0x8)

/DISCARD/
 libc.a(*)
 libm.a(*)
 libgcc.a(*)

.ARM.attributes
                0x00000000       0x29
 *(.ARM.attributes)
 .ARM.attributes
                0x00000000       0x1d /home/jayakrishnan/Downloads/STM/makeself_dir_o70WRx/y/plugins/com.st.stm32cube.ide.mcu.externaltools.gnu-tools-for-stm32.13.3.rel1.linux64_1.0.0.202410170706/tools/bin/../lib/gcc/arm-none-eabi/13.3.1/thumb/v7-m/nofp/crti.o
 .ARM.attributes
                0x0000001d       0x2d /home/jayakrishnan/Downloads/STM/makeself_dir_o70WRx/y/plugins/com.st.stm32cube.ide.mcu.externaltools.gnu-tools-for-stm32.13.3.rel1.linux64_1.0.0.202410170706/tools/bin/../lib/gcc/arm-none-eabi/13.3.1/thumb/v7-m/nofp/crtbegin.o
 .ARM.attributes
                0x0000004a       0x2d ./Core/Src/functions.o
 .ARM.attributes
                0x00000077       0x2d ./Core/Src/lis3dh.o
 .ARM.attributes
                0x000000a4       0x2d ./Core/Src/main.o
 .ARM.attributes
                0x000000d1       0x2d ./Core/Src/max7219.o
 .ARM.attributes
                0x000000fe       0x2d ./Core/Src/stm32f1xx_hal_msp.o
 .ARM.attributes
                0x0000012b       0x2d ./Core/Src/stm32f1xx_it.o
 .ARM.attributes
                0x00000158       0x2d ./Core/Src/syscalls.o
 .ARM.attributes
                0x00000185       0x2d ./Core/Src/sysmem.o
 .ARM.attributes
                0x000001b2       0x2d ./Core/Src/system_stm32f1xx.o
 .ARM.attributes
                0x000001df       0x21 ./Core/Startup/startup_stm32f103cbtx.o
 .ARM.attributes
                0x00000200       0x2d ./Drivers/STM32F1xx_HAL_Driver/Src/stm32f1xx_hal.o
 .ARM.attributes
                0x0000022d       0x2d ./Drivers/STM32F1xx_HAL_Driver/Src/stm32f1xx_hal_cortex.o
 .ARM.attributes
                0x0000025a       0x2d ./Drivers/STM32F1xx_HAL_Driver/Src/stm32f1xx_hal_dma.o
 .ARM.attributes
                0x00000287       0x2d ./Drivers/STM32F1xx_HAL_Driver/Src/stm32f1xx_hal_gpio.o
 .ARM.attributes
                0x000002b4       0x2d ./Drivers/STM32F1xx_HAL_Driver/Src/stm32f1xx_hal_i2c.o
 .ARM.attributes
                0x000002e1       0x2d ./Drivers/STM32F1xx_HAL_Driver/Src/stm32f1xx_hal_rcc.o
 .ARM.attributes
                0x0000030e       0x2d ./Drivers/STM32F1xx_HAL_Driver/Src/stm32f1xx_hal_spi.o
 .ARM.attributes
                0x0000033b       0x2d /home/jayakrishnan/Downloads/STM/makeself_dir_o70WRx/y/plugins/com.st.stm32cube.ide.mcu.externaltools.gnu-tools-for-stm32.13.3.rel1.linux64_1.0.0.202410170706/tools/bin/../lib/gcc/arm-none-eabi/13.3.1/../../../../arm-none-eabi/lib/thumb/v7-m/nofp/libc_nano.a(libc_a-rand.o)
 .ARM.attributes
                0x00000368       0x2d /home/jayakrishnan/Downloads/STM/makeself_dir_o70WRx/y/plugins/com.st.stm32cube.ide.mcu.externaltools.gnu-tools-for-stm32.13.3.rel1.linux64_1.0.0.202410170706/tools/bin/../lib/gcc/arm-none-eabi/13.3.1/../../../../arm-none-eabi/lib/thumb/v7-m/nofp/libc_nano.a(libc_a-findfp.o)
 .ARM.attributes
                0x00000395       0x2d /home/jayakrishnan/Downloads/STM/makeself_dir_o70WRx/y/plugins/com.st.stm32cube.ide.mcu.externaltools.gnu-tools-for-stm32.13.3.rel1.linux64_1.0.0.202410170706/tools/bin/../lib/gcc/arm-none-eabi/13.3.1/../../../../arm-none-eabi/lib/thumb/v7-m/nofp/libc_nano.a(libc_a-fwalk.o)
 .ARM.attributes
                0x000003c2       0x2d /home/jayakrishnan/Downloads/STM/makeself_dir_o70WRx/y/plugins/com.st.stm32cube.ide.mcu.externaltools.gnu-tools-for-stm32.13.3.rel1.linux64_1.0.0.202410170706/tools/bin/../lib/gcc/arm-none-eabi/13.3.1/../../../../arm-none-eabi/lib/thumb/v7-m/nofp/libc_nano.a(libc_a-stdio.o)
 .ARM.attributes
                0x000003ef       0x2d /home/jayakrishnan/Downloads/STM/makeself_dir_o70WRx/y/plugins/com.st.stm32cube.ide.mcu.externaltools.gnu-tools-for-stm32.13.3.rel1.linux64_1.0.0.202410170706/tools/bin/../lib/gcc/arm-none-eabi/13.3.1/../../../../arm-none-eabi/lib/thumb/v7-m/nofp/libc_nano.a(libc_a-memset.o)
 .ARM.attributes
                0x0000041c       0x2d /home/jayakrishnan/Downloads/STM/makeself_dir_o70WRx/y/plugins/com.st.stm32cube.ide.mcu.externaltools.gnu-tools-for-stm32.13.3.rel1.linux64_1.0.0.202410170706/tools/bin/../lib/gcc/arm-none-eabi/13.3.1/../../../../arm-none-eabi/lib/thumb/v7-m/nofp/libc_nano.a(libc_a-closer.o)
 .ARM.attributes
                0x00000449       0x2d /home/jayakrishnan/Downloads/STM/makeself_dir_o70WRx/y/plugins/com.st.stm32cube.ide.mcu.externaltools.gnu-tools-for-stm32.13.3.rel1.linux64_1.0.0.202410170706/tools/bin/../lib/gcc/arm-none-eabi/13.3.1/../../../../arm-none-eabi/lib/thumb/v7-m/nofp/libc_nano.a(libc_a-reent.o)
 .ARM.attributes
                0x00000476       0x2d /home/jayakrishnan/Downloads/STM/makeself_dir_o70WRx/y/plugins/com.st.stm32cube.ide.mcu.externaltools.gnu-tools-for-stm32.13.3.rel1.linux64_1.0.0.202410170706/tools/bin/../lib/gcc/arm-none-eabi/13.3.1/../../../../arm-none-eabi/lib/thumb/v7-m/nofp/libc_nano.a(libc_a-impure.o)
 .ARM.attributes
                0x000004a3       0x2d /home/jayakrishnan/Downloads/STM/makeself_dir_o70WRx/y/plugins/com.st.stm32cube.ide.mcu.externaltools.gnu-tools-for-stm32.13.3.rel1.linux64_1.0.0.202410170706/tools/bin/../lib/gcc/arm-none-eabi/13.3.1/../../../../arm-none-eabi/lib/thumb/v7-m/nofp/libc_nano.a(libc_a-lseekr.o)
 .ARM.attributes
                0x000004d0       0x2d /home/jayakrishnan/Downloads/STM/makeself_dir_o70WRx/y/plugins/com.st.stm32cube.ide.mcu.externaltools.gnu-tools-for-stm32.13.3.rel1.linux64_1.0.0.202410170706/tools/bin/../lib/gcc/arm-none-eabi/13.3.1/../../../../arm-none-eabi/lib/thumb/v7-m/nofp/libc_nano.a(libc_a-readr.o)
 .ARM.attributes
                0x000004fd       0x2d /home/jayakrishnan/Downloads/STM/makeself_dir_o70WRx/y/plugins/com.st.stm32cube.ide.mcu.externaltools.gnu-tools-for-stm32.13.3.rel1.linux64_1.0.0.202410170706/tools/bin/../lib/gcc/arm-none-eabi/13.3.1/../../../../arm-none-eabi/lib/thumb/v7-m/nofp/libc_nano.a(libc_a-writer.o)
 .ARM.attributes
                0x0000052a       0x2d /home/jayakrishnan/Downloads/STM/makeself_dir_o70WRx/y/plugins/com.st.stm32cube.ide.mcu.externaltools.gnu-tools-for-stm32.13.3.rel1.linux64_1.0.0.202410170706/tools/bin/../lib/gcc/arm-none-eabi/13.3.1/../../../../arm-none-eabi/lib/thumb/v7-m/nofp/libc_nano.a(libc_a-errno.o)
 .ARM.attributes
                0x00000557       0x2d /home/jayakrishnan/Downloads/STM/makeself_dir_o70WRx/y/plugins/com.st.stm32cube.ide.mcu.externaltools.gnu-tools-for-stm32.13.3.rel1.linux64_1.0.0.202410170706/tools/bin/../lib/gcc/arm-none-eabi/13.3.1/../../../../arm-none-eabi/lib/thumb/v7-m/nofp/libc_nano.a(libc_a-init.o)
 .ARM.attributes
                0x00000584       0x2d /home/jayakrishnan/Downloads/STM/makeself_dir_o70WRx/y/plugins/com.st.stm32cube.ide.mcu.externaltools.gnu-tools-for-stm32.13.3.rel1.linux64_1.0.0.202410170706/tools/bin/../lib/gcc/arm-none-eabi/13.3.1/../../../../arm-none-eabi/lib/thumb/v7-m/nofp/libc_nano.a(libc_a-lock.o)
 .ARM.attributes
                0x000005b1       0x2d /home/jayakrishnan/Downloads/STM/makeself_dir_o70WRx/y/plugins/com.st.stm32cube.ide.mcu.externaltools.gnu-tools-for-stm32.13.3.rel1.linux64_1.0.0.202410170706/tools/bin/../lib/gcc/arm-none-eabi/13.3.1/../../../../arm-none-eabi/lib/thumb/v7-m/nofp/libc_nano.a(libc_a-assert.o)
 .ARM.attributes
                0x000005de       0x2d /home/jayakrishnan/Downloads/STM/makeself_dir_o70WRx/y/plugins/com.st.stm32cube.ide.mcu.externaltools.gnu-tools-for-stm32.13.3.rel1.linux64_1.0.0.202410170706/tools/bin/../lib/gcc/arm-none-eabi/13.3.1/../../../../arm-none-eabi/lib/thumb/v7-m/nofp/libc_nano.a(libc_a-freer.o)
 .ARM.attributes
                0x0000060b       0x2d /home/jayakrishnan/Downloads/STM/makeself_dir_o70WRx/y/plugins/com.st.stm32cube.ide.mcu.externaltools.gnu-tools-for-stm32.13.3.rel1.linux64_1.0.0.202410170706/tools/bin/../lib/gcc/arm-none-eabi/13.3.1/../../../../arm-none-eabi/lib/thumb/v7-m/nofp/libc_nano.a(libc_a-malloc.o)
 .ARM.attributes
                0x00000638       0x2d /home/jayakrishnan/Downloads/STM/makeself_dir_o70WRx/y/plugins/com.st.stm32cube.ide.mcu.externaltools.gnu-tools-for-stm32.13.3.rel1.linux64_1.0.0.202410170706/tools/bin/../lib/gcc/arm-none-eabi/13.3.1/../../../../arm-none-eabi/lib/thumb/v7-m/nofp/libc_nano.a(libc_a-mallocr.o)
 .ARM.attributes
                0x00000665       0x2d /home/jayakrishnan/Downloads/STM/makeself_dir_o70WRx/y/plugins/com.st.stm32cube.ide.mcu.externaltools.gnu-tools-for-stm32.13.3.rel1.linux64_1.0.0.202410170706/tools/bin/../lib/gcc/arm-none-eabi/13.3.1/../../../../arm-none-eabi/lib/thumb/v7-m/nofp/libc_nano.a(libc_a-mlock.o)
 .ARM.attributes
                0x00000692       0x2d /home/jayakrishnan/Downloads/STM/makeself_dir_o70WRx/y/plugins/com.st.stm32cube.ide.mcu.externaltools.gnu-tools-for-stm32.13.3.rel1.linux64_1.0.0.202410170706/tools/bin/../lib/gcc/arm-none-eabi/13.3.1/../../../../arm-none-eabi/lib/thumb/v7-m/nofp/libc_nano.a(libc_a-fflush.o)
 .ARM.attributes
                0x000006bf       0x2d /home/jayakrishnan/Downloads/STM/makeself_dir_o70WRx/y/plugins/com.st.stm32cube.ide.mcu.externaltools.gnu-tools-for-stm32.13.3.rel1.linux64_1.0.0.202410170706/tools/bin/../lib/gcc/arm-none-eabi/13.3.1/../../../../arm-none-eabi/lib/thumb/v7-m/nofp/libc_nano.a(libc_a-fprintf.o)
 .ARM.attributes
                0x000006ec       0x2d /home/jayakrishnan/Downloads/STM/makeself_dir_o70WRx/y/plugins/com.st.stm32cube.ide.mcu.externaltools.gnu-tools-for-stm32.13.3.rel1.linux64_1.0.0.202410170706/tools/bin/../lib/gcc/arm-none-eabi/13.3.1/../../../../arm-none-eabi/lib/thumb/v7-m/nofp/libc_nano.a(libc_a-sbrkr.o)
 .ARM.attributes
                0x00000719       0x2d /home/jayakrishnan/Downloads/STM/makeself_dir_o70WRx/y/plugins/com.st.stm32cube.ide.mcu.externaltools.gnu-tools-for-stm32.13.3.rel1.linux64_1.0.0.202410170706/tools/bin/../lib/gcc/arm-none-eabi/13.3.1/../../../../arm-none-eabi/lib/thumb/v7-m/nofp/libc_nano.a(libc_a-abort.o)
 .ARM.attributes
                0x00000746       0x2d /home/jayakrishnan/Downloads/STM/makeself_dir_o70WRx/y/plugins/com.st.stm32cube.ide.mcu.externaltools.gnu-tools-for-stm32.13.3.rel1.linux64_1.0.0.202410170706/tools/bin/../lib/gcc/arm-none-eabi/13.3.1/../../../../arm-none-eabi/lib/thumb/v7-m/nofp/libc_nano.a(libc_a-nano-vfprintf.o)
 .ARM.attributes
                0x00000773       0x2d /home/jayakrishnan/Downloads/STM/makeself_dir_o70WRx/y/plugins/com.st.stm32cube.ide.mcu.externaltools.gnu-tools-for-stm32.13.3.rel1.linux64_1.0.0.202410170706/tools/bin/../lib/gcc/arm-none-eabi/13.3.1/../../../../arm-none-eabi/lib/thumb/v7-m/nofp/libc_nano.a(libc_a-nano-vfprintf_i.o)
 .ARM.attributes
                0x000007a0       0x2d /home/jayakrishnan/Downloads/STM/makeself_dir_o70WRx/y/plugins/com.st.stm32cube.ide.mcu.externaltools.gnu-tools-for-stm32.13.3.rel1.linux64_1.0.0.202410170706/tools/bin/../lib/gcc/arm-none-eabi/13.3.1/../../../../arm-none-eabi/lib/thumb/v7-m/nofp/libc_nano.a(libc_a-wbuf.o)
 .ARM.attributes
                0x000007cd       0x2d /home/jayakrishnan/Downloads/STM/makeself_dir_o70WRx/y/plugins/com.st.stm32cube.ide.mcu.externaltools.gnu-tools-for-stm32.13.3.rel1.linux64_1.0.0.202410170706/tools/bin/../lib/gcc/arm-none-eabi/13.3.1/../../../../arm-none-eabi/lib/thumb/v7-m/nofp/libc_nano.a(libc_a-wsetup.o)
 .ARM.attributes
                0x000007fa       0x2d /home/jayakrishnan/Downloads/STM/makeself_dir_o70WRx/y/plugins/com.st.stm32cube.ide.mcu.externaltools.gnu-tools-for-stm32.13.3.rel1.linux64_1.0.0.202410170706/tools/bin/../lib/gcc/arm-none-eabi/13.3.1/../../../../arm-none-eabi/lib/thumb/v7-m/nofp/libc_nano.a(libc_a-signal.o)
 .ARM.attributes
                0x00000827       0x2d /home/jayakrishnan/Downloads/STM/makeself_dir_o70WRx/y/plugins/com.st.stm32cube.ide.mcu.externaltools.gnu-tools-for-stm32.13.3.rel1.linux64_1.0.0.202410170706/tools/bin/../lib/gcc/arm-none-eabi/13.3.1/../../../../arm-none-eabi/lib/thumb/v7-m/nofp/libc_nano.a(libc_a-signalr.o)
 .ARM.attributes
                0x00000854       0x2d /home/jayakrishnan/Downloads/STM/makeself_dir_o70WRx/y/plugins/com.st.stm32cube.ide.mcu.externaltools.gnu-tools-for-stm32.13.3.rel1.linux64_1.0.0.202410170706/tools/bin/../lib/gcc/arm-none-eabi/13.3.1/../../../../arm-none-eabi/lib/thumb/v7-m/nofp/libc_nano.a(libc_a-memchr-stub.o)
 .ARM.attributes
                0x00000881       0x2d /home/jayakrishnan/Downloads/STM/makeself_dir_o70WRx/y/plugins/com.st.stm32cube.ide.mcu.externaltools.gnu-tools-for-stm32.13.3.rel1.linux64_1.0.0.202410170706/tools/bin/../lib/gcc/arm-none-eabi/13.3.1/../../../../arm-none-eabi/lib/thumb/v7-m/nofp/libc_nano.a(libc_a-makebuf.o)
 .ARM.attributes
                0x000008ae       0x2d /home/jayakrishnan/Downloads/STM/makeself_dir_o70WRx/y/plugins/com.st.stm32cube.ide.mcu.externaltools.gnu-tools-for-stm32.13.3.rel1.linux64_1.0.0.202410170706/tools/bin/../lib/gcc/arm-none-eabi/13.3.1/../../../../arm-none-eabi/lib/thumb/v7-m/nofp/libc_nano.a(libc_a-fstatr.o)
 .ARM.attributes
                0x000008db       0x2d /home/jayakrishnan/Downloads/STM/makeself_dir_o70WRx/y/plugins/com.st.stm32cube.ide.mcu.externaltools.gnu-tools-for-stm32.13.3.rel1.linux64_1.0.0.202410170706/tools/bin/../lib/gcc/arm-none-eabi/13.3.1/../../../../arm-none-eabi/lib/thumb/v7-m/nofp/libc_nano.a(libc_a-isattyr.o)
 .ARM.attributes
                0x00000908       0x1d /home/jayakrishnan/Downloads/STM/makeself_dir_o70WRx/y/plugins/com.st.stm32cube.ide.mcu.externaltools.gnu-tools-for-stm32.13.3.rel1.linux64_1.0.0.202410170706/tools/bin/../lib/gcc/arm-none-eabi/13.3.1/thumb/v7-m/nofp/crtn.o
OUTPUT(LED_hour_glass.elf elf32-littlearm)
LOAD linker stubs
LOAD /home/jayakrishnan/Downloads/STM/makeself_dir_o70WRx/y/plugins/com.st.stm32cube.ide.mcu.externaltools.gnu-tools-for-stm32.13.3.rel1.linux64_1.0.0.202410170706/tools/bin/../lib/gcc/arm-none-eabi/13.3.1/../../../../arm-none-eabi/lib/thumb/v7-m/nofp/libc.a
LOAD /home/jayakrishnan/Downloads/STM/makeself_dir_o70WRx/y/plugins/com.st.stm32cube.ide.mcu.externaltools.gnu-tools-for-stm32.13.3.rel1.linux64_1.0.0.202410170706/tools/bin/../lib/gcc/arm-none-eabi/13.3.1/../../../../arm-none-eabi/lib/thumb/v7-m/nofp/libm.a
LOAD /home/jayakrishnan/Downloads/STM/makeself_dir_o70WRx/y/plugins/com.st.stm32cube.ide.mcu.externaltools.gnu-tools-for-stm32.13.3.rel1.linux64_1.0.0.202410170706/tools/bin/../lib/gcc/arm-none-eabi/13.3.1/thumb/v7-m/nofp/libgcc.a

.debug_info     0x00000000     0xacf2
 .debug_info    0x00000000      0xd09 ./Core/Src/functions.o
 .debug_info    0x00000d09      0x7ef ./Core/Src/lis3dh.o
 .debug_info    0x000014f8      0xf5d ./Core/Src/main.o
 .debug_info    0x00002455      0xc05 ./Core/Src/max7219.o
 .debug_info    0x0000305a      0xcd7 ./Core/Src/stm32f1xx_hal_msp.o
 .debug_info    0x00003d31      0x636 ./Core/Src/stm32f1xx_it.o
 .debug_info    0x00004367      0x6a3 ./Core/Src/syscalls.o
 .debug_info    0x00004a0a      0x168 ./Core/Src/sysmem.o
 .debug_info    0x00004b72      0x222 ./Core/Src/system_stm32f1xx.o
 .debug_info    0x00004d94       0x30 ./Core/Startup/startup_stm32f103cbtx.o
 .debug_info    0x00004dc4      0x704 ./Drivers/STM32F1xx_HAL_Driver/Src/stm32f1xx_hal.o
 .debug_info    0x000054c8      0xa87 ./Drivers/STM32F1xx_HAL_Driver/Src/stm32f1xx_hal_cortex.o
 .debug_info    0x00005f4f      0x6d2 ./Drivers/STM32F1xx_HAL_Driver/Src/stm32f1xx_hal_dma.o
 .debug_info    0x00006621      0x5ab ./Drivers/STM32F1xx_HAL_Driver/Src/stm32f1xx_hal_gpio.o
 .debug_info    0x00006bcc     0x2524 ./Drivers/STM32F1xx_HAL_Driver/Src/stm32f1xx_hal_i2c.o
 .debug_info    0x000090f0      0x7d5 ./Drivers/STM32F1xx_HAL_Driver/Src/stm32f1xx_hal_rcc.o
 .debug_info    0x000098c5     0x142d ./Drivers/STM32F1xx_HAL_Driver/Src/stm32f1xx_hal_spi.o

.debug_abbrev   0x00000000     0x221b
 .debug_abbrev  0x00000000      0x2e2 ./Core/Src/functions.o
 .debug_abbrev  0x000002e2      0x1e2 ./Core/Src/lis3dh.o
 .debug_abbrev  0x000004c4      0x326 ./Core/Src/main.o
 .debug_abbrev  0x000007ea      0x286 ./Core/Src/max7219.o
 .debug_abbrev  0x00000a70      0x1cb ./Core/Src/stm32f1xx_hal_msp.o
 .debug_abbrev  0x00000c3b      0x16d ./Core/Src/stm32f1xx_it.o
 .debug_abbrev  0x00000da8      0x1b6 ./Core/Src/syscalls.o
 .debug_abbrev  0x00000f5e       0xbc ./Core/Src/sysmem.o
 .debug_abbrev  0x0000101a      0x13f ./Core/Src/system_stm32f1xx.o
 .debug_abbrev  0x00001159       0x24 ./Core/Startup/startup_stm32f103cbtx.o
 .debug_abbrev  0x0000117d      0x201 ./Drivers/STM32F1xx_HAL_Driver/Src/stm32f1xx_hal.o
 .debug_abbrev  0x0000137e      0x2f8 ./Drivers/STM32F1xx_HAL_Driver/Src/stm32f1xx_hal_cortex.o
 .debug_abbrev  0x00001676      0x20b ./Drivers/STM32F1xx_HAL_Driver/Src/stm32f1xx_hal_dma.o
 .debug_abbrev  0x00001881      0x1ca ./Drivers/STM32F1xx_HAL_Driver/Src/stm32f1xx_hal_gpio.o
 .debug_abbrev  0x00001a4b      0x2a3 ./Drivers/STM32F1xx_HAL_Driver/Src/stm32f1xx_hal_i2c.o
 .debug_abbrev  0x00001cee      0x2b3 ./Drivers/STM32F1xx_HAL_Driver/Src/stm32f1xx_hal_rcc.o
 .debug_abbrev  0x00001fa1      0x27a ./Drivers/STM32F1xx_HAL_Driver/Src/stm32f1xx_hal_spi.o

.debug_aranges  0x00000000      0xb40
 .debug_aranges
                0x00000000       0xb0 ./Core/Src/functions.o
 .debug_aranges
                0x000000b0       0x40 ./Core/Src/lis3dh.o
 .debug_aranges
                0x000000f0       0x50 ./Core/Src/main.o
 .debug_aranges
                0x00000140       0x88 ./Core/Src/max7219.o
 .debug_aranges
                0x000001c8       0x40 ./Core/Src/stm32f1xx_hal_msp.o
 .debug_aranges
                0x00000208       0x60 ./Core/Src/stm32f1xx_it.o
 .debug_aranges
                0x00000268       0xa8 ./Core/Src/syscalls.o
 .debug_aranges
                0x00000310       0x20 ./Core/Src/sysmem.o
 .debug_aranges
                0x00000330       0x28 ./Core/Src/system_stm32f1xx.o
 .debug_aranges
                0x00000358       0x28 ./Core/Startup/startup_stm32f103cbtx.o
 .debug_aranges
                0x00000380       0xe0 ./Drivers/STM32F1xx_HAL_Driver/Src/stm32f1xx_hal.o
 .debug_aranges
                0x00000460      0x100 ./Drivers/STM32F1xx_HAL_Driver/Src/stm32f1xx_hal_cortex.o
 .debug_aranges
                0x00000560       0x80 ./Drivers/STM32F1xx_HAL_Driver/Src/stm32f1xx_hal_dma.o
 .debug_aranges
                0x000005e0       0x58 ./Drivers/STM32F1xx_HAL_Driver/Src/stm32f1xx_hal_gpio.o
 .debug_aranges
                0x00000638      0x2a8 ./Drivers/STM32F1xx_HAL_Driver/Src/stm32f1xx_hal_i2c.o
 .debug_aranges
                0x000008e0       0x90 ./Drivers/STM32F1xx_HAL_Driver/Src/stm32f1xx_hal_rcc.o
 .debug_aranges
                0x00000970      0x1d0 ./Drivers/STM32F1xx_HAL_Driver/Src/stm32f1xx_hal_spi.o

.debug_rnglists
                0x00000000      0x893
 .debug_rnglists
                0x00000000       0x84 ./Core/Src/functions.o
 .debug_rnglists
                0x00000084       0x2c ./Core/Src/lis3dh.o
 .debug_rnglists
                0x000000b0       0x3a ./Core/Src/main.o
 .debug_rnglists
                0x000000ea       0x64 ./Core/Src/max7219.o
 .debug_rnglists
                0x0000014e       0x2c ./Core/Src/stm32f1xx_hal_msp.o
 .debug_rnglists
                0x0000017a       0x43 ./Core/Src/stm32f1xx_it.o
 .debug_rnglists
                0x000001bd       0x79 ./Core/Src/syscalls.o
 .debug_rnglists
                0x00000236       0x13 ./Core/Src/sysmem.o
 .debug_rnglists
                0x00000249       0x1a ./Core/Src/system_stm32f1xx.o
 .debug_rnglists
                0x00000263       0x19 ./Core/Startup/startup_stm32f103cbtx.o
 .debug_rnglists
                0x0000027c       0xa3 ./Drivers/STM32F1xx_HAL_Driver/Src/stm32f1xx_hal.o
 .debug_rnglists
                0x0000031f       0xbb ./Drivers/STM32F1xx_HAL_Driver/Src/stm32f1xx_hal_cortex.o
 .debug_rnglists
                0x000003da       0x64 ./Drivers/STM32F1xx_HAL_Driver/Src/stm32f1xx_hal_dma.o
 .debug_rnglists
                0x0000043e       0x3f ./Drivers/STM32F1xx_HAL_Driver/Src/stm32f1xx_hal_gpio.o
 .debug_rnglists
                0x0000047d      0x23c ./Drivers/STM32F1xx_HAL_Driver/Src/stm32f1xx_hal_i2c.o
 .debug_rnglists
                0x000006b9       0x6c ./Drivers/STM32F1xx_HAL_Driver/Src/stm32f1xx_hal_rcc.o
 .debug_rnglists
                0x00000725      0x16e ./Drivers/STM32F1xx_HAL_Driver/Src/stm32f1xx_hal_spi.o

.debug_macro    0x00000000    0x18795
 .debug_macro   0x00000000      0x292 ./Core/Src/functions.o
 .debug_macro   0x00000292      0xacc ./Core/Src/functions.o
 .debug_macro   0x00000d5e      0x21b ./Core/Src/functions.o
 .debug_macro   0x00000f79       0x2e ./Core/Src/functions.o
 .debug_macro   0x00000fa7       0x22 ./Core/Src/functions.o
 .debug_macro   0x00000fc9       0x22 ./Core/Src/functions.o
 .debug_macro   0x00000feb       0x8e ./Core/Src/functions.o
 .debug_macro   0x00001079       0x51 ./Core/Src/functions.o
 .debug_macro   0x000010ca      0x103 ./Core/Src/functions.o
 .debug_macro   0x000011cd       0x6a ./Core/Src/functions.o
 .debug_macro   0x00001237      0x1df ./Core/Src/functions.o
 .debug_macro   0x00001416       0x1c ./Core/Src/functions.o
 .debug_macro   0x00001432       0x22 ./Core/Src/functions.o
 .debug_macro   0x00001454       0xbd ./Core/Src/functions.o
 .debug_macro   0x00001511      0xd23 ./Core/Src/functions.o
 .debug_macro   0x00002234     0xe09e ./Core/Src/functions.o
 .debug_macro   0x000102d2       0x6d ./Core/Src/functions.o
 .debug_macro   0x0001033f     0x34a2 ./Core/Src/functions.o
 .debug_macro   0x000137e1      0x190 ./Core/Src/functions.o
 .debug_macro   0x00013971       0x5c ./Core/Src/functions.o
 .debug_macro   0x000139cd      0x5bc ./Core/Src/functions.o
 .debug_macro   0x00013f89      0x289 ./Core/Src/functions.o
 .debug_macro   0x00014212      0x1cb ./Core/Src/functions.o
 .debug_macro   0x000143dd      0x114 ./Core/Src/functions.o
 .debug_macro   0x000144f1      0x1b2 ./Core/Src/functions.o
 .debug_macro   0x000146a3       0x27 ./Core/Src/functions.o
 .debug_macro   0x000146ca      0x136 ./Core/Src/functions.o
 .debug_macro   0x00014800      0x1bc ./Core/Src/functions.o
 .debug_macro   0x000149bc       0x34 ./Core/Src/functions.o
 .debug_macro   0x000149f0       0x3c ./Core/Src/functions.o
 .debug_macro   0x00014a2c       0x57 ./Core/Src/functions.o
 .debug_macro   0x00014a83       0x87 ./Core/Src/functions.o
 .debug_macro   0x00014b0a      0x240 ./Core/Src/functions.o
 .debug_macro   0x00014d4a      0x287 ./Core/Src/functions.o
 .debug_macro   0x00014fd1      0x140 ./Core/Src/functions.o
 .debug_macro   0x00015111      0x217 ./Core/Src/functions.o
 .debug_macro   0x00015328       0x83 ./Core/Src/functions.o
 .debug_macro   0x000153ab       0x22 ./Core/Src/functions.o
 .debug_macro   0x000153cd       0x24 ./Core/Src/functions.o
 .debug_macro   0x000153f1       0x61 ./Core/Src/functions.o
 .debug_macro   0x00015452       0x43 ./Core/Src/functions.o
 .debug_macro   0x00015495       0x34 ./Core/Src/functions.o
 .debug_macro   0x000154c9       0x16 ./Core/Src/functions.o
 .debug_macro   0x000154df       0x3c ./Core/Src/functions.o
 .debug_macro   0x0001551b      0x370 ./Core/Src/functions.o
 .debug_macro   0x0001588b       0x16 ./Core/Src/functions.o
 .debug_macro   0x000158a1       0x4a ./Core/Src/functions.o
 .debug_macro   0x000158eb       0x34 ./Core/Src/functions.o
 .debug_macro   0x0001591f       0x10 ./Core/Src/functions.o
 .debug_macro   0x0001592f       0x58 ./Core/Src/functions.o
 .debug_macro   0x00015987       0x8e ./Core/Src/functions.o
 .debug_macro   0x00015a15       0x1c ./Core/Src/functions.o
 .debug_macro   0x00015a31      0x185 ./Core/Src/functions.o
 .debug_macro   0x00015bb6       0x16 ./Core/Src/functions.o
 .debug_macro   0x00015bcc       0x29 ./Core/Src/functions.o
 .debug_macro   0x00015bf5       0x3a ./Core/Src/functions.o
 .debug_macro   0x00015c2f       0x10 ./Core/Src/functions.o
 .debug_macro   0x00015c3f       0x46 ./Core/Src/functions.o
 .debug_macro   0x00015c85      0x1a8 ./Core/Src/lis3dh.o
 .debug_macro   0x00015e2d      0x28e ./Core/Src/main.o
 .debug_macro   0x000160bb      0x274 ./Core/Src/max7219.o
 .debug_macro   0x0001632f       0x10 ./Core/Src/max7219.o
 .debug_macro   0x0001633f       0x2e ./Core/Src/max7219.o
 .debug_macro   0x0001636d       0x10 ./Core/Src/max7219.o
 .debug_macro   0x0001637d       0x20 ./Core/Src/max7219.o
 .debug_macro   0x0001639d      0x28e ./Core/Src/stm32f1xx_hal_msp.o
 .debug_macro   0x0001662b      0x298 ./Core/Src/stm32f1xx_it.o
 .debug_macro   0x000168c3      0x274 ./Core/Src/syscalls.o
 .debug_macro   0x00016b37       0x5b ./Core/Src/syscalls.o
 .debug_macro   0x00016b92       0x94 ./Core/Src/syscalls.o
 .debug_macro   0x00016c26       0x57 ./Core/Src/syscalls.o
 .debug_macro   0x00016c7d       0x10 ./Core/Src/syscalls.o
 .debug_macro   0x00016c8d       0x10 ./Core/Src/syscalls.o
 .debug_macro   0x00016c9d       0x10 ./Core/Src/syscalls.o
 .debug_macro   0x00016cad       0x10 ./Core/Src/syscalls.o
 .debug_macro   0x00016cbd       0x1c ./Core/Src/syscalls.o
 .debug_macro   0x00016cd9       0x52 ./Core/Src/syscalls.o
 .debug_macro   0x00016d2b       0x22 ./Core/Src/syscalls.o
 .debug_macro   0x00016d4d       0x10 ./Core/Src/syscalls.o
 .debug_macro   0x00016d5d       0x52 ./Core/Src/syscalls.o
 .debug_macro   0x00016daf       0xcf ./Core/Src/syscalls.o
 .debug_macro   0x00016e7e       0x1c ./Core/Src/syscalls.o
 .debug_macro   0x00016e9a       0x3d ./Core/Src/syscalls.o
 .debug_macro   0x00016ed7       0x35 ./Core/Src/syscalls.o
 .debug_macro   0x00016f0c      0x12c ./Core/Src/syscalls.o
 .debug_macro   0x00017038       0x10 ./Core/Src/syscalls.o
 .debug_macro   0x00017048      0x242 ./Core/Src/syscalls.o
 .debug_macro   0x0001728a       0x1c ./Core/Src/syscalls.o
 .debug_macro   0x000172a6       0x10 ./Core/Src/syscalls.o
 .debug_macro   0x000172b6       0x10 ./Core/Src/syscalls.o
 .debug_macro   0x000172c6       0x16 ./Core/Src/syscalls.o
 .debug_macro   0x000172dc      0x146 ./Core/Src/syscalls.o
 .debug_macro   0x00017422      0x18a ./Core/Src/syscalls.o
 .debug_macro   0x000175ac       0x16 ./Core/Src/syscalls.o
 .debug_macro   0x000175c2       0xce ./Core/Src/syscalls.o
 .debug_macro   0x00017690      0x112 ./Core/Src/sysmem.o
 .debug_macro   0x000177a2      0x23c ./Core/Src/sysmem.o
 .debug_macro   0x000179de      0x198 ./Core/Src/system_stm32f1xx.o
 .debug_macro   0x00017b76      0x1bc ./Drivers/STM32F1xx_HAL_Driver/Src/stm32f1xx_hal.o
 .debug_macro   0x00017d32      0x198 ./Drivers/STM32F1xx_HAL_Driver/Src/stm32f1xx_hal_cortex.o
 .debug_macro   0x00017eca      0x198 ./Drivers/STM32F1xx_HAL_Driver/Src/stm32f1xx_hal_dma.o
 .debug_macro   0x00018062      0x203 ./Drivers/STM32F1xx_HAL_Driver/Src/stm32f1xx_hal_gpio.o
 .debug_macro   0x00018265      0x1e6 ./Drivers/STM32F1xx_HAL_Driver/Src/stm32f1xx_hal_i2c.o
 .debug_macro   0x0001844b      0x1aa ./Drivers/STM32F1xx_HAL_Driver/Src/stm32f1xx_hal_rcc.o
 .debug_macro   0x000185f5      0x1a0 ./Drivers/STM32F1xx_HAL_Driver/Src/stm32f1xx_hal_spi.o

.debug_line     0x00000000     0xe040
 .debug_line    0x00000000      0xd05 ./Core/Src/functions.o
 .debug_line    0x00000d05      0x79b ./Core/Src/lis3dh.o
 .debug_line    0x000014a0      0x9e3 ./Core/Src/main.o
 .debug_line    0x00001e83      0xac7 ./Core/Src/max7219.o
 .debug_line    0x0000294a      0x8ad ./Core/Src/stm32f1xx_hal_msp.o
 .debug_line    0x000031f7      0x8c8 ./Core/Src/stm32f1xx_it.o
 .debug_line    0x00003abf      0x868 ./Core/Src/syscalls.o
 .debug_line    0x00004327      0x544 ./Core/Src/sysmem.o
 .debug_line    0x0000486b      0x711 ./Core/Src/system_stm32f1xx.o
 .debug_line    0x00004f7c       0x78 ./Core/Startup/startup_stm32f103cbtx.o
 .debug_line    0x00004ff4      0x942 ./Drivers/STM32F1xx_HAL_Driver/Src/stm32f1xx_hal.o
 .debug_line    0x00005936      0xb0c ./Drivers/STM32F1xx_HAL_Driver/Src/stm32f1xx_hal_cortex.o
 .debug_line    0x00006442      0xd4c ./Drivers/STM32F1xx_HAL_Driver/Src/stm32f1xx_hal_dma.o
 .debug_line    0x0000718e      0x99f ./Drivers/STM32F1xx_HAL_Driver/Src/stm32f1xx_hal_gpio.o
 .debug_line    0x00007b2d     0x3b3f ./Drivers/STM32F1xx_HAL_Driver/Src/stm32f1xx_hal_i2c.o
 .debug_line    0x0000b66c      0xdfb ./Drivers/STM32F1xx_HAL_Driver/Src/stm32f1xx_hal_rcc.o
 .debug_line    0x0000c467     0x1bd9 ./Drivers/STM32F1xx_HAL_Driver/Src/stm32f1xx_hal_spi.o

.debug_str      0x00000000    0x86134
 .debug_str     0x00000000    0x86134 ./Core/Src/functions.o
                              0x814ff (size before relaxing)
 .debug_str     0x00086134    0x7e035 ./Core/Src/lis3dh.o
 .debug_str     0x00086134    0x81961 ./Core/Src/main.o
 .debug_str     0x00086134    0x812f3 ./Core/Src/max7219.o
 .debug_str     0x00086134    0x81945 ./Core/Src/stm32f1xx_hal_msp.o
 .debug_str     0x00086134    0x813ff ./Core/Src/stm32f1xx_it.o
 .debug_str     0x00086134     0x9990 ./Core/Src/syscalls.o
 .debug_str     0x00086134     0x772e ./Core/Src/sysmem.o
 .debug_str     0x00086134    0x7db43 ./Core/Src/system_stm32f1xx.o
 .debug_str     0x00086134       0x88 ./Core/Startup/startup_stm32f103cbtx.o
 .debug_str     0x00086134    0x7e276 ./Drivers/STM32F1xx_HAL_Driver/Src/stm32f1xx_hal.o
 .debug_str     0x00086134    0x7e1c2 ./Drivers/STM32F1xx_HAL_Driver/Src/stm32f1xx_hal_cortex.o
 .debug_str     0x00086134    0x7deec ./Drivers/STM32F1xx_HAL_Driver/Src/stm32f1xx_hal_dma.o
 .debug_str     0x00086134    0x7dec9 ./Drivers/STM32F1xx_HAL_Driver/Src/stm32f1xx_hal_gpio.o
 .debug_str     0x00086134    0x7ec0a ./Drivers/STM32F1xx_HAL_Driver/Src/stm32f1xx_hal_i2c.o
 .debug_str     0x00086134    0x7df72 ./Drivers/STM32F1xx_HAL_Driver/Src/stm32f1xx_hal_rcc.o
 .debug_str     0x00086134    0x7e469 ./Drivers/STM32F1xx_HAL_Driver/Src/stm32f1xx_hal_spi.o

.comment        0x00000000       0x43
 .comment       0x00000000       0x43 ./Core/Src/functions.o
                                 0x44 (size before relaxing)
 .comment       0x00000043       0x44 ./Core/Src/lis3dh.o
 .comment       0x00000043       0x44 ./Core/Src/main.o
 .comment       0x00000043       0x44 ./Core/Src/max7219.o
 .comment       0x00000043       0x44 ./Core/Src/stm32f1xx_hal_msp.o
 .comment       0x00000043       0x44 ./Core/Src/stm32f1xx_it.o
 .comment       0x00000043       0x44 ./Core/Src/syscalls.o
 .comment       0x00000043       0x44 ./Core/Src/sysmem.o
 .comment       0x00000043       0x44 ./Core/Src/system_stm32f1xx.o
 .comment       0x00000043       0x44 ./Drivers/STM32F1xx_HAL_Driver/Src/stm32f1xx_hal.o
 .comment       0x00000043       0x44 ./Drivers/STM32F1xx_HAL_Driver/Src/stm32f1xx_hal_cortex.o
 .comment       0x00000043       0x44 ./Drivers/STM32F1xx_HAL_Driver/Src/stm32f1xx_hal_dma.o
 .comment       0x00000043       0x44 ./Drivers/STM32F1xx_HAL_Driver/Src/stm32f1xx_hal_gpio.o
 .comment       0x00000043       0x44 ./Drivers/STM32F1xx_HAL_Driver/Src/stm32f1xx_hal_i2c.o
 .comment       0x00000043       0x44 ./Drivers/STM32F1xx_HAL_Driver/Src/stm32f1xx_hal_rcc.o
 .comment       0x00000043       0x44 ./Drivers/STM32F1xx_HAL_Driver/Src/stm32f1xx_hal_spi.o

.debug_frame    0x00000000     0x36e0
 .debug_frame   0x00000000      0x2cc ./Core/Src/functions.o
 .debug_frame   0x000002cc       0xc4 ./Core/Src/lis3dh.o
 .debug_frame   0x00000390       0xec ./Core/Src/main.o
 .debug_frame   0x0000047c      0x214 ./Core/Src/max7219.o
 .debug_frame   0x00000690       0xc8 ./Core/Src/stm32f1xx_hal_msp.o
 .debug_frame   0x00000758      0x108 ./Core/Src/stm32f1xx_it.o
 .debug_frame   0x00000860      0x2ac ./Core/Src/syscalls.o
 .debug_frame   0x00000b0c       0x34 ./Core/Src/sysmem.o
 .debug_frame   0x00000b40       0x58 ./Core/Src/system_stm32f1xx.o
 .debug_frame   0x00000b98      0x334 ./Drivers/STM32F1xx_HAL_Driver/Src/stm32f1xx_hal.o
 .debug_frame   0x00000ecc      0x428 ./Drivers/STM32F1xx_HAL_Driver/Src/stm32f1xx_hal_cortex.o
 .debug_frame   0x000012f4      0x208 ./Drivers/STM32F1xx_HAL_Driver/Src/stm32f1xx_hal_dma.o
 .debug_frame   0x000014fc      0x14c ./Drivers/STM32F1xx_HAL_Driver/Src/stm32f1xx_hal_gpio.o
 .debug_frame   0x00001648      0xc84 ./Drivers/STM32F1xx_HAL_Driver/Src/stm32f1xx_hal_i2c.o
 .debug_frame   0x000022cc      0x218 ./Drivers/STM32F1xx_HAL_Driver/Src/stm32f1xx_hal_rcc.o