../Core/Src/functions.c:189:16:diamond_valid	16	static
../Core/Src/functions.c:202:13:diamond_to_hw	24	static
../Core/Src/functions.c:210:13:diamond_set	40	static
../Core/Src/functions.c:217:16:diamond_get	24	static
../Core/Src/functions.c:225:16:cell_empty	16	static
../Core/Src/functions.c:232:13:move_grain	24	static
../Core/Src/functions.c:255:15:dy_direction	4	static
../Core/Src/functions.c:273:16:step_particle	40	static
../Core/Src/functions.c:323:9:hourglass_update	24	static
../Core/Src/functions.c:364:21:neck_exit	24	static
../Core/Src/functions.c:369:21:neck_entry	24	static
../Core/Src/functions.c:378:10:millis	8	static
../Core/Src/functions.c:380:17:drop_interval_ms	16	static
../Core/Src/functions.c:388:9:hourglass_top_matrix	4	static
../Core/Src/functions.c:393:16:hourglass_bottom_matrix	8	static
../Core/Src/functions.c:413:13:fill_diamond	24	static
../Core/Src/functions.c:439:9:hourglass_count	24	static
../Core/Src/functions.c:448:6:hourglass_flip	8	static
../Core/Src/functions.c:456:6:hourglass_reset	8	static
../Core/Src/functions.c:467:9:hourglass_drop	24	static
../Core/Src/functions.c:493:6:alarm_trigger	16	static
