../Core/Src/functions.c:22:21:getDownDirection	24	static
../Core/Src/functions.c:33:21:getLeftDirection	24	static
../Core/Src/functions.c:44:21:getRightDirection	24	static
../Core/Src/functions.c:57:16:coordValid	16	static
../Core/Src/functions.c:62:16:canGoDown	24	static
../Core/Src/functions.c:68:16:canGoLeft	24	static
../Core/Src/functions.c:74:16:canGoRight	24	static
../Core/Src/functions.c:81:16:canGoDownLeft	24	static
../Core/Src/functions.c:89:16:canGoDownRight	24	static
../Core/Src/functions.c:98:13:goDown	32	static
../Core/Src/functions.c:104:13:goDownLeft	32	static
../Core/Src/functions.c:111:13:goDownRight	32	static
../Core/Src/functions.c:123:9:moveParticle	24	static
../Core/Src/functions.c:150:9:updateMatrix	16	static
../Core/Src/functions.c:180:10:millis	8	static
../Core/Src/functions.c:184:6:getDelayDrop	4	static
../Core/Src/functions.c:193:9:getTopMatrix	4	static
../Core/Src/functions.c:197:9:getBottomMatrix	8	static
../Core/Src/functions.c:204:6:fill	32	static
../Core/Src/functions.c:228:9:countParticles	24	static
../Core/Src/functions.c:237:6:resetTime	8	static
../Core/Src/functions.c:266:18:getNeckTop	16	static
../Core/Src/functions.c:277:18:getNeckBottom	16	static
../Core/Src/functions.c:290:9:dropParticle	32	static
../Core/Src/functions.c:320:6:alarm	16	static
