../Core/Src/functions.c:18:14:getDown	24	static
../Core/Src/functions.c:19:14:getLeft	24	static
../Core/Src/functions.c:20:14:getRight	24	static
../Core/Src/functions.c:23:9:canGoLeft	32	static
../Core/Src/functions.c:28:9:canGoRight	32	static
../Core/Src/functions.c:33:9:canGoDown	32	static
../Core/Src/functions.c:41:6:goDown	40	static
../Core/Src/functions.c:46:6:goLeft	40	static
../Core/Src/functions.c:51:6:goRight	40	static
../Core/Src/functions.c:57:9:moveParticle	24	static
../Core/Src/functions.c:81:6:fill	40	static
../Core/Src/functions.c:93:9:countParticles	24	static
../Core/Src/functions.c:101:9:updateMatrix	16	static
../Core/Src/functions.c:116:10:millis	8	static
../Core/Src/functions.c:120:6:getDelayDrop	4	static
../Core/Src/functions.c:124:9:getTopMatrix	4	static
../Core/Src/functions.c:130:6:resetTime	8	static
../Core/Src/functions.c:138:9:dropParticle	16	static
../Core/Src/functions.c:161:6:alarm	16	static
