../Core/Src/main.c:17:13:led_blink	16	static
../Core/Src/main.c:25:13:beep_confirm	16	static
../Core/Src/main.c:36:16:check_reset_button	16	static
../Core/Src/main.c:57:16:check_shake	32	static
../Core/Src/main.c:79:5:main	32	static
../Core/Src/main.c:159:6:SystemClock_Config	72	static
../Core/Src/main.c:181:13:MX_GPIO_Init	40	static
../Core/Src/main.c:204:13:MX_SPI1_Init	8	static
../Core/Src/main.c:222:13:MX_I2C1_Init	8	static
../Core/Src/main.c:236:6:Error_Handler	8	static,ignoring_inline_asm
