../Core/Src/max7219.c:21:13:spi_send	24	static
../Core/Src/max7219.c:34:13:flush_row	16	static
../Core/Src/max7219.c:48:12:get_rotation	24	static
../Core/Src/max7219.c:58:13:rotate_coord	32	static
../Core/Src/max7219.c:84:13:apply_transform	24	static
../Core/Src/max7219.c:96:13:apply_inversion	24	static
../Core/Src/max7219.c:107:13:shadow_set	24	static
../Core/Src/max7219.c:117:16:shadow_get	24	static
../Core/Src/max7219.c:126:6:MAX7219_Init	32	static
../Core/Src/max7219.c:153:6:MAX7219_SetIntensity	16	static
../Core/Src/max7219.c:161:6:MAX7219_Shutdown	16	static
../Core/Src/max7219.c:168:6:MAX7219_ClearDisplay	24	static
../Core/Src/max7219.c:179:6:MAX7219_SetXY	24	static
../Core/Src/max7219.c:187:9:MAX7219_GetXY	16	static
../Core/Src/max7219.c:195:6:MAX7219_InvertXY	24	static
../Core/Src/max7219.c:203:6:MAX7219_SetRawXY	24	static
../Core/Src/max7219.c:211:9:MAX7219_GetRawXY	16	static
../Core/Src/max7219.c:219:6:MAX7219_InvertRawXY	24	static
../Core/Src/max7219.c:227:6:MAX7219_Test_BlinkAll	24	static
