../Core/Src/stm32f1xx_it.c:69:6:HardFault_Handler	4	static
../Core/Src/stm32f1xx_it.c:84:6:MemManage_Handler	4	static
../Core/Src/stm32f1xx_it.c:99:6:BusFault_Handler	4	static
../Core/Src/stm32f1xx_it.c:114:6:UsageFault_Handler	4	static
../Core/Src/stm32f1xx_it.c:129:6:SVC_Handler	4	static
../Core/Src/stm32f1xx_it.c:142:6:DebugMon_Handler	4	static
../Core/Src/stm32f1xx_it.c:155:6:PendSV_Handler	4	static
../Core/Src/stm32f1xx_it.c:168:6:SysTick_Handler	8	static
../Core/Src/stm32f1xx_it.c:188:6:I2C1_EV_IRQHandler	8	static
